<html>
<body>
<pre>
<h1>µVision Build Log</h1>
<h2>Tool Versions:</h2>
IDE-Version: ¦ÌVision V5.38.0.0
Copyright (C) 2022 ARM Ltd and ARM Germany GmbH. All rights reserved.
License Information:  ,  , LIC=----
 
Tool Versions:
Toolchain:       MDK-Lite  Version: 5.38.0.0
Toolchain Path:  D:\software\Keil\Core\ARM\ARMCLANG\Bin
C Compiler:      ArmClang.exe V6.19
Assembler:       Armasm.exe V6.19
Linker/Locator:  ArmLink.exe V6.19
Library Manager: ArmAr.exe V6.19
Hex Converter:   FromElf.exe V6.19
CPU DLL:         SARMCM3.DLL V5.38.0.0
Dialog DLL:      DCM.DLL V1.17.5.0
Target DLL:      STLink\ST-LINKIII-KEIL_SWO.dll V3.1.0.0
Dialog DLL:      TCM.DLL V1.56.4.0
 
<h2>Project:</h2>
D:\study\Keil Code\QRS\w12th\code\uCos_demo2\MDK-ARM\uCos_demo2.uvprojx
Project File Date:  11/25/2023

<h2>Output:</h2>
*** Using Compiler 'V6.19', folder: 'D:\software\Keil\Core\ARM\ARMCLANG\Bin'
Rebuild target 'uCos_demo2'
compiling gpio.c...
compiling stm32f1xx_hal_tim.c...
compiling stm32f1xx_it.c...
compiling stm32f1xx_hal_dma.c...
compiling stm32f1xx_hal_tim_ex.c...
compiling stm32f1xx_hal_msp.c...
compiling stm32f1xx_hal_gpio_ex.c...
compiling stm32f1xx_hal_rcc_ex.c...
compiling stm32f1xx_hal_gpio.c...
assembling startup_stm32f103xb.s...
compiling usart.c...
compiling stm32f1xx_hal.c...
compiling main.c...
compiling stm32f1xx_hal_rcc.c...
compiling stm32f1xx_hal_cortex.c...
compiling stm32f1xx_hal_pwr.c...
compiling stm32f1xx_hal_flash.c...
compiling system_stm32f1xx.c...
compiling stm32f1xx_hal_flash_ex.c...
compiling stm32f1xx_hal_exti.c...
compiling lib_math.c...
compiling lib_ascii.c...
compiling cpu_c.c...
compiling cpu_core.c...
ArmClang: warning: argument unused during compilation: '-D __UVISION_VERSION=538' [-Wunused-command-line-argument]
assembling cpu_a.asm...
ArmClang: warning: argument unused during compilation: '-D __UVISION_VERSION=538' [-Wunused-command-line-argument]
assembling lib_mem_a.asm...
compiling os_cfg_app.c...
compiling os_cpu_c.c...
compiling stm32f1xx_hal_uart.c...
assembling os_cpu_a.s...
compiling os_dbg.c...
compiling lib_mem.c...
compiling os_mem.c...
compiling os_msg.c...
compiling os_int.c...
compiling lib_str.c...
compiling os_pend_multi.c...
compiling os_mutex.c...
compiling os_flag.c...
compiling os_prio.c...
compiling os_q.c...
compiling os_sem.c...
compiling os_time.c...
compiling os_stat.c...
compiling os_tick.c...
compiling os_var.c...
compiling os_app_hooks.c...
compiling bsp.c...
compiling os_core.c...
compiling os_tmr.c...
compiling os_task.c...
linking...
Program Size: Code=22076 RO-data=448 RW-data=16 ZI-data=14704  
FromELF: creating hex file...
"uCos_demo2\uCos_demo2.axf" - 0 Error(s), 2 Warning(s).

<h2>Software Packages used:</h2>

Package Vendor: ARM
                http://www.keil.com/pack/ARM.CMSIS.5.9.0.pack
                ARM.CMSIS.5.9.0
                CMSIS (Common Microcontroller Software Interface Standard)
   * Component: CORE Version: 5.6.0

Package Vendor: Keil
                http://www.keil.com/pack/Keil.STM32F1xx_DFP.2.3.0.pack
                Keil.STM32F1xx_DFP.2.3.0
                STMicroelectronics STM32F1 Series Device Support, Drivers and Examples

<h2>Collection of Component include folders:</h2>
  ./RTE/_uCos_demo2
  D:/software/Keil/Packs/ARM/CMSIS/5.9.0/CMSIS/Core/Include
  D:/software/Keil/Packs/Keil/STM32F1xx_DFP/2.3.0/Device/Include

<h2>Collection of Component Files used:</h2>

   * Component: ARM::CMSIS:CORE:5.6.0
      Include file:  CMSIS/Core/Include/tz_context.h
Build Time Elapsed:  00:00:02
</pre>
</body>
</html>
