<html>
<body>
<pre>
<h1>µVision Build Log</h1>
<h2>Tool Versions:</h2>
IDE-Version: ¦ÌVision V5.38.0.0
Copyright (C) 2022 ARM Ltd and ARM Germany GmbH. All rights reserved.
License Information: lv Ç¬, lv, LIC=585FJ-U1KVG-LQD0Q-NIDY9-T25WQ-ESL0Y
 
Tool Versions:
Toolchain:       MDK-ARM Plus  Version: 5.38.0.0
Toolchain Path:  D:\software\Keil\Core\ARM\ARMCLANG\Bin
C Compiler:      ArmClang.exe V6.19
Assembler:       Armasm.exe V6.19
Linker/Locator:  ArmLink.exe V6.19
Library Manager: ArmAr.exe V6.19
Hex Converter:   FromElf.exe V6.19
CPU DLL:         SARMCM3.DLL V5.38.0.0
Dialog DLL:      DARMSTM.DLL V1.69.1.0
Target DLL:      UL2CM3.DLL V1.164.8.0
Dialog DLL:      TARMSTM.DLL V1.67.1.0
 
<h2>Project:</h2>
D:\study\Keil Code\QRS\2023-2024-1\Integrated_project\flyCar\MDK-ARM\flyCar.uvprojx
Project File Date:  04/14/2024

<h2>Output:</h2>
*** Using Compiler 'V6.19', folder: 'D:\software\Keil\Core\ARM\ARMCLANG\Bin'
Rebuild target 'flyCar'
compiling main.c...
compiling tim.c...
compiling stm32f1xx_it.c...
compiling stm32f1xx_hal_msp.c...
compiling gpio.c...
compiling stm32f1xx_hal_gpio_ex.c...
compiling stm32f1xx_hal.c...
compiling stm32f1xx_hal_rcc_ex.c...
assembling startup_stm32f103xb.s...
compiling stm32f1xx_hal_gpio.c...
compiling stm32f1xx_hal_cortex.c...
compiling stm32f1xx_hal_dma.c...
compiling stm32f1xx_hal_rcc.c...
compiling stm32f1xx_hal_pwr.c...
compiling stm32f1xx_hal_flash.c...
compiling system_stm32f1xx.c...
compiling stm32f1xx_hal_flash_ex.c...
compiling stm32f1xx_hal_tim_ex.c...
compiling stm32f1xx_hal_exti.c...
compiling stm32f1xx_hal_tim.c...
linking...
Program Size: Code=4422 RO-data=302 RW-data=12 ZI-data=1716  
FromELF: creating hex file...
"flyCar\flyCar.axf" - 0 Error(s), 0 Warning(s).

<h2>Software Packages used:</h2>

Package Vendor: ARM
                http://www.keil.com/pack/ARM.CMSIS.5.9.0.pack
                ARM.CMSIS.5.9.0
                CMSIS (Common Microcontroller Software Interface Standard)
   * Component: CORE Version: 5.6.0

Package Vendor: Keil
                http://www.keil.com/pack/Keil.STM32F1xx_DFP.2.3.0.pack
                Keil.STM32F1xx_DFP.2.3.0
                STMicroelectronics STM32F1 Series Device Support, Drivers and Examples

<h2>Collection of Component include folders:</h2>
  ./RTE/_flyCar
  D:/software/Keil/Packs/ARM/CMSIS/5.9.0/CMSIS/Core/Include
  D:/software/Keil/Packs/Keil/STM32F1xx_DFP/2.3.0/Device/Include

<h2>Collection of Component Files used:</h2>

   * Component: ARM::CMSIS:CORE:5.6.0
Build Time Elapsed:  00:00:01
</pre>
</body>
</html>
