Component: Arm Compiler for Embedded 6.21 Tool: armlink [5ec1fa00]

==============================================================================

Section Cross References

    startup_stm32f103xb.o(STACK) refers (Special) to heapauxi.o(.text) for __use_two_region_memory
    startup_stm32f103xb.o(HEAP) refers (Special) to heapauxi.o(.text) for __use_two_region_memory
    startup_stm32f103xb.o(RESET) refers (Special) to heapauxi.o(.text) for __use_two_region_memory
    startup_stm32f103xb.o(RESET) refers to startup_stm32f103xb.o(STACK) for __initial_sp
    startup_stm32f103xb.o(RESET) refers to startup_stm32f103xb.o(.text) for Reset_Handler
    startup_stm32f103xb.o(RESET) refers to stm32f1xx_it.o(.text.NMI_Handler) for NMI_Handler
    startup_stm32f103xb.o(RESET) refers to context_rvds.o(.text) for HardFault_Handler
    startup_stm32f103xb.o(RESET) refers to stm32f1xx_it.o(.text.MemManage_Handler) for MemManage_Handler
    startup_stm32f103xb.o(RESET) refers to stm32f1xx_it.o(.text.BusFault_Handler) for BusFault_Handler
    startup_stm32f103xb.o(RESET) refers to stm32f1xx_it.o(.text.UsageFault_Handler) for UsageFault_Handler
    startup_stm32f103xb.o(RESET) refers to stm32f1xx_it.o(.text.DebugMon_Handler) for DebugMon_Handler
    startup_stm32f103xb.o(RESET) refers to board.o(.text.SysTick_Handler) for SysTick_Handler
    startup_stm32f103xb.o(.text) refers (Special) to heapauxi.o(.text) for __use_two_region_memory
    startup_stm32f103xb.o(.text) refers to system_stm32f1xx.o(.text.SystemInit) for SystemInit
    startup_stm32f103xb.o(.text) refers to __main.o(!!!main) for __main
    startup_stm32f103xb.o(.text) refers to startup_stm32f103xb.o(HEAP) for Heap_Mem
    startup_stm32f103xb.o(.text) refers to startup_stm32f103xb.o(STACK) for Stack_Mem
    main.o(.text.main) refers to stm32f1xx_hal.o(.text.HAL_Init) for HAL_Init
    main.o(.text.main) refers to rt_memclr_w.o(.text) for __aeabi_memclr4
    main.o(.text.main) refers to stm32f1xx_hal_rcc.o(.text.HAL_RCC_OscConfig) for HAL_RCC_OscConfig
    main.o(.text.main) refers to stm32f1xx_hal_rcc.o(.text.HAL_RCC_ClockConfig) for HAL_RCC_ClockConfig
    main.o(.text.main) refers to gpio.o(.text.MX_GPIO_Init) for MX_GPIO_Init
    main.o(.text.main) refers to usart.o(.text.MX_USART1_UART_Init) for MX_USART1_UART_Init
    main.o(.text.main) refers to thread.o(.text.rt_thread_mdelay) for rt_thread_mdelay
    main.o(.ARM.exidx.text.main) refers to main.o(.text.main) for [Anonymous Symbol]
    main.o(.text.SystemClock_Config) refers to rt_memclr_w.o(.text) for __aeabi_memclr4
    main.o(.text.SystemClock_Config) refers to stm32f1xx_hal_rcc.o(.text.HAL_RCC_OscConfig) for HAL_RCC_OscConfig
    main.o(.text.SystemClock_Config) refers to stm32f1xx_hal_rcc.o(.text.HAL_RCC_ClockConfig) for HAL_RCC_ClockConfig
    main.o(.ARM.exidx.text.SystemClock_Config) refers to main.o(.text.SystemClock_Config) for [Anonymous Symbol]
    main.o(.ARM.exidx.text.Error_Handler) refers to main.o(.text.Error_Handler) for [Anonymous Symbol]
    gpio.o(.ARM.exidx.text.MX_GPIO_Init) refers to gpio.o(.text.MX_GPIO_Init) for [Anonymous Symbol]
    usart.o(.text.MX_USART1_UART_Init) refers to usart.o(.bss.huart1) for huart1
    usart.o(.text.MX_USART1_UART_Init) refers to stm32f1xx_hal_uart.o(.text.HAL_UART_Init) for HAL_UART_Init
    usart.o(.text.MX_USART1_UART_Init) refers to main.o(.text.Error_Handler) for Error_Handler
    usart.o(.ARM.exidx.text.MX_USART1_UART_Init) refers to usart.o(.text.MX_USART1_UART_Init) for [Anonymous Symbol]
    usart.o(.text.HAL_UART_MspInit) refers to stm32f1xx_hal_gpio.o(.text.HAL_GPIO_Init) for HAL_GPIO_Init
    usart.o(.ARM.exidx.text.HAL_UART_MspInit) refers to usart.o(.text.HAL_UART_MspInit) for [Anonymous Symbol]
    usart.o(.text.HAL_UART_MspDeInit) refers to stm32f1xx_hal_gpio.o(.text.HAL_GPIO_DeInit) for HAL_GPIO_DeInit
    usart.o(.ARM.exidx.text.HAL_UART_MspDeInit) refers to usart.o(.text.HAL_UART_MspDeInit) for [Anonymous Symbol]
    stm32f1xx_it.o(.ARM.exidx.text.NMI_Handler) refers to stm32f1xx_it.o(.text.NMI_Handler) for [Anonymous Symbol]
    stm32f1xx_it.o(.ARM.exidx.text.MemManage_Handler) refers to stm32f1xx_it.o(.text.MemManage_Handler) for [Anonymous Symbol]
    stm32f1xx_it.o(.ARM.exidx.text.BusFault_Handler) refers to stm32f1xx_it.o(.text.BusFault_Handler) for [Anonymous Symbol]
    stm32f1xx_it.o(.ARM.exidx.text.UsageFault_Handler) refers to stm32f1xx_it.o(.text.UsageFault_Handler) for [Anonymous Symbol]
    stm32f1xx_it.o(.ARM.exidx.text.DebugMon_Handler) refers to stm32f1xx_it.o(.text.DebugMon_Handler) for [Anonymous Symbol]
    stm32f1xx_hal_msp.o(.ARM.exidx.text.HAL_MspInit) refers to stm32f1xx_hal_msp.o(.text.HAL_MspInit) for [Anonymous Symbol]
    stm32f1xx_hal_gpio_ex.o(.ARM.exidx.text.HAL_GPIOEx_ConfigEventout) refers to stm32f1xx_hal_gpio_ex.o(.text.HAL_GPIOEx_ConfigEventout) for [Anonymous Symbol]
[...]
    .ARM.Collect$$libinit$$00000023          0x0800018e   Section        0  libinit2.o(.ARM.Collect$$libinit$$00000023)
    .ARM.Collect$$libinit$$00000025          0x0800018e   Section        0  libinit2.o(.ARM.Collect$$libinit$$00000025)
    .ARM.Collect$$libinit$$00000027          0x0800018e   Section        0  libinit2.o(.ARM.Collect$$libinit$$00000027)
    .ARM.Collect$$libinit$$0000002E          0x0800018e   Section        0  libinit2.o(.ARM.Collect$$libinit$$0000002E)
    .ARM.Collect$$libinit$$00000030          0x0800018e   Section        0  libinit2.o(.ARM.Collect$$libinit$$00000030)
    .ARM.Collect$$libinit$$00000032          0x0800018e   Section        0  libinit2.o(.ARM.Collect$$libinit$$00000032)
    .ARM.Collect$$libinit$$00000034          0x0800018e   Section        0  libinit2.o(.ARM.Collect$$libinit$$00000034)
    .ARM.Collect$$libinit$$00000035          0x0800018e   Section        2  libinit2.o(.ARM.Collect$$libinit$$00000035)
    .ARM.Collect$$libshutdown$$00000000      0x08000190   Section        2  libshutdown.o(.ARM.Collect$$libshutdown$$00000000)
    .ARM.Collect$$libshutdown$$00000002      0x08000192   Section        0  libshutdown2.o(.ARM.Collect$$libshutdown$$00000002)
    .ARM.Collect$$libshutdown$$00000004      0x08000192   Section        0  libshutdown2.o(.ARM.Collect$$libshutdown$$00000004)
    .ARM.Collect$$libshutdown$$00000007      0x08000192   Section        0  libshutdown2.o(.ARM.Collect$$libshutdown$$00000007)
    .ARM.Collect$$libshutdown$$0000000A      0x08000192   Section        0  libshutdown2.o(.ARM.Collect$$libshutdown$$0000000A)
    .ARM.Collect$$libshutdown$$0000000C      0x08000192   Section        0  libshutdown2.o(.ARM.Collect$$libshutdown$$0000000C)
    .ARM.Collect$$libshutdown$$0000000F      0x08000192   Section        0  libshutdown2.o(.ARM.Collect$$libshutdown$$0000000F)
    .ARM.Collect$$libshutdown$$00000010      0x08000192   Section        2  libshutdown2.o(.ARM.Collect$$libshutdown$$00000010)
    .ARM.Collect$$rtentry$$00000000          0x08000194   Section        0  __rtentry.o(.ARM.Collect$$rtentry$$00000000)
    .ARM.Collect$$rtentry$$00000002          0x08000194   Section        0  __rtentry2.o(.ARM.Collect$$rtentry$$00000002)
    .ARM.Collect$$rtentry$$00000004          0x08000194   Section        6  __rtentry4.o(.ARM.Collect$$rtentry$$00000004)
    .ARM.Collect$$rtentry$$00000009          0x0800019a   Section        0  __rtentry2.o(.ARM.Collect$$rtentry$$00000009)
    .ARM.Collect$$rtentry$$0000000A          0x0800019a   Section        4  __rtentry2.o(.ARM.Collect$$rtentry$$0000000A)
    .ARM.Collect$$rtentry$$0000000C          0x0800019e   Section        0  __rtentry2.o(.ARM.Collect$$rtentry$$0000000C)
    .ARM.Collect$$rtentry$$0000000D          0x0800019e   Section        8  __rtentry2.o(.ARM.Collect$$rtentry$$0000000D)
    .ARM.Collect$$rtexit$$00000000           0x080001a6   Section        2  rtexit.o(.ARM.Collect$$rtexit$$00000000)
    .ARM.Collect$$rtexit$$00000002           0x080001a8   Section        0  rtexit2.o(.ARM.Collect$$rtexit$$00000002)
    .ARM.Collect$$rtexit$$00000003           0x080001a8   Section        4  rtexit2.o(.ARM.Collect$$rtexit$$00000003)
    .ARM.Collect$$rtexit$$00000004           0x080001ac   Section        6  rtexit2.o(.ARM.Collect$$rtexit$$00000004)
    .text                                    0x080001b4   Section       64  startup_stm32f103xb.o(.text)
    .text                                    0x080001f4   Section      244  context_rvds.o(.text)
    .text                                    0x080002e8   Section        0  strlen.o(.text)
    .text                                    0x08000326   Section        0  strncmp.o(.text)
    .text                                    0x080003bc   Section       16  aeabi_memset.o(.text)
    .text                                    0x080003cc   Section       68  rt_memclr.o(.text)
    .text                                    0x08000410   Section       78  rt_memclr_w.o(.text)
    .text                                    0x0800045e   Section        0  heapauxi.o(.text)
    .text                                    0x08000464   Section       74  sys_stackheap_outer.o(.text)
    .text                                    0x080004ae   Section        0  exit.o(.text)
    .text                                    0x080004c0   Section        8  libspace.o(.text)
    .text                                    0x080004c8   Section        0  sys_exit.o(.text)
    .text                                    0x080004d4   Section        2  use_no_semi.o(.text)
    .text                                    0x080004d6   Section        0  indicate_semi.o(.text)
    [Anonymous Symbol]                       0x080004d8   Section        0  components.o(.text.$Sub$$main)
    [Anonymous Symbol]                       0x08000544   Section        0  stm32f1xx_it.o(.text.BusFault_Handler)
    [Anonymous Symbol]                       0x08000548   Section        0  stm32f1xx_it.o(.text.DebugMon_Handler)
    [Anonymous Symbol]                       0x0800054c   Section        0  main.o(.text.Error_Handler)
    [Anonymous Symbol]                       0x08000558   Section        0  stm32f1xx_hal_gpio.o(.text.HAL_GPIO_Init)
    [Anonymous Symbol]                       0x08000768   Section        0  stm32f1xx_hal.o(.text.HAL_GetTick)
    [Anonymous Symbol]                       0x08000774   Section        0  stm32f1xx_hal.o(.text.HAL_Init)
    [Anonymous Symbol]                       0x0800079c   Section        0  stm32f1xx_hal.o(.text.HAL_InitTick)
    [Anonymous Symbol]                       0x080007e4   Section        0  stm32f1xx_hal_msp.o(.text.HAL_MspInit)
    [Anonymous Symbol]                       0x08000828   Section        0  stm32f1xx_hal_cortex.o(.text.HAL_NVIC_SetPriority)
    [Anonymous Symbol]                       0x08000880   Section        0  stm32f1xx_hal_cortex.o(.text.HAL_NVIC_SetPriorityGrouping)
    [Anonymous Symbol]                       0x080008a0   Section        0  stm32f1xx_hal_rcc.o(.text.HAL_RCC_ClockConfig)
    [Anonymous Symbol]                       0x08000a64   Section        0  stm32f1xx_hal_rcc.o(.text.HAL_RCC_GetHCLKFreq)
    [Anonymous Symbol]                       0x08000a70   Section        0  stm32f1xx_hal_rcc.o(.text.HAL_RCC_GetPCLK1Freq)
    [Anonymous Symbol]                       0x08000a98   Section        0  stm32f1xx_hal_rcc.o(.text.HAL_RCC_GetPCLK2Freq)
    [Anonymous Symbol]                       0x08000ac0   Section        0  stm32f1xx_hal_rcc.o(.text.HAL_RCC_OscConfig)
    [Anonymous Symbol]                       0x08000ec0   Section        0  stm32f1xx_hal_cortex.o(.text.HAL_SYSTICK_Config)
    [Anonymous Symbol]                       0x08000eec   Section        0  stm32f1xx_hal_uart.o(.text.HAL_UART_Init)
    [Anonymous Symbol]                       0x08000fd0   Section        0  usart.o(.text.HAL_UART_MspInit)
    [Anonymous Symbol]                       0x0800104c   Section        0  stm32f1xx_hal_uart.o(.text.HAL_UART_Transmit)
    [Anonymous Symbol]                       0x080012c4   Section        0  gpio.o(.text.MX_GPIO_Init)
    [Anonymous Symbol]                       0x080012e4   Section        0  usart.o(.text.MX_USART1_UART_Init)
    [Anonymous Symbol]                       0x08001320   Section        0  stm32f1xx_it.o(.text.MemManage_Handler)
    [Anonymous Symbol]                       0x08001324   Section        0  stm32f1xx_it.o(.text.NMI_Handler)
    [Anonymous Symbol]                       0x08001328   Section        0  board.o(.text.SysTick_Handler)
    [Anonymous Symbol]                       0x0800133c   Section        0  main.o(.text.SystemClock_Config)
    [Anonymous Symbol]                       0x08001390   Section        0  system_stm32f1xx.o(.text.SystemCoreClockUpdate)
    [Anonymous Symbol]                       0x080013ec   Section        0  system_stm32f1xx.o(.text.SystemInit)
    [Anonymous Symbol]                       0x080013f0   Section        0  stm32f1xx_it.o(.text.UsageFault_Handler)
    [Anonymous Symbol]                       0x080013f4   Section        0  kservice.o(.text.__rt_ffs)
    [Anonymous Symbol]                       0x0800142c   Section        0  msh.o(.text.cmd_ps)
    [Anonymous Symbol]                       0x08001438   Section        0  shell.o(.text.finsh_system_init)
    [Anonymous Symbol]                       0x080014dc   Section        0  shell.o(.text.finsh_thread_entry)
    [Anonymous Symbol]                       0x08001948   Section        0  cmd.o(.text.hello)
    [Anonymous Symbol]                       0x08001968   Section        0  cmd.o(.text.list)
    [Anonymous Symbol]                       0x080019f0   Section        0  cmd.o(.text.list_sem)
    [Anonymous Symbol]                       0x08001c5c   Section        0  cmd.o(.text.list_thread)
    [Anonymous Symbol]                       0x08001ec8   Section        0  cmd.o(.text.list_timer)
    [Anonymous Symbol]                       0x08002440   Section        0  main.o(.text.main)
    [Anonymous Symbol]                       0x080024a8   Section        0  components.o(.text.main_thread_entry)
    [Anonymous Symbol]                       0x080024dc   Section        0  msh.o(.text.msh_auto_complete)
    [Anonymous Symbol]                       0x08002660   Section        0  msh.o(.text.msh_exec)
    [Anonymous Symbol]                       0x08002a64   Section        0  msh.o(.text.msh_help)
    [Anonymous Symbol]                       0x08002ae0   Section        0  msh.o(.text.msh_is_used)
    print_number                             0x08002ae5   Thumb Code  1284  kservice.o(.text.print_number)
    [Anonymous Symbol]                       0x08002ae4   Section        0  kservice.o(.text.print_number)
    print_number.small_digits                0x08002fe8   Number         0  kservice.o(.text.print_number)
    print_number.large_digits                0x08002ffc   Number         0  kservice.o(.text.print_number)
    [Anonymous Symbol]                       0x08003010   Section        0  components.o(.text.rt_components_board_init)
    [Anonymous Symbol]                       0x0800303c   Section        0  scheduler.o(.text.rt_enter_critical)
    [Anonymous Symbol]                       0x08003058   Section        0  scheduler.o(.text.rt_exit_critical)
    [Anonymous Symbol]                       0x080030f0   Section        0  board.o(.text.rt_hw_board_init)
    [Anonymous Symbol]                       0x0800311c   Section        0  board.o(.text.rt_hw_console_getchar)
    [Anonymous Symbol]                       0x08003148   Section        0  board.o(.text.rt_hw_console_output)
    [Anonymous Symbol]                       0x080031a8   Section        0  cpuport.o(.text.rt_hw_hard_fault_exception)
    [Anonymous Symbol]                       0x080035d4   Section        0  cpuport.o(.text.rt_hw_stack_init)
    [Anonymous Symbol]                       0x08003610   Section        0  irq.o(.text.rt_interrupt_enter)
    [Anonymous Symbol]                       0x0800362c   Section        0  irq.o(.text.rt_interrupt_leave)
    [Anonymous Symbol]                       0x08003648   Section        0  kservice.o(.text.rt_kprintf)
    [Anonymous Symbol]                       0x0800367c   Section        0  kservice.o(.text.rt_memmove)
    [Anonymous Symbol]                       0x08003774   Section        0  kservice.o(.text.rt_memset)
    [Anonymous Symbol]                       0x0800386c   Section        0  object.o(.text.rt_object_detach)
    [Anonymous Symbol]                       0x08003890   Section        0  object.o(.text.rt_object_get_information)
    [Anonymous Symbol]                       0x080038bc   Section        0  object.o(.text.rt_object_init)
    [Anonymous Symbol]                       0x0800393c   Section        0  object.o(.text.rt_object_is_systemobject)
    [Anonymous Symbol]                       0x08003944   Section        0  scheduler.o(.text.rt_schedule)
    [Anonymous Symbol]                       0x080039b8   Section        0  scheduler.o(.text.rt_schedule_insert_thread)
    [Anonymous Symbol]                       0x08003a0c   Section        0  scheduler.o(.text.rt_schedule_remove_thread)
    [Anonymous Symbol]                       0x08003a64   Section        0  ipc.o(.text.rt_sem_init)
    [Anonymous Symbol]                       0x08003a84   Section        0  kservice.o(.text.rt_show_version)
    [Anonymous Symbol]                       0x08003b3c   Section        0  kservice.o(.text.rt_strlen)
    [Anonymous Symbol]                       0x08003b6c   Section        0  kservice.o(.text.rt_strncpy)
    [Anonymous Symbol]                       0x08003bf4   Section        0  scheduler.o(.text.rt_system_scheduler_init)
    [Anonymous Symbol]                       0x08003d20   Section        0  scheduler.o(.text.rt_system_scheduler_start)
    [Anonymous Symbol]                       0x08003d50   Section        0  timer.o(.text.rt_system_timer_init)
    [Anonymous Symbol]                       0x08003d60   Section        0  timer.o(.text.rt_system_timer_thread_init)
    [Anonymous Symbol]                       0x08003d64   Section        0  thread.o(.text.rt_thread_exit)
    rt_thread_idle_entry                     0x08003de1   Thumb Code     2  idle.o(.text.rt_thread_idle_entry)
    [Anonymous Symbol]                       0x08003de0   Section        0  idle.o(.text.rt_thread_idle_entry)
    [Anonymous Symbol]                       0x08003de4   Section        0  idle.o(.text.rt_thread_idle_init)
    [Anonymous Symbol]                       0x08003e30   Section        0  thread.o(.text.rt_thread_init)
    [Anonymous Symbol]                       0x08003ec0   Section        0  thread.o(.text.rt_thread_mdelay)
    [Anonymous Symbol]                       0x08003ed0   Section        0  thread.o(.text.rt_thread_self)
    [Anonymous Symbol]                       0x08003edc   Section        0  thread.o(.text.rt_thread_sleep)
    [Anonymous Symbol]                       0x08003f54   Section        0  thread.o(.text.rt_thread_startup)
    [Anonymous Symbol]                       0x08003fb0   Section        0  thread.o(.text.rt_thread_timeout)
    [Anonymous Symbol]                       0x08003fd8   Section        0  thread.o(.text.rt_thread_yield)
    [Anonymous Symbol]                       0x0800403c   Section        0  clock.o(.text.rt_tick_from_millisecond)
    [Anonymous Symbol]                       0x08004044   Section        0  clock.o(.text.rt_tick_get)
    [Anonymous Symbol]                       0x08004050   Section        0  clock.o(.text.rt_tick_increase)
    [Anonymous Symbol]                       0x08004084   Section        0  timer.o(.text.rt_timer_check)
    [Anonymous Symbol]                       0x0800420c   Section        0  timer.o(.text.rt_timer_control)
    [Anonymous Symbol]                       0x08004274   Section        0  timer.o(.text.rt_timer_detach)
    [Anonymous Symbol]                       0x080042a4   Section        0  timer.o(.text.rt_timer_init)
    [Anonymous Symbol]                       0x080042d8   Section        0  timer.o(.text.rt_timer_start)
    [Anonymous Symbol]                       0x080043a4   Section        0  timer.o(.text.rt_timer_stop)
    [Anonymous Symbol]                       0x080043dc   Section        0  kservice.o(.text.rt_vsnprintf)
    rti_board_end                            0x08004bc9   Thumb Code     4  components.o(.text.rti_board_end)
    [Anonymous Symbol]                       0x08004bc8   Section        0  components.o(.text.rti_board_end)
    rti_board_start                          0x08004bcd   Thumb Code     4  components.o(.text.rti_board_start)
    [Anonymous Symbol]                       0x08004bcc   Section        0  components.o(.text.rti_board_start)
    rti_end                                  0x08004bd1   Thumb Code     4  components.o(.text.rti_end)
    [Anonymous Symbol]                       0x08004bd0   Section        0  components.o(.text.rti_end)
    rti_start                                0x08004bd5   Thumb Code     4  components.o(.text.rti_start)
    [Anonymous Symbol]                       0x08004bd4   Section        0  components.o(.text.rti_start)
    uart_init                                0x08004bd9   Thumb Code    56  board.o(.text.uart_init)
    [Anonymous Symbol]                       0x08004bd8   Section        0  board.o(.text.uart_init)
    [Anonymous Symbol]                       0x08004c10   Section        0  cmd.o(.text.version)
    HAL_RCC_GetSysClockFreq.aPredivFactorTable 0x08004c32   Data           2  stm32f1xx_hal_rcc.o(.rodata.HAL_RCC_GetSysClockFreq.aPredivFactorTable)
    [Anonymous Symbol]                       0x08004c32   Section        0  stm32f1xx_hal_rcc.o(.rodata.HAL_RCC_GetSysClockFreq.aPredivFactorTable)
    HAL_RCC_GetSysClockFreq.aPLLMULFactorTable 0x08004d34   Data          16  stm32f1xx_hal_rcc.o(.rodata.cst16)
    [Anonymous Symbol]                       0x08004d34   Section        0  stm32f1xx_hal_rcc.o(.rodata.cst16)
    .L.str                                   0x08004ee1   Data           5  components.o(.rodata.str1.1)
    [Anonymous Symbol]                       0x08004ee1   Section        0  components.o(.rodata.str1.1)
    .L.str.17                                0x08004ee6   Data          26  cpuport.o(.rodata.str1.1)
    [Anonymous Symbol]                       0x08004ee6   Section        0  cpuport.o(.rodata.str1.1)
    .L.str.16                                0x08004f00   Data          29  cpuport.o(.rodata.str1.1)
    .L.str.30                                0x08004f1d   Data          19  cpuport.o(.rodata.str1.1)
    .L.str.37                                0x08004f30   Data          14  cpuport.o(.rodata.str1.1)
    .L.str.21                                0x08004f3e   Data          12  cpuport.o(.rodata.str1.1)
    .L.str.28                                0x08004f4a   Data          16  cpuport.o(.rodata.str1.1)
    .L.str.36                                0x08004f5a   Data          16  cpuport.o(.rodata.str1.1)
    .L.str.19                                0x08004f6a   Data          21  cpuport.o(.rodata.str1.1)
    .L.str.20                                0x08004f7f   Data          13  cpuport.o(.rodata.str1.1)
    .L.str.1                                 0x08004f8c   Data          13  cpuport.o(.rodata.str1.1)
    .L.str.2                                 0x08004f99   Data          13  cpuport.o(.rodata.str1.1)
    .L.str.3                                 0x08004fa6   Data          13  cpuport.o(.rodata.str1.1)
    .L.str.4                                 0x08004fb3   Data          13  cpuport.o(.rodata.str1.1)
    .L.str.5                                 0x08004fc0   Data          13  cpuport.o(.rodata.str1.1)
    .L.str                                   0x08004fcd   Data          13  cpuport.o(.rodata.str1.1)
    .L.str.29                                0x08004fd8   Data           2  cpuport.o(.rodata.str1.1)
    .L.str.3                                 0x08004fd8   Data           2  cpuport.o(.rodata.str1.1)
    .L.str.7                                 0x08004fd8   Data           2  cpuport.o(.rodata.str1.1)
    .L.str.41                                0x08004fda   Data           7  cpuport.o(.rodata.str1.1)
    .L.str.43                                0x08004fe1   Data          11  cpuport.o(.rodata.str1.1)
    .L.str.40                                0x08004fec   Data          10  cpuport.o(.rodata.str1.1)
    .L.str.33                                0x08004ff6   Data          10  cpuport.o(.rodata.str1.1)
    .L.str.32                                0x08005000   Data          10  cpuport.o(.rodata.str1.1)
    .L.str.44                                0x0800500a   Data          11  cpuport.o(.rodata.str1.1)
    .L.str.42                                0x08005015   Data           6  cpuport.o(.rodata.str1.1)
    .L.str.35                                0x0800501b   Data           9  cpuport.o(.rodata.str1.1)
    .L.str.34                                0x08005024   Data          11  cpuport.o(.rodata.str1.1)
    .L.str.26                                0x08005025   Data          10  cpuport.o(.rodata.str1.1)
    .L.str.25                                0x0800502f   Data          13  cpuport.o(.rodata.str1.1)
    .L.str.24                                0x08005031   Data          11  cpuport.o(.rodata.str1.1)
    .L.str.23                                0x0800503c   Data           9  cpuport.o(.rodata.str1.1)
    .L.str.39                                0x08005045   Data          12  cpuport.o(.rodata.str1.1)
    .L.str.22                                0x08005051   Data          22  cpuport.o(.rodata.str1.1)
    .L.str.31                                0x08005067   Data          22  cpuport.o(.rodata.str1.1)
    .L.str.38                                0x0800507d   Data          22  cpuport.o(.rodata.str1.1)
    .L.str.22                                0x08005093   Data          13  cmd.o(.rodata.str1.1)
    [Anonymous Symbol]                       0x08005093   Section        0  cmd.o(.rodata.str1.1)
    .L.str.21                                0x08005095   Data          11  cmd.o(.rodata.str1.1)
    .L.str.2                                 0x080050a0   Data          68  cmd.o(.rodata.str1.1)
    .L.str.20                                0x080050ff   Data          22  cmd.o(.rodata.str1.1)
    .L.str.27                                0x08005115   Data           2  cmd.o(.rodata.str1.1)
    .L.str                                   0x08005129   Data          27  msh.o(.rodata.str1.1)
    [Anonymous Symbol]                       0x08005129   Section        0  msh.o(.rodata.str1.1)
    .L.str.2                                 0x08005144   Data          12  msh.o(.rodata.str1.1)
    .L.str.1                                 0x08005150   Data           7  msh.o(.rodata.str1.1)
    .L.str.3                                 0x08005157   Data           2  shell.o(.rodata.str1.1)
    [Anonymous Symbol]                       0x08005157   Section        0  shell.o(.rodata.str1.1)
    .L.str.4                                 0x08005165   Data           3  shell.o(.rodata.str1.1)
    __tagsym$$used.0                         0x08005168   Number         0  components.o(.rti_fn.0)
    __tagsym$$used.1                         0x0800516c   Number         0  components.o(.rti_fn.0.end)
    __tagsym$$used.0                         0x08005170   Number         0  board.o(.rti_fn.1)
    __tagsym$$used.2                         0x08005174   Number         0  components.o(.rti_fn.1.end)
    __tagsym$$used.0                         0x08005178   Number         0  shell.o(.rti_fn.6)
    __tagsym$$used.3                         0x0800517c   Number         0  components.o(.rti_fn.6.end)
    __tagsym$$used.0                         0x08005180   Number         0  cmd.o(FSymTab)
    __tagsym$$used.1                         0x0800518c   Number         0  cmd.o(FSymTab)
    __tagsym$$used.2                         0x08005198   Number         0  cmd.o(FSymTab)
    __tagsym$$used.3                         0x080051a4   Number         0  cmd.o(FSymTab)
    __tagsym$$used.4                         0x080051b0   Number         0  cmd.o(FSymTab)
    __tagsym$$used.5                         0x080051bc   Number         0  cmd.o(FSymTab)
    __tagsym$$used.6                         0x080051c8   Number         0  cmd.o(FSymTab)
    __tagsym$$used.7                         0x080051d4   Number         0  cmd.o(FSymTab)
    __tagsym$$used.8                         0x080051e0   Number         0  cmd.o(FSymTab)
    __tagsym$$used.9                         0x080051ec   Number         0  cmd.o(FSymTab)
    __tagsym$$used.0                         0x080051f8   Number         0  msh.o(FSymTab)
    __tagsym$$used.1                         0x08005204   Number         0  msh.o(FSymTab)
    .L_MergedGlobals                         0x20000000   Data           8  stm32f1xx_hal.o(.data..L_MergedGlobals)
    [Anonymous Symbol]                       0x20000000   Section        0  stm32f1xx_hal.o(.data..L_MergedGlobals)
    rt_object_container                      0x2000000c   Data          48  object.o(.data.rt_object_container)
    [Anonymous Symbol]                       0x2000000c   Section        0  object.o(.data.rt_object_container)
    .bss                                     0x20000040   Section       96  libspace.o(.bss)
    .L_MergedGlobals                         0x200000a0   Data          20  scheduler.o(.bss..L_MergedGlobals)
    [Anonymous Symbol]                       0x200000a0   Section        0  scheduler.o(.bss..L_MergedGlobals)
    rt_scheduler_lock_nest                   0x200000a2   Data           2  scheduler.o(.bss..L_MergedGlobals)
    .L_MergedGlobals                         0x200000b4   Data          12  timer.o(.bss..L_MergedGlobals)
    rt_timer_start.random_nr                 0x200000b4   Data           4  timer.o(.bss..L_MergedGlobals)
    [Anonymous Symbol]                       0x200000b4   Section        0  timer.o(.bss..L_MergedGlobals)
    rt_timer_list                            0x200000b8   Data           8  timer.o(.bss..L_MergedGlobals)
    .L_MergedGlobals                         0x200000c0   Data          20  shell.o(.bss..L_MergedGlobals)
    [Anonymous Symbol]                       0x200000c0   Section        0  shell.o(.bss..L_MergedGlobals)
    UartHandle                               0x200000d4   Data          72  board.o(.bss.UartHandle)
    [Anonymous Symbol]                       0x200000d4   Section        0  board.o(.bss.UartHandle)
    finsh_get_prompt.finsh_prompt            0x20000194   Data         129  shell.o(.bss.finsh_get_prompt.finsh_prompt)
    [Anonymous Symbol]                       0x20000194   Section        0  shell.o(.bss.finsh_get_prompt.finsh_prompt)
    finsh_thread                             0x20000218   Data         120  shell.o(.bss.finsh_thread)
    [Anonymous Symbol]                       0x20000218   Section        0  shell.o(.bss.finsh_thread)
    finsh_thread_stack                       0x20000290   Data        1024  shell.o(.bss.finsh_thread_stack)
    [Anonymous Symbol]                       0x20000290   Section        0  shell.o(.bss.finsh_thread_stack)
    idle                                     0x200006d8   Data         120  idle.o(.bss.idle)
    [Anonymous Symbol]                       0x200006d8   Section        0  idle.o(.bss.idle)
    main_stack                               0x20000750   Data        1024  components.o(.bss.main_stack)
    [Anonymous Symbol]                       0x20000750   Section        0  components.o(.bss.main_stack)
    rt_exception_hook                        0x20000bc8   Data           4  cpuport.o(.bss.rt_exception_hook)
    [Anonymous Symbol]                       0x20000bc8   Section        0  cpuport.o(.bss.rt_exception_hook)
    rt_kprintf.rt_log_buf                    0x20000bd8   Data         128  kservice.o(.bss.rt_kprintf.rt_log_buf)
    [Anonymous Symbol]                       0x20000bd8   Section        0  kservice.o(.bss.rt_kprintf.rt_log_buf)
    rt_thread_stack                          0x20000d58   Data         128  idle.o(.bss.rt_thread_stack)
    [Anonymous Symbol]                       0x20000d58   Section        0  idle.o(.bss.rt_thread_stack)
    rt_tick                                  0x20000ddc   Data           4  clock.o(.bss.rt_tick)
    [Anonymous Symbol]                       0x20000ddc   Section        0  clock.o(.bss.rt_tick)
    Heap_Mem                                 0x20000de8   Data         512  startup_stm32f103xb.o(HEAP)
    HEAP                                     0x20000de8   Section      512  startup_stm32f103xb.o(HEAP)
    Stack_Mem                                0x20000fe8   Data        1024  startup_stm32f103xb.o(STACK)
    STACK                                    0x20000fe8   Section     1024  startup_stm32f103xb.o(STACK)
    __initial_sp                             0x200013e8   Data           0  startup_stm32f103xb.o(STACK)

    Global Symbols

    Symbol Name                              Value     Ov Type        Size  Object(Section)

    BuildAttributes$$THM_ISAv4$P$D$K$B$S$PE$A:L22UL41UL21$X:L11$S22US41US21$IEEE1$IW$~IW$USESV6$~STKCKD$USESV7$~SHL$OTIME$ROPI$EBA8$UX$STANDARDLIB$REQ8$PRES8$EABIv2 0x00000000   Number         0  anon$$obj.o ABSOLUTE
    __fp_init_empty                          0x00000000   Number         0  fpinit_empty.o ABSOLUTE
    __ARM_exceptions_init                     - Undefined Weak Reference
    __alloca_initialize                       - Undefined Weak Reference
    __arm_preinit_                            - Undefined Weak Reference
    __arm_relocate_pie_                       - Undefined Weak Reference
    __cpp_initialize__aeabi_                  - Undefined Weak Reference
    __cxa_finalize                            - Undefined Weak Reference
    __rt_locale                               - Undefined Weak Reference
    __sigvec_lookup                           - Undefined Weak Reference
    _atexit_init                              - Undefined Weak Reference
    _call_atexit_fns                          - Undefined Weak Reference
    _clock_init                               - Undefined Weak Reference
    _fp_trap_init                             - Undefined Weak Reference
    _fp_trap_shutdown                         - Undefined Weak Reference
    _get_lc_collate                           - Undefined Weak Reference
    _get_lc_ctype                             - Undefined Weak Reference
    _get_lc_monetary                          - Undefined Weak Reference
    _get_lc_numeric                           - Undefined Weak Reference
    _get_lc_time                              - Undefined Weak Reference
    _getenv_init                              - Undefined Weak Reference
    _handle_redirection                       - Undefined Weak Reference
    _init_alloc                               - Undefined Weak Reference
    _init_user_alloc                          - Undefined Weak Reference
    _initio                                   - Undefined Weak Reference
    _rand_init                                - Undefined Weak Reference
    _signal_finish                            - Undefined Weak Reference
    _signal_init                              - Undefined Weak Reference
    _terminate_alloc                          - Undefined Weak Reference
    _terminate_user_alloc                     - Undefined Weak Reference
    _terminateio                              - Undefined Weak Reference
    __Vectors_Size                           0x000000ec   Number         0  startup_stm32f103xb.o ABSOLUTE
    __Vectors                                0x08000000   Data           4  startup_stm32f103xb.o(RESET)
    __Vectors_End                            0x080000ec   Data           0  startup_stm32f103xb.o(RESET)
    __main                                   0x080000ed   Thumb Code     8  __main.o(!!!main)
    __scatterload                            0x080000f5   Thumb Code     0  __scatter.o(!!!scatter)
    __scatterload_rt2                        0x080000f5   Thumb Code    84  __scatter.o(!!!scatter)
    __scatterload_rt2_thumb_only             0x080000f5   Thumb Code     0  __scatter.o(!!!scatter)
    __scatterload_loop                       0x080000ff   Thumb Code     0  __scatter.o(!!!scatter)
    __scatterload_copy                       0x08000151   Thumb Code    26  __scatter_copy.o(!!handler_copy)
    __scatterload_null                       0x0800016d   Thumb Code     2  __scatter.o(!!handler_null)
    __scatterload_zeroinit                   0x08000171   Thumb Code    28  __scatter_zi.o(!!handler_zi)
    __rt_lib_init                            0x0800018d   Thumb Code     0  libinit.o(.ARM.Collect$$libinit$$00000000)
    __rt_lib_init_alloca_1                   0x0800018f   Thumb Code     0  libinit2.o(.ARM.Collect$$libinit$$00000030)
    __rt_lib_init_argv_1                     0x0800018f   Thumb Code     0  libinit2.o(.ARM.Collect$$libinit$$0000002E)
    __rt_lib_init_atexit_1                   0x0800018f   Thumb Code     0  libinit2.o(.ARM.Collect$$libinit$$0000001D)
    __rt_lib_init_clock_1                    0x0800018f   Thumb Code     0  libinit2.o(.ARM.Collect$$libinit$$00000023)
    __rt_lib_init_cpp_1                      0x0800018f   Thumb Code     0  libinit2.o(.ARM.Collect$$libinit$$00000034)
    __rt_lib_init_exceptions_1               0x0800018f   Thumb Code     0  libinit2.o(.ARM.Collect$$libinit$$00000032)
    __rt_lib_init_fp_1                       0x0800018f   Thumb Code     0  libinit2.o(.ARM.Collect$$libinit$$00000002)
    __rt_lib_init_fp_trap_1                  0x0800018f   Thumb Code     0  libinit2.o(.ARM.Collect$$libinit$$00000021)
    __rt_lib_init_getenv_1                   0x0800018f   Thumb Code     0  libinit2.o(.ARM.Collect$$libinit$$00000025)
    __rt_lib_init_heap_1                     0x0800018f   Thumb Code     0  libinit2.o(.ARM.Collect$$libinit$$0000000C)
    __rt_lib_init_lc_collate_1               0x0800018f   Thumb Code     0  libinit2.o(.ARM.Collect$$libinit$$00000013)
    __rt_lib_init_lc_ctype_1                 0x0800018f   Thumb Code     0  libinit2.o(.ARM.Collect$$libinit$$00000015)
    __rt_lib_init_lc_monetary_1              0x0800018f   Thumb Code     0  libinit2.o(.ARM.Collect$$libinit$$00000017)
    __rt_lib_init_lc_numeric_1               0x0800018f   Thumb Code     0  libinit2.o(.ARM.Collect$$libinit$$00000019)
    __rt_lib_init_lc_time_1                  0x0800018f   Thumb Code     0  libinit2.o(.ARM.Collect$$libinit$$0000001B)
    __rt_lib_init_preinit_1                  0x0800018f   Thumb Code     0  libinit2.o(.ARM.Collect$$libinit$$00000006)
    __rt_lib_init_rand_1                     0x0800018f   Thumb Code     0  libinit2.o(.ARM.Collect$$libinit$$00000010)
    __rt_lib_init_relocate_pie_1             0x0800018f   Thumb Code     0  libinit2.o(.ARM.Collect$$libinit$$00000004)
    __rt_lib_init_return                     0x0800018f   Thumb Code     0  libinit2.o(.ARM.Collect$$libinit$$00000035)
    __rt_lib_init_signal_1                   0x0800018f   Thumb Code     0  libinit2.o(.ARM.Collect$$libinit$$0000001F)
    __rt_lib_init_stdio_1                    0x0800018f   Thumb Code     0  libinit2.o(.ARM.Collect$$libinit$$00000027)
    __rt_lib_init_user_alloc_1               0x0800018f   Thumb Code     0  libinit2.o(.ARM.Collect$$libinit$$0000000E)
    __rt_lib_shutdown                        0x08000191   Thumb Code     0  libshutdown.o(.ARM.Collect$$libshutdown$$00000000)
    __rt_lib_shutdown_cpp_1                  0x08000193   Thumb Code     0  libshutdown2.o(.ARM.Collect$$libshutdown$$00000002)
    __rt_lib_shutdown_fp_trap_1              0x08000193   Thumb Code     0  libshutdown2.o(.ARM.Collect$$libshutdown$$00000007)
    __rt_lib_shutdown_heap_1                 0x08000193   Thumb Code     0  libshutdown2.o(.ARM.Collect$$libshutdown$$0000000F)
    __rt_lib_shutdown_return                 0x08000193   Thumb Code     0  libshutdown2.o(.ARM.Collect$$libshutdown$$00000010)
    __rt_lib_shutdown_signal_1               0x08000193   Thumb Code     0  libshutdown2.o(.ARM.Collect$$libshutdown$$0000000A)
    __rt_lib_shutdown_stdio_1                0x08000193   Thumb Code     0  libshutdown2.o(.ARM.Collect$$libshutdown$$00000004)
    __rt_lib_shutdown_user_alloc_1           0x08000193   Thumb Code     0  libshutdown2.o(.ARM.Collect$$libshutdown$$0000000C)
    __rt_entry                               0x08000195   Thumb Code     0  __rtentry.o(.ARM.Collect$$rtentry$$00000000)
    __rt_entry_presh_1                       0x08000195   Thumb Code     0  __rtentry2.o(.ARM.Collect$$rtentry$$00000002)
    __rt_entry_sh                            0x08000195   Thumb Code     0  __rtentry4.o(.ARM.Collect$$rtentry$$00000004)
    __rt_entry_li                            0x0800019b   Thumb Code     0  __rtentry2.o(.ARM.Collect$$rtentry$$0000000A)
    __rt_entry_postsh_1                      0x0800019b   Thumb Code     0  __rtentry2.o(.ARM.Collect$$rtentry$$00000009)
    __rt_entry_main                          0x0800019f   Thumb Code     0  __rtentry2.o(.ARM.Collect$$rtentry$$0000000D)
    __rt_entry_postli_1                      0x0800019f   Thumb Code     0  __rtentry2.o(.ARM.Collect$$rtentry$$0000000C)
    __rt_exit                                0x080001a7   Thumb Code     0  rtexit.o(.ARM.Collect$$rtexit$$00000000)
    __rt_exit_ls                             0x080001a9   Thumb Code     0  rtexit2.o(.ARM.Collect$$rtexit$$00000003)
    __rt_exit_prels_1                        0x080001a9   Thumb Code     0  rtexit2.o(.ARM.Collect$$rtexit$$00000002)
    __rt_exit_exit                           0x080001ad   Thumb Code     0  rtexit2.o(.ARM.Collect$$rtexit$$00000004)
    Reset_Handler                            0x080001b5   Thumb Code     8  startup_stm32f103xb.o(.text)
    SVC_Handler                              0x080001c7   Thumb Code     2  startup_stm32f103xb.o(.text)
    ADC1_2_IRQHandler                        0x080001cf   Thumb Code     0  startup_stm32f103xb.o(.text)
    CAN1_RX1_IRQHandler                      0x080001cf   Thumb Code     0  startup_stm32f103xb.o(.text)
    CAN1_SCE_IRQHandler                      0x080001cf   Thumb Code     0  startup_stm32f103xb.o(.text)
    DMA1_Channel1_IRQHandler                 0x080001cf   Thumb Code     0  startup_stm32f103xb.o(.text)
    DMA1_Channel2_IRQHandler                 0x080001cf   Thumb Code     0  startup_stm32f103xb.o(.text)
    DMA1_Channel3_IRQHandler                 0x080001cf   Thumb Code     0  startup_stm32f103xb.o(.text)
    DMA1_Channel4_IRQHandler                 0x080001cf   Thumb Code     0  startup_stm32f103xb.o(.text)
    DMA1_Channel5_IRQHandler                 0x080001cf   Thumb Code     0  startup_stm32f103xb.o(.text)
    DMA1_Channel6_IRQHandler                 0x080001cf   Thumb Code     0  startup_stm32f103xb.o(.text)
    DMA1_Channel7_IRQHandler                 0x080001cf   Thumb Code     0  startup_stm32f103xb.o(.text)
    EXTI0_IRQHandler                         0x080001cf   Thumb Code     0  startup_stm32f103xb.o(.text)
    EXTI15_10_IRQHandler                     0x080001cf   Thumb Code     0  startup_stm32f103xb.o(.text)
    EXTI1_IRQHandler                         0x080001cf   Thumb Code     0  startup_stm32f103xb.o(.text)
    EXTI2_IRQHandler                         0x080001cf   Thumb Code     0  startup_stm32f103xb.o(.text)
    EXTI3_IRQHandler                         0x080001cf   Thumb Code     0  startup_stm32f103xb.o(.text)
    EXTI4_IRQHandler                         0x080001cf   Thumb Code     0  startup_stm32f103xb.o(.text)
    EXTI9_5_IRQHandler                       0x080001cf   Thumb Code     0  startup_stm32f103xb.o(.text)
    FLASH_IRQHandler                         0x080001cf   Thumb Code     0  startup_stm32f103xb.o(.text)
    I2C1_ER_IRQHandler                       0x080001cf   Thumb Code     0  startup_stm32f103xb.o(.text)
    I2C1_EV_IRQHandler                       0x080001cf   Thumb Code     0  startup_stm32f103xb.o(.text)
    I2C2_ER_IRQHandler                       0x080001cf   Thumb Code     0  startup_stm32f103xb.o(.text)
    I2C2_EV_IRQHandler                       0x080001cf   Thumb Code     0  startup_stm32f103xb.o(.text)
    PVD_IRQHandler                           0x080001cf   Thumb Code     0  startup_stm32f103xb.o(.text)
    RCC_IRQHandler                           0x080001cf   Thumb Code     0  startup_stm32f103xb.o(.text)
    RTC_Alarm_IRQHandler                     0x080001cf   Thumb Code     0  startup_stm32f103xb.o(.text)
    RTC_IRQHandler                           0x080001cf   Thumb Code     0  startup_stm32f103xb.o(.text)
    SPI1_IRQHandler                          0x080001cf   Thumb Code     0  startup_stm32f103xb.o(.text)
    SPI2_IRQHandler                          0x080001cf   Thumb Code     0  startup_stm32f103xb.o(.text)
    TAMPER_IRQHandler                        0x080001cf   Thumb Code     0  startup_stm32f103xb.o(.text)
    TIM1_BRK_IRQHandler                      0x080001cf   Thumb Code     0  startup_stm32f103xb.o(.text)
    TIM1_CC_IRQHandler                       0x080001cf   Thumb Code     0  startup_stm32f103xb.o(.text)
    TIM1_TRG_COM_IRQHandler                  0x080001cf   Thumb Code     0  startup_stm32f103xb.o(.text)
    TIM1_UP_IRQHandler                       0x080001cf   Thumb Code     0  startup_stm32f103xb.o(.text)
    TIM2_IRQHandler                          0x080001cf   Thumb Code     0  startup_stm32f103xb.o(.text)
    TIM3_IRQHandler                          0x080001cf   Thumb Code     0  startup_stm32f103xb.o(.text)
    TIM4_IRQHandler                          0x080001cf   Thumb Code     0  startup_stm32f103xb.o(.text)
    USART1_IRQHandler                        0x080001cf   Thumb Code     0  startup_stm32f103xb.o(.text)
    USART2_IRQHandler                        0x080001cf   Thumb Code     0  startup_stm32f103xb.o(.text)
    USART3_IRQHandler                        0x080001cf   Thumb Code     0  startup_stm32f103xb.o(.text)
    USBWakeUp_IRQHandler                     0x080001cf   Thumb Code     0  startup_stm32f103xb.o(.text)
    USB_HP_CAN1_TX_IRQHandler                0x080001cf   Thumb Code     0  startup_stm32f103xb.o(.text)
    USB_LP_CAN1_RX0_IRQHandler               0x080001cf   Thumb Code     0  startup_stm32f103xb.o(.text)
    WWDG_IRQHandler                          0x080001cf   Thumb Code     0  startup_stm32f103xb.o(.text)
    __user_initial_stackheap                 0x080001d1   Thumb Code     0  startup_stm32f103xb.o(.text)
    rt_hw_interrupt_disable                  0x080001f5   Thumb Code     8  context_rvds.o(.text)
    rt_hw_interrupt_enable                   0x080001fd   Thumb Code     6  context_rvds.o(.text)
    rt_hw_context_switch                     0x08000203   Thumb Code    32  context_rvds.o(.text)
    rt_hw_context_switch_interrupt           0x08000203   Thumb Code     0  context_rvds.o(.text)
    PendSV_Handler                           0x08000223   Thumb Code    60  context_rvds.o(.text)
    rt_hw_context_switch_to                  0x0800025f   Thumb Code    56  context_rvds.o(.text)
    rt_hw_interrupt_thread_switch            0x08000297   Thumb Code     2  context_rvds.o(.text)
    HardFault_Handler                        0x08000299   Thumb Code    52  context_rvds.o(.text)
    strlen                                   0x080002e9   Thumb Code    62  strlen.o(.text)
    strncmp                                  0x08000327   Thumb Code   150  strncmp.o(.text)
    __aeabi_memset                           0x080003bd   Thumb Code    16  aeabi_memset.o(.text)
    __aeabi_memclr                           0x080003cd   Thumb Code     0  rt_memclr.o(.text)
    __rt_memclr                              0x080003cd   Thumb Code     0  rt_memclr.o(.text)
    _memset                                  0x080003d1   Thumb Code    64  rt_memclr.o(.text)
    __aeabi_memclr4                          0x08000411   Thumb Code     0  rt_memclr_w.o(.text)
    __aeabi_memclr8                          0x08000411   Thumb Code     0  rt_memclr_w.o(.text)
    __rt_memclr_w                            0x08000411   Thumb Code     0  rt_memclr_w.o(.text)
    _memset_w                                0x08000415   Thumb Code    74  rt_memclr_w.o(.text)
    __use_two_region_memory                  0x0800045f   Thumb Code     2  heapauxi.o(.text)
    __rt_heap_escrow$2region                 0x08000461   Thumb Code     2  heapauxi.o(.text)
    __rt_heap_expand$2region                 0x08000463   Thumb Code     2  heapauxi.o(.text)
    __user_setup_stackheap                   0x08000465   Thumb Code    74  sys_stackheap_outer.o(.text)
    exit                                     0x080004af   Thumb Code    18  exit.o(.text)
    __user_libspace                          0x080004c1   Thumb Code     8  libspace.o(.text)
    __user_perproc_libspace                  0x080004c1   Thumb Code     0  libspace.o(.text)
    __user_perthread_libspace                0x080004c1   Thumb Code     0  libspace.o(.text)
    _sys_exit                                0x080004c9   Thumb Code     8  sys_exit.o(.text)
    __I$use$semihosting                      0x080004d5   Thumb Code     0  use_no_semi.o(.text)
    __use_no_semihosting_swi                 0x080004d5   Thumb Code     2  use_no_semi.o(.text)
    __semihosting_library_function           0x080004d7   Thumb Code     0  indicate_semi.o(.text)
    main                                     0x080004d9   Thumb Code   108  components.o(.text.$Sub$$main)
    BusFault_Handler                         0x08000545   Thumb Code     2  stm32f1xx_it.o(.text.BusFault_Handler)
    DebugMon_Handler                         0x08000549   Thumb Code     2  stm32f1xx_it.o(.text.DebugMon_Handler)
    Error_Handler                            0x0800054d   Thumb Code    10  main.o(.text.Error_Handler)
    HAL_GPIO_Init                            0x08000559   Thumb Code   526  stm32f1xx_hal_gpio.o(.text.HAL_GPIO_Init)
    HAL_GetTick                              0x08000769   Thumb Code    12  stm32f1xx_hal.o(.text.HAL_GetTick)
    HAL_Init                                 0x08000775   Thumb Code    38  stm32f1xx_hal.o(.text.HAL_Init)
    HAL_InitTick                             0x0800079d   Thumb Code    72  stm32f1xx_hal.o(.text.HAL_InitTick)
    HAL_MspInit                              0x080007e5   Thumb Code    66  stm32f1xx_hal_msp.o(.text.HAL_MspInit)
    HAL_NVIC_SetPriority                     0x08000829   Thumb Code    86  stm32f1xx_hal_cortex.o(.text.HAL_NVIC_SetPriority)
    HAL_NVIC_SetPriorityGrouping             0x08000881   Thumb Code    32  stm32f1xx_hal_cortex.o(.text.HAL_NVIC_SetPriorityGrouping)
    HAL_RCC_ClockConfig                      0x080008a1   Thumb Code   450  stm32f1xx_hal_rcc.o(.text.HAL_RCC_ClockConfig)
    HAL_RCC_GetHCLKFreq                      0x08000a65   Thumb Code    12  stm32f1xx_hal_rcc.o(.text.HAL_RCC_GetHCLKFreq)
    HAL_RCC_GetPCLK1Freq                     0x08000a71   Thumb Code    38  stm32f1xx_hal_rcc.o(.text.HAL_RCC_GetPCLK1Freq)
    HAL_RCC_GetPCLK2Freq                     0x08000a99   Thumb Code    38  stm32f1xx_hal_rcc.o(.text.HAL_RCC_GetPCLK2Freq)
    HAL_RCC_OscConfig                        0x08000ac1   Thumb Code  1024  stm32f1xx_hal_rcc.o(.text.HAL_RCC_OscConfig)
    HAL_SYSTICK_Config                       0x08000ec1   Thumb Code    44  stm32f1xx_hal_cortex.o(.text.HAL_SYSTICK_Config)
    HAL_UART_Init                            0x08000eed   Thumb Code   226  stm32f1xx_hal_uart.o(.text.HAL_UART_Init)
    HAL_UART_MspInit                         0x08000fd1   Thumb Code   122  usart.o(.text.HAL_UART_MspInit)
    HAL_UART_Transmit                        0x0800104d   Thumb Code   632  stm32f1xx_hal_uart.o(.text.HAL_UART_Transmit)
    MX_GPIO_Init                             0x080012c5   Thumb Code    32  gpio.o(.text.MX_GPIO_Init)
    MX_USART1_UART_Init                      0x080012e5   Thumb Code    60  usart.o(.text.MX_USART1_UART_Init)
    MemManage_Handler                        0x08001321   Thumb Code     2  stm32f1xx_it.o(.text.MemManage_Handler)
    NMI_Handler                              0x08001325   Thumb Code     2  stm32f1xx_it.o(.text.NMI_Handler)
    SysTick_Handler                          0x08001329   Thumb Code    18  board.o(.text.SysTick_Handler)
    SystemClock_Config                       0x0800133d   Thumb Code    84  main.o(.text.SystemClock_Config)
    SystemCoreClockUpdate                    0x08001391   Thumb Code    92  system_stm32f1xx.o(.text.SystemCoreClockUpdate)
    SystemInit                               0x080013ed   Thumb Code     2  system_stm32f1xx.o(.text.SystemInit)
    UsageFault_Handler                       0x080013f1   Thumb Code     2  stm32f1xx_it.o(.text.UsageFault_Handler)
    __rt_ffs                                 0x080013f5   Thumb Code    56  kservice.o(.text.__rt_ffs)
    cmd_ps                                   0x0800142d   Thumb Code    10  msh.o(.text.cmd_ps)
    finsh_system_init                        0x08001439   Thumb Code   148  shell.o(.text.finsh_system_init)
    finsh_thread_entry                       0x080014dd   Thumb Code  1108  shell.o(.text.finsh_thread_entry)
    hello                                    0x08001949   Thumb Code    12  cmd.o(.text.hello)
    list                                     0x08001969   Thumb Code    96  cmd.o(.text.list)
    list_sem                                 0x080019f1   Thumb Code   512  cmd.o(.text.list_sem)
    list_thread                              0x08001c5d   Thumb Code   476  cmd.o(.text.list_thread)
    list_timer                               0x08001ec9   Thumb Code  1292  cmd.o(.text.list_timer)
    $Super$$main                             0x08002441   Thumb Code   102  main.o(.text.main)
    main_thread_entry                        0x080024a9   Thumb Code    50  components.o(.text.main_thread_entry)
    msh_auto_complete                        0x080024dd   Thumb Code   384  msh.o(.text.msh_auto_complete)
    msh_exec                                 0x08002661   Thumb Code   968  msh.o(.text.msh_exec)
    msh_help                                 0x08002a65   Thumb Code   124  msh.o(.text.msh_help)
    msh_is_used                              0x08002ae1   Thumb Code     4  msh.o(.text.msh_is_used)
    rt_components_board_init                 0x08003011   Thumb Code    44  components.o(.text.rt_components_board_init)
    rt_enter_critical                        0x0800303d   Thumb Code    28  scheduler.o(.text.rt_enter_critical)
    rt_exit_critical                         0x08003059   Thumb Code   150  scheduler.o(.text.rt_exit_critical)
    rt_hw_board_init                         0x080030f1   Thumb Code    44  board.o(.text.rt_hw_board_init)
    rt_hw_console_getchar                    0x0800311d   Thumb Code    42  board.o(.text.rt_hw_console_getchar)
    rt_hw_console_output                     0x08003149   Thumb Code    96  board.o(.text.rt_hw_console_output)
    rt_hw_hard_fault_exception               0x080031a9   Thumb Code   900  cpuport.o(.text.rt_hw_hard_fault_exception)
    rt_hw_stack_init                         0x080035d5   Thumb Code    60  cpuport.o(.text.rt_hw_stack_init)
    rt_interrupt_enter                       0x08003611   Thumb Code    28  irq.o(.text.rt_interrupt_enter)
    rt_interrupt_leave                       0x0800362d   Thumb Code    28  irq.o(.text.rt_interrupt_leave)
    rt_kprintf                               0x08003649   Thumb Code    50  kservice.o(.text.rt_kprintf)
    rt_memmove                               0x0800367d   Thumb Code   248  kservice.o(.text.rt_memmove)
    rt_memset                                0x08003775   Thumb Code   246  kservice.o(.text.rt_memset)
    rt_object_detach                         0x0800386d   Thumb Code    36  object.o(.text.rt_object_detach)
    rt_object_get_information                0x08003891   Thumb Code    42  object.o(.text.rt_object_get_information)
    rt_object_init                           0x080038bd   Thumb Code   126  object.o(.text.rt_object_init)
    rt_object_is_systemobject                0x0800393d   Thumb Code     6  object.o(.text.rt_object_is_systemobject)
    rt_schedule                              0x08003945   Thumb Code   114  scheduler.o(.text.rt_schedule)
    rt_schedule_insert_thread                0x080039b9   Thumb Code    82  scheduler.o(.text.rt_schedule_insert_thread)
    rt_schedule_remove_thread                0x08003a0d   Thumb Code    86  scheduler.o(.text.rt_schedule_remove_thread)
    rt_sem_init                              0x08003a65   Thumb Code    32  ipc.o(.text.rt_sem_init)
    rt_show_version                          0x08003a85   Thumb Code    48  kservice.o(.text.rt_show_version)
    rt_strlen                                0x08003b3d   Thumb Code    46  kservice.o(.text.rt_strlen)
    rt_strncpy                               0x08003b6d   Thumb Code   134  kservice.o(.text.rt_strncpy)
    rt_system_scheduler_init                 0x08003bf5   Thumb Code   298  scheduler.o(.text.rt_system_scheduler_init)
    rt_system_scheduler_start                0x08003d21   Thumb Code    48  scheduler.o(.text.rt_system_scheduler_start)
    rt_system_timer_init                     0x08003d51   Thumb Code    16  timer.o(.text.rt_system_timer_init)
    rt_system_timer_thread_init              0x08003d61   Thumb Code     2  timer.o(.text.rt_system_timer_thread_init)
    rt_thread_exit                           0x08003d65   Thumb Code   122  thread.o(.text.rt_thread_exit)
    rt_thread_idle_init                      0x08003de5   Thumb Code    68  idle.o(.text.rt_thread_idle_init)
    rt_thread_init                           0x08003e31   Thumb Code   142  thread.o(.text.rt_thread_init)
    rt_thread_mdelay                         0x08003ec1   Thumb Code    14  thread.o(.text.rt_thread_mdelay)
    rt_thread_self                           0x08003ed1   Thumb Code    12  thread.o(.text.rt_thread_self)
    rt_thread_sleep                          0x08003edd   Thumb Code   120  thread.o(.text.rt_thread_sleep)
    rt_thread_startup                        0x08003f55   Thumb Code    92  thread.o(.text.rt_thread_startup)
    rt_thread_timeout                        0x08003fb1   Thumb Code    40  thread.o(.text.rt_thread_timeout)
    rt_thread_yield                          0x08003fd9   Thumb Code   100  thread.o(.text.rt_thread_yield)
    rt_tick_from_millisecond                 0x0800403d   Thumb Code     6  clock.o(.text.rt_tick_from_millisecond)
    rt_tick_get                              0x08004045   Thumb Code    12  clock.o(.text.rt_tick_get)
    rt_tick_increase                         0x08004051   Thumb Code    52  clock.o(.text.rt_tick_increase)
    rt_timer_check                           0x08004085   Thumb Code   392  timer.o(.text.rt_timer_check)
    rt_timer_control                         0x0800420d   Thumb Code   104  timer.o(.text.rt_timer_control)
    rt_timer_detach                          0x08004275   Thumb Code    48  timer.o(.text.rt_timer_detach)
    rt_timer_init                            0x080042a5   Thumb Code    50  timer.o(.text.rt_timer_init)
    rt_timer_start                           0x080042d9   Thumb Code   204  timer.o(.text.rt_timer_start)
    rt_timer_stop                            0x080043a5   Thumb Code    56  timer.o(.text.rt_timer_stop)
    rt_vsnprintf                             0x080043dd   Thumb Code  2020  kservice.o(.text.rt_vsnprintf)
    version                                  0x08004c11   Thumb Code    10  cmd.o(.text.version)
    AHBPrescTable                            0x08004c1a   Data          16  system_stm32f1xx.o(.rodata.AHBPrescTable)
    APBPrescTable                            0x08004c2a   Data           8  system_stm32f1xx.o(.rodata.APBPrescTable)
    __lowest_bit_bitmap                      0x08004c34   Data         256  kservice.o(.rodata.__lowest_bit_bitmap)
    __fsym_hello_name                        0x08004d44   Data           6  cmd.o(.rodata.name)
    __fsym_hello_desc                        0x08004d4a   Data          16  cmd.o(.rodata.name)
    __fsym_version_name                      0x08004d5a   Data           8  cmd.o(.rodata.name)
    __fsym_version_desc                      0x08004d62   Data          35  cmd.o(.rodata.name)
    __fsym___cmd_version_name                0x08004d85   Data          14  cmd.o(.rodata.name)
    __fsym___cmd_version_desc                0x08004d93   Data          35  cmd.o(.rodata.name)
    __fsym_list_thread_name                  0x08004db6   Data          12  cmd.o(.rodata.name)
    __fsym_list_thread_desc                  0x08004dc2   Data          12  cmd.o(.rodata.name)
    __fsym___cmd_list_thread_name            0x08004dce   Data          18  cmd.o(.rodata.name)
    __fsym___cmd_list_thread_desc            0x08004de0   Data          12  cmd.o(.rodata.name)
    __fsym_list_sem_name                     0x08004dec   Data           9  cmd.o(.rodata.name)
    __fsym_list_sem_desc                     0x08004df5   Data          25  cmd.o(.rodata.name)
    __fsym___cmd_list_sem_name               0x08004e0e   Data          15  cmd.o(.rodata.name)
    __fsym___cmd_list_sem_desc               0x08004e1d   Data          25  cmd.o(.rodata.name)
    __fsym_list_timer_name                   0x08004e36   Data          11  cmd.o(.rodata.name)
    __fsym_list_timer_desc                   0x08004e41   Data          21  cmd.o(.rodata.name)
    __fsym___cmd_list_timer_name             0x08004e56   Data          17  cmd.o(.rodata.name)
    __fsym___cmd_list_timer_desc             0x08004e67   Data          21  cmd.o(.rodata.name)
    __fsym_list_name                         0x08004e7c   Data           5  cmd.o(.rodata.name)
    __fsym_list_desc                         0x08004e81   Data          26  cmd.o(.rodata.name)
    __fsym___cmd_help_name                   0x08004e9b   Data          11  msh.o(.rodata.name)
    __fsym___cmd_help_desc                   0x08004ea6   Data          22  msh.o(.rodata.name)
    __fsym___cmd_ps_name                     0x08004ebc   Data           9  msh.o(.rodata.name)
    __fsym___cmd_ps_desc                     0x08004ec5   Data          28  msh.o(.rodata.name)
    __rt_init_rti_start                      0x08005168   Data           4  components.o(.rti_fn.0)
    __rt_init_rti_board_start                0x0800516c   Data           4  components.o(.rti_fn.0.end)
    __rt_init_uart_init                      0x08005170   Data           4  board.o(.rti_fn.1)
    __rt_init_rti_board_end                  0x08005174   Data           4  components.o(.rti_fn.1.end)
    __rt_init_finsh_system_init              0x08005178   Data           4  shell.o(.rti_fn.6)
    __rt_init_rti_end                        0x0800517c   Data           4  components.o(.rti_fn.6.end)
    FSymTab$$Base                            0x08005180   Number         0  cmd.o(FSymTab)
    __fsym_hello                             0x08005180   Data          12  cmd.o(FSymTab)
    __fsym_version                           0x0800518c   Data          12  cmd.o(FSymTab)
    __fsym___cmd_version                     0x08005198   Data          12  cmd.o(FSymTab)
    __fsym_list_thread                       0x080051a4   Data          12  cmd.o(FSymTab)
    __fsym___cmd_list_thread                 0x080051b0   Data          12  cmd.o(FSymTab)
    __fsym_list_sem                          0x080051bc   Data          12  cmd.o(FSymTab)
    __fsym___cmd_list_sem                    0x080051c8   Data          12  cmd.o(FSymTab)
    __fsym_list_timer                        0x080051d4   Data          12  cmd.o(FSymTab)
    __fsym___cmd_list_timer                  0x080051e0   Data          12  cmd.o(FSymTab)
    __fsym_list                              0x080051ec   Data          12  cmd.o(FSymTab)
    __fsym___cmd_help                        0x080051f8   Data          12  msh.o(FSymTab)
    __fsym___cmd_ps                          0x08005204   Data          12  msh.o(FSymTab)
    FSymTab$$Limit                           0x08005210   Number         0  msh.o(FSymTab)
    Region$$Table$$Base                      0x08005210   Number         0  anon$$obj.o(Region$$Table)
    Region$$Table$$Limit                     0x08005230   Number         0  anon$$obj.o(Region$$Table)
    uwTickFreq                               0x20000000   Data           1  stm32f1xx_hal.o(.data..L_MergedGlobals)
    uwTickPrio                               0x20000004   Data           4  stm32f1xx_hal.o(.data..L_MergedGlobals)
    SystemCoreClock                          0x20000008   Data           4  system_stm32f1xx.o(.data.SystemCoreClock)
    __libspace_start                         0x20000040   Data          96  libspace.o(.bss)
    __temporary_stack_top$libspace           0x200000a0   Data           0  libspace.o(.bss)
    rt_current_priority                      0x200000a0   Data           1  scheduler.o(.bss..L_MergedGlobals)
    rt_current_thread                        0x200000a4   Data           4  scheduler.o(.bss..L_MergedGlobals)
    rt_thread_ready_priority_group           0x200000a8   Data           4  scheduler.o(.bss..L_MergedGlobals)
    rt_thread_defunct                        0x200000ac   Data           8  scheduler.o(.bss..L_MergedGlobals)
    _syscall_table_begin                     0x200000c0   Data           4  shell.o(.bss..L_MergedGlobals)
    _syscall_table_end                       0x200000c4   Data           4  shell.o(.bss..L_MergedGlobals)
    _sysvar_table_begin                      0x200000c8   Data           4  shell.o(.bss..L_MergedGlobals)
    _sysvar_table_end                        0x200000cc   Data           4  shell.o(.bss..L_MergedGlobals)
    shell                                    0x200000d0   Data           4  shell.o(.bss..L_MergedGlobals)
    _shell                                   0x2000011c   Data         120  shell.o(.bss._shell)
    huart1                                   0x20000690   Data          72  usart.o(.bss.huart1)
    main_thread                              0x20000b50   Data         120  components.o(.bss.main_thread)
    rt_interrupt_from_thread                 0x20000bcc   Data           4  cpuport.o(.bss.rt_interrupt_from_thread)
    rt_interrupt_nest                        0x20000bd0   Data           1  irq.o(.bss.rt_interrupt_nest)
    rt_interrupt_to_thread                   0x20000bd4   Data           4  cpuport.o(.bss.rt_interrupt_to_thread)
    rt_thread_priority_table                 0x20000c58   Data         256  scheduler.o(.bss.rt_thread_priority_table)
    rt_thread_switch_interrupt_flag          0x20000dd8   Data           4  cpuport.o(.bss.rt_thread_switch_interrupt_flag)
    uwTick                                   0x20000de0   Data           4  stm32f1xx_hal.o(.bss.uwTick)



==============================================================================

Memory Map of the image

  Image Entry point : 0x080000ed

  Load Region LR_IROM1 (Base: 0x08000000, Size: 0x00005270, Max: 0x00010000, ABSOLUTE)

    Execution Region ER_IROM1 (Exec base: 0x08000000, Load base: 0x08000000, Size: 0x00005230, Max: 0x00010000, ABSOLUTE)

    Exec Addr    Load Addr    Size         Type   Attr      Idx    E Section Name        Object

    0x08000000   0x08000000   0x000000ec   Data   RO            3    RESET               startup_stm32f103xb.o
    0x080000ec   0x080000ec   0x00000008   Code   RO          995  * !!!main             c_w.l(__main.o)
    0x080000f4   0x080000f4   0x0000005c   Code   RO         1160    !!!scatter          c_w.l(__scatter.o)
    0x08000150   0x08000150   0x0000001a   Code   RO         1164    !!handler_copy      c_w.l(__scatter_copy.o)
    0x0800016a   0x0800016a   0x00000002   PAD
    0x0800016c   0x0800016c   0x00000002   Code   RO         1161    !!handler_null      c_w.l(__scatter.o)
    0x0800016e   0x0800016e   0x00000002   PAD
    0x08000170   0x08000170   0x0000001c   Code   RO         1166    !!handler_zi        c_w.l(__scatter_zi.o)
    0x0800018c   0x0800018c   0x00000002   Code   RO         1022    .ARM.Collect$$libinit$$00000000  c_w.l(libinit.o)
    0x0800018e   0x0800018e   0x00000000   Code   RO         1029    .ARM.Collect$$libinit$$00000002  c_w.l(libinit2.o)
    0x0800018e   0x0800018e   0x00000000   Code   RO         1031    .ARM.Collect$$libinit$$00000004  c_w.l(libinit2.o)
    0x0800018e   0x0800018e   0x00000000   Code   RO         1033    .ARM.Collect$$libinit$$00000006  c_w.l(libinit2.o)
    0x0800018e   0x0800018e   0x00000000   Code   RO         1036    .ARM.Collect$$libinit$$0000000C  c_w.l(libinit2.o)
    0x0800018e   0x0800018e   0x00000000   Code   RO         1038    .ARM.Collect$$libinit$$0000000E  c_w.l(libinit2.o)
    0x0800018e   0x0800018e   0x00000000   Code   RO         1040    .ARM.Collect$$libinit$$00000010  c_w.l(libinit2.o)
    0x0800018e   0x0800018e   0x00000000   Code   RO         1043    .ARM.Collect$$libinit$$00000013  c_w.l(libinit2.o)
    0x0800018e   0x0800018e   0x00000000   Code   RO         1045    .ARM.Collect$$libinit$$00000015  c_w.l(libinit2.o)
    0x0800018e   0x0800018e   0x00000000   Code   RO         1047    .ARM.Collect$$libinit$$00000017  c_w.l(libinit2.o)
    0x0800018e   0x0800018e   0x00000000   Code   RO         1049    .ARM.Collect$$libinit$$00000019  c_w.l(libinit2.o)
    0x0800018e   0x0800018e   0x00000000   Code   RO         1051    .ARM.Collect$$libinit$$0000001B  c_w.l(libinit2.o)
    0x0800018e   0x0800018e   0x00000000   Code   RO         1053    .ARM.Collect$$libinit$$0000001D  c_w.l(libinit2.o)
    0x0800018e   0x0800018e   0x00000000   Code   RO         1055    .ARM.Collect$$libinit$$0000001F  c_w.l(libinit2.o)
    0x0800018e   0x0800018e   0x00000000   Code   RO         1057    .ARM.Collect$$libinit$$00000021  c_w.l(libinit2.o)
    0x0800018e   0x0800018e   0x00000000   Code   RO         1059    .ARM.Collect$$libinit$$00000023  c_w.l(libinit2.o)
    0x0800018e   0x0800018e   0x00000000   Code   RO         1061    .ARM.Collect$$libinit$$00000025  c_w.l(libinit2.o)
    0x0800018e   0x0800018e   0x00000000   Code   RO         1063    .ARM.Collect$$libinit$$00000027  c_w.l(libinit2.o)
    0x0800018e   0x0800018e   0x00000000   Code   RO         1067    .ARM.Collect$$libinit$$0000002E  c_w.l(libinit2.o)
    0x0800018e   0x0800018e   0x00000000   Code   RO         1069    .ARM.Collect$$libinit$$00000030  c_w.l(libinit2.o)
    0x0800018e   0x0800018e   0x00000000   Code   RO         1071    .ARM.Collect$$libinit$$00000032  c_w.l(libinit2.o)
    0x0800018e   0x0800018e   0x00000000   Code   RO         1073    .ARM.Collect$$libinit$$00000034  c_w.l(libinit2.o)
    0x0800018e   0x0800018e   0x00000002   Code   RO         1074    .ARM.Collect$$libinit$$00000035  c_w.l(libinit2.o)
    0x08000190   0x08000190   0x00000002   Code   RO         1096    .ARM.Collect$$libshutdown$$00000000  c_w.l(libshutdown.o)
    0x08000192   0x08000192   0x00000000   Code   RO         1111    .ARM.Collect$$libshutdown$$00000002  c_w.l(libshutdown2.o)
    0x08000192   0x08000192   0x00000000   Code   RO         1113    .ARM.Collect$$libshutdown$$00000004  c_w.l(libshutdown2.o)
    0x08000192   0x08000192   0x00000000   Code   RO         1116    .ARM.Collect$$libshutdown$$00000007  c_w.l(libshutdown2.o)
    0x08000192   0x08000192   0x00000000   Code   RO         1119    .ARM.Collect$$libshutdown$$0000000A  c_w.l(libshutdown2.o)
    0x08000192   0x08000192   0x00000000   Code   RO         1121    .ARM.Collect$$libshutdown$$0000000C  c_w.l(libshutdown2.o)
    0x08000192   0x08000192   0x00000000   Code   RO         1124    .ARM.Collect$$libshutdown$$0000000F  c_w.l(libshutdown2.o)
    0x08000192   0x08000192   0x00000002   Code   RO         1125    .ARM.Collect$$libshutdown$$00000010  c_w.l(libshutdown2.o)
    0x08000194   0x08000194   0x00000000   Code   RO          997    .ARM.Collect$$rtentry$$00000000  c_w.l(__rtentry.o)
    0x08000194   0x08000194   0x00000000   Code   RO          999    .ARM.Collect$$rtentry$$00000002  c_w.l(__rtentry2.o)
    0x08000194   0x08000194   0x00000006   Code   RO         1011    .ARM.Collect$$rtentry$$00000004  c_w.l(__rtentry4.o)
    0x0800019a   0x0800019a   0x00000000   Code   RO         1001    .ARM.Collect$$rtentry$$00000009  c_w.l(__rtentry2.o)
    0x0800019a   0x0800019a   0x00000004   Code   RO         1002    .ARM.Collect$$rtentry$$0000000A  c_w.l(__rtentry2.o)
    0x0800019e   0x0800019e   0x00000000   Code   RO         1004    .ARM.Collect$$rtentry$$0000000C  c_w.l(__rtentry2.o)
    0x0800019e   0x0800019e   0x00000008   Code   RO         1005    .ARM.Collect$$rtentry$$0000000D  c_w.l(__rtentry2.o)
    0x080001a6   0x080001a6   0x00000002   Code   RO         1026    .ARM.Collect$$rtexit$$00000000  c_w.l(rtexit.o)
    0x080001a8   0x080001a8   0x00000000   Code   RO         1076    .ARM.Collect$$rtexit$$00000002  c_w.l(rtexit2.o)
    0x080001a8   0x080001a8   0x00000004   Code   RO         1077    .ARM.Collect$$rtexit$$00000003  c_w.l(rtexit2.o)
    0x080001ac   0x080001ac   0x00000006   Code   RO         1078    .ARM.Collect$$rtexit$$00000004  c_w.l(rtexit2.o)
    0x080001b2   0x080001b2   0x00000002   PAD
    0x080001b4   0x080001b4   0x00000040   Code   RO            4    .text               startup_stm32f103xb.o
    0x080001f4   0x080001f4   0x000000f4   Code   RO          558    .text               context_rvds.o
    0x080002e8   0x080002e8   0x0000003e   Code   RO          983    .text               c_w.l(strlen.o)
    0x08000326   0x08000326   0x00000096   Code   RO          985    .text               c_w.l(strncmp.o)
    0x080003bc   0x080003bc   0x00000010   Code   RO          987    .text               c_w.l(aeabi_memset.o)
    0x080003cc   0x080003cc   0x00000044   Code   RO          989    .text               c_w.l(rt_memclr.o)
    0x08000410   0x08000410   0x0000004e   Code   RO          991    .text               c_w.l(rt_memclr_w.o)
    0x0800045e   0x0800045e   0x00000006   Code   RO          993    .text               c_w.l(heapauxi.o)
    0x08000464   0x08000464   0x0000004a   Code   RO         1013    .text               c_w.l(sys_stackheap_outer.o)
    0x080004ae   0x080004ae   0x00000012   Code   RO         1015    .text               c_w.l(exit.o)
    0x080004c0   0x080004c0   0x00000008   Code   RO         1023    .text               c_w.l(libspace.o)
    0x080004c8   0x080004c8   0x0000000c   Code   RO         1086    .text               c_w.l(sys_exit.o)
    0x080004d4   0x080004d4   0x00000002   Code   RO         1101    .text               c_w.l(use_no_semi.o)
    0x080004d6   0x080004d6   0x00000000   Code   RO         1103    .text               c_w.l(indicate_semi.o)
    0x080004d6   0x080004d6   0x00000002   PAD
    0x080004d8   0x080004d8   0x0000006c   Code   RO          594    .text.$Sub$$main    components.o
    0x08000544   0x08000544   0x00000002   Code   RO           53    .text.BusFault_Handler  stm32f1xx_it.o
    0x08000546   0x08000546   0x00000002   PAD
    0x08000548   0x08000548   0x00000002   Code   RO           57    .text.DebugMon_Handler  stm32f1xx_it.o
    0x0800054a   0x0800054a   0x00000002   PAD
    0x0800054c   0x0800054c   0x0000000a   Code   RO           15    .text.Error_Handler  main.o
    0x08000556   0x08000556   0x00000002   PAD
    0x08000558   0x08000558   0x0000020e   Code   RO          201    .text.HAL_GPIO_Init  stm32f1xx_hal_gpio.o
    0x08000766   0x08000766   0x00000002   PAD
    0x08000768   0x08000768   0x0000000c   Code   RO          101    .text.HAL_GetTick   stm32f1xx_hal.o
    0x08000774   0x08000774   0x00000026   Code   RO           89    .text.HAL_Init      stm32f1xx_hal.o
    0x0800079a   0x0800079a   0x00000002   PAD
    0x0800079c   0x0800079c   0x00000048   Code   RO           91    .text.HAL_InitTick  stm32f1xx_hal.o
    0x080007e4   0x080007e4   0x00000042   Code   RO           66    .text.HAL_MspInit   stm32f1xx_hal_msp.o
    0x08000826   0x08000826   0x00000002   PAD
    0x08000828   0x08000828   0x00000056   Code   RO          259    .text.HAL_NVIC_SetPriority  stm32f1xx_hal_cortex.o
    0x0800087e   0x0800087e   0x00000002   PAD
    0x08000880   0x08000880   0x00000020   Code   RO          257    .text.HAL_NVIC_SetPriorityGrouping  stm32f1xx_hal_cortex.o
    0x080008a0   0x080008a0   0x000001c2   Code   RO          153    .text.HAL_RCC_ClockConfig  stm32f1xx_hal_rcc.o
    0x08000a62   0x08000a62   0x00000002   PAD
    0x08000a64   0x08000a64   0x0000000c   Code   RO          163    .text.HAL_RCC_GetHCLKFreq  stm32f1xx_hal_rcc.o
    0x08000a70   0x08000a70   0x00000026   Code   RO          165    .text.HAL_RCC_GetPCLK1Freq  stm32f1xx_hal_rcc.o
    0x08000a96   0x08000a96   0x00000002   PAD
    0x08000a98   0x08000a98   0x00000026   Code   RO          167    .text.HAL_RCC_GetPCLK2Freq  stm32f1xx_hal_rcc.o
    0x08000abe   0x08000abe   0x00000002   PAD
    0x08000ac0   0x08000ac0   0x00000400   Code   RO          151    .text.HAL_RCC_OscConfig  stm32f1xx_hal_rcc.o
    0x08000ec0   0x08000ec0   0x0000002c   Code   RO          269    .text.HAL_SYSTICK_Config  stm32f1xx_hal_cortex.o
    0x08000eec   0x08000eec   0x000000e2   Code   RO          424    .text.HAL_UART_Init  stm32f1xx_hal_uart.o
    0x08000fce   0x08000fce   0x00000002   PAD
    0x08000fd0   0x08000fd0   0x0000007a   Code   RO           36    .text.HAL_UART_MspInit  usart.o
    0x0800104a   0x0800104a   0x00000002   PAD
    0x0800104c   0x0800104c   0x00000278   Code   RO          438    .text.HAL_UART_Transmit  stm32f1xx_hal_uart.o
    0x080012c4   0x080012c4   0x00000020   Code   RO           26    .text.MX_GPIO_Init  gpio.o
    0x080012e4   0x080012e4   0x0000003c   Code   RO           34    .text.MX_USART1_UART_Init  usart.o
    0x08001320   0x08001320   0x00000002   Code   RO           51    .text.MemManage_Handler  stm32f1xx_it.o
    0x08001322   0x08001322   0x00000002   PAD
    0x08001324   0x08001324   0x00000002   Code   RO           49    .text.NMI_Handler   stm32f1xx_it.o
    0x08001326   0x08001326   0x00000002   PAD
    0x08001328   0x08001328   0x00000012   Code   RO          874    .text.SysTick_Handler  board.o
    0x0800133a   0x0800133a   0x00000002   PAD
    0x0800133c   0x0800133c   0x00000054   Code   RO           13    .text.SystemClock_Config  main.o
    0x08001390   0x08001390   0x0000005c   Code   RO          546    .text.SystemCoreClockUpdate  system_stm32f1xx.o
    0x080013ec   0x080013ec   0x00000002   Code   RO          544    .text.SystemInit    system_stm32f1xx.o
    0x080013ee   0x080013ee   0x00000002   PAD
    0x080013f0   0x080013f0   0x00000002   Code   RO           55    .text.UsageFault_Handler  stm32f1xx_it.o
    0x080013f2   0x080013f2   0x00000002   PAD
    0x080013f4   0x080013f4   0x00000038   Code   RO          716    .text.__rt_ffs      kservice.o
    0x0800142c   0x0800142c   0x0000000a   Code   RO          931    .text.cmd_ps        msh.o
    0x08001436   0x08001436   0x00000002   PAD
    0x08001438   0x08001438   0x000000a4   Code   RO          965    .text.finsh_system_init  shell.o
    0x080014dc   0x080014dc   0x0000046c   Code   RO          959    .text.finsh_thread_entry  shell.o
    0x08001948   0x08001948   0x00000020   Code   RO          894    .text.hello         cmd.o
    0x08001968   0x08001968   0x00000088   Code   RO          904    .text.list          cmd.o
    0x080019f0   0x080019f0   0x0000026c   Code   RO          900    .text.list_sem      cmd.o
    0x08001c5c   0x08001c5c   0x0000026c   Code   RO          898    .text.list_thread   cmd.o
    0x08001ec8   0x08001ec8   0x00000578   Code   RO          902    .text.list_timer    cmd.o
    0x08002440   0x08002440   0x00000066   Code   RO           11    .text.main          main.o
    0x080024a6   0x080024a6   0x00000002   PAD
    0x080024a8   0x080024a8   0x00000032   Code   RO          598    .text.main_thread_entry  components.o
    0x080024da   0x080024da   0x00000002   PAD
    0x080024dc   0x080024dc   0x00000184   Code   RO          935    .text.msh_auto_complete  msh.o
    0x08002660   0x08002660   0x00000404   Code   RO          933    .text.msh_exec      msh.o
    0x08002a64   0x08002a64   0x0000007c   Code   RO          929    .text.msh_help      msh.o
    0x08002ae0   0x08002ae0   0x00000004   Code   RO          927    .text.msh_is_used   msh.o
    0x08002ae4   0x08002ae4   0x0000052c   Code   RO          704    .text.print_number  kservice.o
    0x08003010   0x08003010   0x0000002c   Code   RO          590    .text.rt_components_board_init  components.o
    0x0800303c   0x0800303c   0x0000001c   Code   RO          769    .text.rt_enter_critical  scheduler.o
    0x08003058   0x08003058   0x00000096   Code   RO          771    .text.rt_exit_critical  scheduler.o
    0x080030ee   0x080030ee   0x00000002   PAD
    0x080030f0   0x080030f0   0x0000002c   Code   RO          876    .text.rt_hw_board_init  board.o
    0x0800311c   0x0800311c   0x0000002a   Code   RO          882    .text.rt_hw_console_getchar  board.o
    0x08003146   0x08003146   0x00000002   PAD
    0x08003148   0x08003148   0x00000060   Code   RO          880    .text.rt_hw_console_output  board.o
    0x080031a8   0x080031a8   0x0000042c   Code   RO          855    .text.rt_hw_hard_fault_exception  cpuport.o
    0x080035d4   0x080035d4   0x0000003c   Code   RO          851    .text.rt_hw_stack_init  cpuport.o
    0x08003610   0x08003610   0x0000001c   Code   RO          655    .text.rt_interrupt_enter  irq.o
    0x0800362c   0x0800362c   0x0000001c   Code   RO          657    .text.rt_interrupt_leave  irq.o
    0x08003648   0x08003648   0x00000032   Code   RO          700    .text.rt_kprintf    kservice.o
    0x0800367a   0x0800367a   0x00000002   PAD
    0x0800367c   0x0800367c   0x000000f8   Code   RO          680    .text.rt_memmove    kservice.o
    0x08003774   0x08003774   0x000000f6   Code   RO          676    .text.rt_memset     kservice.o
    0x0800386a   0x0800386a   0x00000002   PAD
    0x0800386c   0x0800386c   0x00000024   Code   RO          742    .text.rt_object_detach  object.o
    0x08003890   0x08003890   0x0000002a   Code   RO          734    .text.rt_object_get_information  object.o
    0x080038ba   0x080038ba   0x00000002   PAD
    0x080038bc   0x080038bc   0x0000007e   Code   RO          740    .text.rt_object_init  object.o
    0x0800393a   0x0800393a   0x00000002   PAD
    0x0800393c   0x0800393c   0x00000006   Code   RO          744    .text.rt_object_is_systemobject  object.o
    0x08003942   0x08003942   0x00000002   PAD
    0x08003944   0x08003944   0x00000072   Code   RO          763    .text.rt_schedule   scheduler.o
    0x080039b6   0x080039b6   0x00000002   PAD
    0x080039b8   0x080039b8   0x00000052   Code   RO          765    .text.rt_schedule_insert_thread  scheduler.o
    0x08003a0a   0x08003a0a   0x00000002   PAD
    0x08003a0c   0x08003a0c   0x00000056   Code   RO          767    .text.rt_schedule_remove_thread  scheduler.o
    0x08003a62   0x08003a62   0x00000002   PAD
    0x08003a64   0x08003a64   0x00000020   Code   RO          635    .text.rt_sem_init   ipc.o
    0x08003a84   0x08003a84   0x000000b8   Code   RO          698    .text.rt_show_version  kservice.o
    0x08003b3c   0x08003b3c   0x0000002e   Code   RO          686    .text.rt_strlen     kservice.o
    0x08003b6a   0x08003b6a   0x00000002   PAD
    0x08003b6c   0x08003b6c   0x00000086   Code   RO          690    .text.rt_strncpy    kservice.o
    0x08003bf2   0x08003bf2   0x00000002   PAD
    0x08003bf4   0x08003bf4   0x0000012a   Code   RO          759    .text.rt_system_scheduler_init  scheduler.o
    0x08003d1e   0x08003d1e   0x00000002   PAD
    0x08003d20   0x08003d20   0x00000030   Code   RO          761    .text.rt_system_scheduler_start  scheduler.o
    0x08003d50   0x08003d50   0x00000010   Code   RO          838    .text.rt_system_timer_init  timer.o
    0x08003d60   0x08003d60   0x00000002   Code   RO          840    .text.rt_system_timer_thread_init  timer.o
    0x08003d62   0x08003d62   0x00000002   PAD
    0x08003d64   0x08003d64   0x0000007a   Code   RO          786    .text.rt_thread_exit  thread.o
    0x08003dde   0x08003dde   0x00000002   PAD
    0x08003de0   0x08003de0   0x00000002   Code   RO          622    .text.rt_thread_idle_entry  idle.o
    0x08003de2   0x08003de2   0x00000002   PAD
    0x08003de4   0x08003de4   0x0000004c   Code   RO          620    .text.rt_thread_idle_init  idle.o
    0x08003e30   0x08003e30   0x0000008e   Code   RO          788    .text.rt_thread_init  thread.o
    0x08003ebe   0x08003ebe   0x00000002   PAD
    0x08003ec0   0x08003ec0   0x0000000e   Code   RO          808    .text.rt_thread_mdelay  thread.o
    0x08003ece   0x08003ece   0x00000002   PAD
    0x08003ed0   0x08003ed0   0x0000000c   Code   RO          790    .text.rt_thread_self  thread.o
    0x08003edc   0x08003edc   0x00000078   Code   RO          800    .text.rt_thread_sleep  thread.o
    0x08003f54   0x08003f54   0x0000005c   Code   RO          792    .text.rt_thread_startup  thread.o
    0x08003fb0   0x08003fb0   0x00000028   Code   RO          812    .text.rt_thread_timeout  thread.o
    0x08003fd8   0x08003fd8   0x00000064   Code   RO          798    .text.rt_thread_yield  thread.o
    0x0800403c   0x0800403c   0x00000006   Code   RO          571    .text.rt_tick_from_millisecond  clock.o
    0x08004042   0x08004042   0x00000002   PAD
    0x08004044   0x08004044   0x0000000c   Code   RO          565    .text.rt_tick_get   clock.o
    0x08004050   0x08004050   0x00000034   Code   RO          569    .text.rt_tick_increase  clock.o
    0x08004084   0x08004084   0x00000188   Code   RO          834    .text.rt_timer_check  timer.o
    0x0800420c   0x0800420c   0x00000068   Code   RO          832    .text.rt_timer_control  timer.o
    0x08004274   0x08004274   0x00000030   Code   RO          826    .text.rt_timer_detach  timer.o
    0x080042a4   0x080042a4   0x00000032   Code   RO          824    .text.rt_timer_init  timer.o
    0x080042d6   0x080042d6   0x00000002   PAD
    0x080042d8   0x080042d8   0x000000cc   Code   RO          828    .text.rt_timer_start  timer.o
    0x080043a4   0x080043a4   0x00000038   Code   RO          830    .text.rt_timer_stop  timer.o
    0x080043dc   0x080043dc   0x000007ec   Code   RO          702    .text.rt_vsnprintf  kservice.o
    0x08004bc8   0x08004bc8   0x00000004   Code   RO          586    .text.rti_board_end  components.o
    0x08004bcc   0x08004bcc   0x00000004   Code   RO          584    .text.rti_board_start  components.o
    0x08004bd0   0x08004bd0   0x00000004   Code   RO          588    .text.rti_end       components.o
    0x08004bd4   0x08004bd4   0x00000004   Code   RO          582    .text.rti_start     components.o
    0x08004bd8   0x08004bd8   0x00000038   Code   RO          878    .text.uart_init     board.o
    0x08004c10   0x08004c10   0x0000000a   Code   RO          896    .text.version       cmd.o
    0x08004c1a   0x08004c1a   0x00000010   Data   RO          549    .rodata.AHBPrescTable  system_stm32f1xx.o
    0x08004c2a   0x08004c2a   0x00000008   Data   RO          550    .rodata.APBPrescTable  system_stm32f1xx.o
    0x08004c32   0x08004c32   0x00000002   Data   RO          178    .rodata.HAL_RCC_GetSysClockFreq.aPredivFactorTable  stm32f1xx_hal_rcc.o
    0x08004c34   0x08004c34   0x00000100   Data   RO          720    .rodata.__lowest_bit_bitmap  kservice.o
    0x08004d34   0x08004d34   0x00000010   Data   RO          177    .rodata.cst16       stm32f1xx_hal_rcc.o
    0x08004d44   0x08004d44   0x00000157   Data   RO          906    .rodata.name        cmd.o
    0x08004e9b   0x08004e9b   0x00000046   Data   RO          938    .rodata.name        msh.o
    0x08004ee1   0x08004ee1   0x00000005   Data   RO          607    .rodata.str1.1      components.o
    0x08004ee6   0x08004ee6   0x000001ad   Data   RO          862    .rodata.str1.1      cpuport.o
    0x08005093   0x08005093   0x00000096   Data   RO          910    .rodata.str1.1      cmd.o
    0x08005129   0x08005129   0x0000002e   Data   RO          937    .rodata.str1.1      msh.o
    0x08005157   0x08005157   0x00000011   Data   RO          968    .rodata.str1.1      shell.o
    0x08005168   0x08005168   0x00000004   Data   RO          602    .rti_fn.0           components.o
    0x0800516c   0x0800516c   0x00000004   Data   RO          603    .rti_fn.0.end       components.o
    0x08005170   0x08005170   0x00000004   Data   RO          884    .rti_fn.1           board.o
    0x08005174   0x08005174   0x00000004   Data   RO          604    .rti_fn.1.end       components.o
    0x08005178   0x08005178   0x00000004   Data   RO          972    .rti_fn.6           shell.o
    0x0800517c   0x0800517c   0x00000004   Data   RO          605    .rti_fn.6.end       components.o
    0x08005180   0x08005180   0x0000000c   Data   RO          907    FSymTab             cmd.o
    0x0800518c   0x0800518c   0x0000000c   Data   RO          908    FSymTab             cmd.o
    0x08005198   0x08005198   0x0000000c   Data   RO          909    FSymTab             cmd.o
    0x080051a4   0x080051a4   0x0000000c   Data   RO          911    FSymTab             cmd.o
    0x080051b0   0x080051b0   0x0000000c   Data   RO          912    FSymTab             cmd.o
    0x080051bc   0x080051bc   0x0000000c   Data   RO          913    FSymTab             cmd.o
    0x080051c8   0x080051c8   0x0000000c   Data   RO          914    FSymTab             cmd.o
    0x080051d4   0x080051d4   0x0000000c   Data   RO          915    FSymTab             cmd.o
    0x080051e0   0x080051e0   0x0000000c   Data   RO          916    FSymTab             cmd.o
    0x080051ec   0x080051ec   0x0000000c   Data   RO          917    FSymTab             cmd.o
    0x080051f8   0x080051f8   0x0000000c   Data   RO          939    FSymTab             msh.o
    0x08005204   0x08005204   0x0000000c   Data   RO          940    FSymTab             msh.o
    0x08005210   0x08005210   0x00000020   Data   RO         1159    Region$$Table       anon$$obj.o


    Execution Region RW_IRAM1 (Exec base: 0x20000000, Load base: 0x08005230, Size: 0x000013e8, Max: 0x00005000, ABSOLUTE)

    Exec Addr    Load Addr    Size         Type   Attr      Idx    E Section Name        Object

    0x20000000   0x08005230   0x00000008   Data   RW          140    .data..L_MergedGlobals  stm32f1xx_hal.o
    0x20000008   0x08005238   0x00000004   Data   RW          548    .data.SystemCoreClock  system_stm32f1xx.o
    0x2000000c   0x0800523c   0x00000030   Data   RW          750    .data.rt_object_container  object.o
    0x2000003c   0x0800526c   0x00000004   PAD
    0x20000040        -       0x00000060   Zero   RW         1024    .bss                c_w.l(libspace.o)
    0x200000a0        -       0x00000014   Zero   RW          776    .bss..L_MergedGlobals  scheduler.o
    0x200000b4        -       0x0000000c   Zero   RW          842    .bss..L_MergedGlobals  timer.o
    0x200000c0        -       0x00000014   Zero   RW          973    .bss..L_MergedGlobals  shell.o
    0x200000d4        -       0x00000048   Zero   RW          885    .bss.UartHandle     board.o
    0x2000011c        -       0x00000078   Zero   RW          969    .bss._shell         shell.o
    0x20000194        -       0x00000081   Zero   RW          967    .bss.finsh_get_prompt.finsh_prompt  shell.o
    0x20000215   0x0800526c   0x00000003   PAD
    0x20000218        -       0x00000078   Zero   RW          970    .bss.finsh_thread   shell.o
    0x20000290        -       0x00000400   Zero   RW          971    .bss.finsh_thread_stack  shell.o
    0x20000690        -       0x00000048   Zero   RW           40    .bss.huart1         usart.o
    0x200006d8        -       0x00000078   Zero   RW          626    .bss.idle           idle.o
    0x20000750        -       0x00000400   Zero   RW          608    .bss.main_stack     components.o
    0x20000b50        -       0x00000078   Zero   RW          606    .bss.main_thread    components.o
    0x20000bc8        -       0x00000004   Zero   RW          861    .bss.rt_exception_hook  cpuport.o
    0x20000bcc        -       0x00000004   Zero   RW          863    .bss.rt_interrupt_from_thread  cpuport.o
    0x20000bd0        -       0x00000001   Zero   RW          661    .bss.rt_interrupt_nest  irq.o
    0x20000bd1   0x0800526c   0x00000003   PAD
    0x20000bd4        -       0x00000004   Zero   RW          864    .bss.rt_interrupt_to_thread  cpuport.o
    0x20000bd8        -       0x00000080   Zero   RW          719    .bss.rt_kprintf.rt_log_buf  kservice.o
    0x20000c58        -       0x00000100   Zero   RW          775    .bss.rt_thread_priority_table  scheduler.o
    0x20000d58        -       0x00000080   Zero   RW          627    .bss.rt_thread_stack  idle.o
    0x20000dd8        -       0x00000004   Zero   RW          865    .bss.rt_thread_switch_interrupt_flag  cpuport.o
    0x20000ddc        -       0x00000004   Zero   RW          573    .bss.rt_tick        clock.o
    0x20000de0        -       0x00000004   Zero   RW          139    .bss.uwTick         stm32f1xx_hal.o
    0x20000de4   0x0800526c   0x00000004   PAD
    0x20000de8        -       0x00000200   Zero   RW            2    HEAP                startup_stm32f103xb.o
    0x20000fe8        -       0x00000400   Zero   RW            1    STACK               startup_stm32f103xb.o


==============================================================================

Image component sizes


      Code (inc. data)   RO Data    RW Data    ZI Data      Debug   Object Name

       256          0          4          0         72       4526   board.o
        70          0          0          0          4       2683   clock.o
      2818        420        613          0          0      16233   cmd.o
       218          0         21          0       1144       3836   components.o
       244         28          0          0          0        832   context_rvds.o
      1128        168        429          0         16       4479   cpuport.o
        32          0          0          0          0        901   gpio.o
        78          8          0          0        248       2315   idle.o
        32          0          0          0          0       6320   ipc.o
        56          0          0          0          1       1206   irq.o
      4316        432        256          0        128      24550   kservice.o
       196          0          0          0          0       2419   main.o
      1554         64        140          0          0       6903   msh.o
       210          0          0         48          0       6612   object.o
       806          0          0          0        276       6162   scheduler.o
      1296        194         21          0       1413       6548   shell.o
        64         26        236          0       1536        800   startup_stm32f103xb.o
       122          0          0          8          4       5763   stm32f1xx_hal.o
       162          0          0          0          0       8454   stm32f1xx_hal_cortex.o
       526         20          0          0          0       4636   stm32f1xx_hal_gpio.o
        66          0          0          0          0       1213   stm32f1xx_hal_msp.o
      1562          0         18          0          0       7944   stm32f1xx_hal_rcc.o
       858          0          0          0          0      32605   stm32f1xx_hal_uart.o
        10          0          0          0          0        705   stm32f1xx_it.o
        94          0         24          4          0       1601   system_stm32f1xx.o
       642          0          0          0          0       8941   thread.o
       872          8          0          0         12       8165   timer.o
       182          0          0          0         72       4537   usart.o

    ----------------------------------------------------------------------
     18550       1368       1794         60       4940     181889   Object Totals
         0          0         32          0          0          0   (incl. Generated)
        80          0          0          0         14          0   (incl. Padding)

    ----------------------------------------------------------------------

      Code (inc. data)   RO Data    RW Data    ZI Data      Debug   Library Member Name

         8          0          0          0          0         68   __main.o
         0          0          0          0          0          0   __rtentry.o
        12          0          0          0          0          0   __rtentry2.o
         6          0          0          0          0          0   __rtentry4.o
        94          8          0          0          0          0   __scatter.o
        26          0          0          0          0          0   __scatter_copy.o
        28          0          0          0          0          0   __scatter_zi.o
        16          0          0          0          0         68   aeabi_memset.o
        18          0          0          0          0         80   exit.o
         6          0          0          0          0        152   heapauxi.o
         0          0          0          0          0          0   indicate_semi.o
         2          0          0          0          0          0   libinit.o
         2          0          0          0          0          0   libinit2.o
         2          0          0          0          0          0   libshutdown.o
         2          0          0          0          0          0   libshutdown2.o
         8          4          0          0         96         68   libspace.o
        68          0          0          0          0         68   rt_memclr.o
        78          0          0          0          0         80   rt_memclr_w.o
         2          0          0          0          0          0   rtexit.o
        10          0          0          0          0          0   rtexit2.o
        62          0          0          0          0         76   strlen.o
       150          0          0          0          0         80   strncmp.o
        12          4          0          0          0         68   sys_exit.o
        74          0          0          0          0         80   sys_stackheap_outer.o
         2          0          0          0          0         68   use_no_semi.o

    ----------------------------------------------------------------------
       696         16          0          0         96        956   Library Totals
         8          0          0          0          0          0   (incl. Padding)

    ----------------------------------------------------------------------

      Code (inc. data)   RO Data    RW Data    ZI Data      Debug   Library Name

       688         16          0          0         96        956   c_w.l

    ----------------------------------------------------------------------
       696         16          0          0         96        956   Library Totals

    ----------------------------------------------------------------------

==============================================================================


      Code (inc. data)   RO Data    RW Data    ZI Data      Debug   

     19246       1384       1794         60       5036     181993   Grand Totals
     19246       1384       1794         60       5036     181993   ELF Image Totals
     19246       1384       1794         60          0          0   ROM Totals

==============================================================================

    Total RO  Size (Code + RO Data)                21040 (  20.55kB)
    Total RW  Size (RW Data + ZI Data)              5096 (   4.98kB)
    Total ROM Size (Code + RO Data + RW Data)      21100 (  20.61kB)

==============================================================================

