<html>
<body>
<pre>
<h1>µVision Build Log</h1>
<h2>Tool Versions:</h2>
IDE-Version: ¦ÌVision V5.39.0.0
Copyright (C) 2023 ARM Ltd and ARM Germany GmbH. All rights reserved.
License Information: 1 1436582605@qq.com, 1, LIC=----
 
Tool Versions:
Toolchain:       MDK-Lite  Version: 5.39.0.0
Toolchain Path:  E:\software\Keil_v5\ARM\ARMCLANG\Bin
C Compiler:      ArmClang.exe V6.21
Assembler:       Armasm.exe V6.21
Linker/Locator:  ArmLink.exe V6.21
Library Manager: ArmAr.exe V6.21
Hex Converter:   FromElf.exe V6.21
CPU DLL:         SARMCM3.DLL V5.39.0.0
Dialog DLL:      DCM.DLL V1.17.5.0
Target DLL:      STLink\ST-LINKIII-KEIL_SWO.dll V3.2.0.0
Dialog DLL:      TCM.DLL V1.56.4.0
 
<h2>Project:</h2>
E:\study\Keil Code\QRS\2023-2024-2\rt_test_demo\MDK-ARM\rt_test_demo.uvprojx
Project File Date:  05/28/2024

<h2>Output:</h2>
*** Using Compiler 'V6.21', folder: 'E:\software\Keil_v5\ARM\ARMCLANG\Bin'
Build target 'rt_test_demo'
assembling startup_stm32f103xb.s...
compiling usart.c...
compiling stm32f1xx_hal_msp.c...
../Core/Src/main.c(26): warning: In file included from...
../Middlewares/Third_Party/RealThread_RTOS/include\rtthread.h(511): warning: In file included from...
../Middlewares/Third_Party/RealThread_RTOS/finsh\finsh_api.h(94): warning: 'FINSH_FUNCTION_EXPORT_CMD' macro redefined [-Wmacro-redefined]
   94 |             #define FINSH_FUNCTION_EXPORT_CMD(name, cmd, desc)                      \
      |                     ^
../Middlewares/Third_Party/RealThread_RTOS/include\rtdef.h(231): note: previous definition is here
  231 | #define FINSH_FUNCTION_EXPORT_CMD(name, cmd, desc)
      |         ^
1 warning generated.
compiling main.c...
compiling stm32f1xx_hal_pwr.c...
compiling stm32f1xx_it.c...
compiling stm32f1xx_hal_cortex.c...
compiling gpio.c...
compiling stm32f1xx_hal_gpio_ex.c...
compiling stm32f1xx_hal_flash.c...
compiling stm32f1xx_hal.c...
compiling stm32f1xx_hal_rcc_ex.c...
compiling stm32f1xx_hal_gpio.c...
compiling stm32f1xx_hal_rcc.c...
compiling stm32f1xx_hal_dma.c...
compiling stm32f1xx_hal_tim.c...
compiling stm32f1xx_hal_exti.c...
compiling stm32f1xx_hal_flash_ex.c...
compiling stm32f1xx_hal_tim_ex.c...
../Middlewares/Third_Party/RealThread_RTOS/src/cpu.c(11): warning: In file included from...
../Middlewares/Third_Party/RealThread_RTOS/include\rtthread.h(511): warning: In file included from...
../Middlewares/Third_Party/RealThread_RTOS/finsh\finsh_api.h(94): warning: 'FINSH_FUNCTION_EXPORT_CMD' macro redefined [-Wmacro-redefined]
   94 |             #define FINSH_FUNCTION_EXPORT_CMD(name, cmd, desc)                      \
      |                     ^
../Middlewares/Third_Party/RealThread_RTOS/include\rtdef.h(231): note: previous definition is here
  231 | #define FINSH_FUNCTION_EXPORT_CMD(name, cmd, desc)
      |         ^
1 warning generated.
compiling cpu.c...
../Middlewares/Third_Party/RealThread_RTOS/src/clock.c(18): warning: In file included from...
../Middlewares/Third_Party/RealThread_RTOS/include\rthw.h(18): warning: In file included from...
../Middlewares/Third_Party/RealThread_RTOS/include\rtthread.h(511): warning: In file included from...
../Middlewares/Third_Party/RealThread_RTOS/finsh\finsh_api.h(94): warning: 'FINSH_FUNCTION_EXPORT_CMD' macro redefined [-Wmacro-redefined]
   94 |             #define FINSH_FUNCTION_EXPORT_CMD(name, cmd, desc)                      \
      |                     ^
../Middlewares/Third_Party/RealThread_RTOS/include\rtdef.h(231): note: previous definition is here
  231 | #define FINSH_FUNCTION_EXPORT_CMD(name, cmd, desc)
      |         ^
1 warning generated.
compiling clock.c...
compiling system_stm32f1xx.c...
../Middlewares/Third_Party/RealThread_RTOS/src/components.c(20): warning: In file included from...
../Middlewares/Third_Party/RealThread_RTOS/include\rthw.h(18): warning: In file included from...
../Middlewares/Third_Party/RealThread_RTOS/include\rtthread.h(511): warning: In file included from...
../Middlewares/Third_Party/RealThread_RTOS/finsh\finsh_api.h(94): warning: 'FINSH_FUNCTION_EXPORT_CMD' macro redefined [-Wmacro-redefined]
   94 |             #define FINSH_FUNCTION_EXPORT_CMD(name, cmd, desc)                      \
      |                     ^
../Middlewares/Third_Party/RealThread_RTOS/include\rtdef.h(231): note: previous definition is here
  231 | #define FINSH_FUNCTION_EXPORT_CMD(name, cmd, desc)
      |         ^
1 warning generated.
compiling components.c...
../Middlewares/Third_Party/RealThread_RTOS/src/idle.c(20): warning: In file included from...
../Middlewares/Third_Party/RealThread_RTOS/include\rthw.h(18): warning: In file included from...
../Middlewares/Third_Party/RealThread_RTOS/include\rtthread.h(511): warning: In file included from...
../Middlewares/Third_Party/RealThread_RTOS/finsh\finsh_api.h(94): warning: 'FINSH_FUNCTION_EXPORT_CMD' macro redefined [-Wmacro-redefined]
   94 |             #define FINSH_FUNCTION_EXPORT_CMD(name, cmd, desc)                      \
      |                     ^
../Middlewares/Third_Party/RealThread_RTOS/include\rtdef.h(231): note: previous definition is here
  231 | #define FINSH_FUNCTION_EXPORT_CMD(name, cmd, desc)
      |         ^
1 warning generated.
compiling idle.c...
assembling context_rvds.S...
../Middlewares/Third_Party/RealThread_RTOS/src/irq.c(14): warning: In file included from...
../Middlewares/Third_Party/RealThread_RTOS/include\rthw.h(18): warning: In file included from...
../Middlewares/Third_Party/RealThread_RTOS/include\rtthread.h(511): warning: In file included from...
../Middlewares/Third_Party/RealThread_RTOS/finsh\finsh_api.h(94): warning: 'FINSH_FUNCTION_EXPORT_CMD' macro redefined [-Wmacro-redefined]
   94 |             #define FINSH_FUNCTION_EXPORT_CMD(name, cmd, desc)                      \
      |                     ^
../Middlewares/Third_Party/RealThread_RTOS/include\rtdef.h(231): note: previous definition is here
  231 | #define FINSH_FUNCTION_EXPORT_CMD(name, cmd, desc)
      |         ^
1 warning generated.
compiling irq.c...
../Middlewares/Third_Party/RealThread_RTOS/src/ipc.c(42): warning: In file included from...
../Middlewares/Third_Party/RealThread_RTOS/include\rtthread.h(511): warning: In file included from...
../Middlewares/Third_Party/RealThread_RTOS/finsh\finsh_api.h(94): warning: 'FINSH_FUNCTION_EXPORT_CMD' macro redefined [-Wmacro-redefined]
   94 |             #define FINSH_FUNCTION_EXPORT_CMD(name, cmd, desc)                      \
      |                     ^
../Middlewares/Third_Party/RealThread_RTOS/include\rtdef.h(231): note: previous definition is here
  231 | #define FINSH_FUNCTION_EXPORT_CMD(name, cmd, desc)
      |         ^
1 warning generated.
compiling ipc.c...
../Middlewares/Third_Party/RealThread_RTOS/src/mem.c(50): warning: In file included from...
../Middlewares/Third_Party/RealThread_RTOS/include\rthw.h(18): warning: In file included from...
../Middlewares/Third_Party/RealThread_RTOS/include\rtthread.h(511): warning: In file included from...
../Middlewares/Third_Party/RealThread_RTOS/finsh\finsh_api.h(94): warning: 'FINSH_FUNCTION_EXPORT_CMD' macro redefined [-Wmacro-redefined]
   94 |             #define FINSH_FUNCTION_EXPORT_CMD(name, cmd, desc)                      \
      |                     ^
../Middlewares/Third_Party/RealThread_RTOS/include\rtdef.h(231): note: previous definition is here
  231 | #define FINSH_FUNCTION_EXPORT_CMD(name, cmd, desc)
      |         ^
1 warning generated.
compiling mem.c...
../Middlewares/Third_Party/RealThread_RTOS/src/memheap.c(22): warning: In file included from...
../Middlewares/Third_Party/RealThread_RTOS/include\rthw.h(18): warning: In file included from...
../Middlewares/Third_Party/RealThread_RTOS/include\rtthread.h(511): warning: In file included from...
../Middlewares/Third_Party/RealThread_RTOS/finsh\finsh_api.h(94): warning: 'FINSH_FUNCTION_EXPORT_CMD' macro redefined [-Wmacro-redefined]
   94 |             #define FINSH_FUNCTION_EXPORT_CMD(name, cmd, desc)                      \
      |                     ^
../Middlewares/Third_Party/RealThread_RTOS/include\rtdef.h(231): note: previous definition is here
  231 | #define FINSH_FUNCTION_EXPORT_CMD(name, cmd, desc)
      |         ^
1 warning generated.
compiling memheap.c...
../Middlewares/Third_Party/RealThread_RTOS/src/mempool.c(19): warning: In file included from...
../Middlewares/Third_Party/RealThread_RTOS/include\rthw.h(18): warning: In file included from...
../Middlewares/Third_Party/RealThread_RTOS/include\rtthread.h(511): warning: In file included from...
../Middlewares/Third_Party/RealThread_RTOS/finsh\finsh_api.h(94): warning: 'FINSH_FUNCTION_EXPORT_CMD' macro redefined [-Wmacro-redefined]
   94 |             #define FINSH_FUNCTION_EXPORT_CMD(name, cmd, desc)                      \
      |                     ^
../Middlewares/Third_Party/RealThread_RTOS/include\rtdef.h(231): note: previous definition is here
  231 | #define FINSH_FUNCTION_EXPORT_CMD(name, cmd, desc)
      |         ^
1 warning generated.
compiling mempool.c...
../Middlewares/Third_Party/RealThread_RTOS/src/object.c(18): warning: In file included from...
../Middlewares/Third_Party/RealThread_RTOS/include\rtthread.h(511): warning: In file included from...
../Middlewares/Third_Party/RealThread_RTOS/finsh\finsh_api.h(94): warning: 'FINSH_FUNCTION_EXPORT_CMD' macro redefined [-Wmacro-redefined]
   94 |             #define FINSH_FUNCTION_EXPORT_CMD(name, cmd, desc)                      \
      |                     ^
../Middlewares/Third_Party/RealThread_RTOS/include\rtdef.h(231): note: previous definition is here
  231 | #define FINSH_FUNCTION_EXPORT_CMD(name, cmd, desc)
      |         ^
1 warning generated.
compiling object.c...
../Middlewares/Third_Party/RealThread_RTOS/src/scheduler.c(33): warning: In file included from...
../Middlewares/Third_Party/RealThread_RTOS/include\rtthread.h(511): warning: In file included from...
../Middlewares/Third_Party/RealThread_RTOS/finsh\finsh_api.h(94): warning: 'FINSH_FUNCTION_EXPORT_CMD' macro redefined [-Wmacro-redefined]
   94 |             #define FINSH_FUNCTION_EXPORT_CMD(name, cmd, desc)                      \
      |                     ^
../Middlewares/Third_Party/RealThread_RTOS/include\rtdef.h(231): note: previous definition is here
  231 | #define FINSH_FUNCTION_EXPORT_CMD(name, cmd, desc)
      |         ^
1 warning generated.
compiling scheduler.c...
../Middlewares/Third_Party/RealThread_RTOS/src/slab.c(55): warning: In file included from...
../Middlewares/Third_Party/RealThread_RTOS/include\rthw.h(18): warning: In file included from...
../Middlewares/Third_Party/RealThread_RTOS/include\rtthread.h(511): warning: In file included from...
../Middlewares/Third_Party/RealThread_RTOS/finsh\finsh_api.h(94): warning: 'FINSH_FUNCTION_EXPORT_CMD' macro redefined [-Wmacro-redefined]
   94 |             #define FINSH_FUNCTION_EXPORT_CMD(name, cmd, desc)                      \
      |                     ^
../Middlewares/Third_Party/RealThread_RTOS/include\rtdef.h(231): note: previous definition is here
  231 | #define FINSH_FUNCTION_EXPORT_CMD(name, cmd, desc)
      |         ^
1 warning generated.
compiling slab.c...
../Middlewares/Third_Party/RealThread_RTOS/src/timer.c(21): warning: In file included from...
../Middlewares/Third_Party/RealThread_RTOS/include\rtthread.h(511): warning: In file included from...
../Middlewares/Third_Party/RealThread_RTOS/finsh\finsh_api.h(94): warning: 'FINSH_FUNCTION_EXPORT_CMD' macro redefined [-Wmacro-redefined]
   94 |             #define FINSH_FUNCTION_EXPORT_CMD(name, cmd, desc)                      \
      |                     ^
../Middlewares/Third_Party/RealThread_RTOS/include\rtdef.h(231): note: previous definition is here
  231 | #define FINSH_FUNCTION_EXPORT_CMD(name, cmd, desc)
      |         ^
1 warning generated.
compiling timer.c...
../Middlewares/Third_Party/RealThread_RTOS/src/thread.c(31): warning: In file included from...
../Middlewares/Third_Party/RealThread_RTOS/include\rthw.h(18): warning: In file included from...
../Middlewares/Third_Party/RealThread_RTOS/include\rtthread.h(511): warning: In file included from...
../Middlewares/Third_Party/RealThread_RTOS/finsh\finsh_api.h(94): warning: 'FINSH_FUNCTION_EXPORT_CMD' macro redefined [-Wmacro-redefined]
   94 |             #define FINSH_FUNCTION_EXPORT_CMD(name, cmd, desc)                      \
      |                     ^
../Middlewares/Third_Party/RealThread_RTOS/include\rtdef.h(231): note: previous definition is here
  231 | #define FINSH_FUNCTION_EXPORT_CMD(name, cmd, desc)
      |         ^
1 warning generated.
compiling thread.c...
../Middlewares/Third_Party/RealThread_RTOS/src/kservice.c(22): warning: In file included from...
../Middlewares/Third_Party/RealThread_RTOS/include\rtthread.h(511): warning: In file included from...
../Middlewares/Third_Party/RealThread_RTOS/finsh\finsh_api.h(94): warning: 'FINSH_FUNCTION_EXPORT_CMD' macro redefined [-Wmacro-redefined]
   94 |             #define FINSH_FUNCTION_EXPORT_CMD(name, cmd, desc)                      \
      |                     ^
../Middlewares/Third_Party/RealThread_RTOS/include\rtdef.h(231): note: previous definition is here
  231 | #define FINSH_FUNCTION_EXPORT_CMD(name, cmd, desc)
      |         ^
1 warning generated.
compiling kservice.c...
../Middlewares/Third_Party/RealThread_RTOS/libcpu/arm/cortex-m3/cpuport.c(17): warning: In file included from...
../Middlewares/Third_Party/RealThread_RTOS/include\rtthread.h(511): warning: In file included from...
../Middlewares/Third_Party/RealThread_RTOS/finsh\finsh_api.h(94): warning: 'FINSH_FUNCTION_EXPORT_CMD' macro redefined [-Wmacro-redefined]
   94 |             #define FINSH_FUNCTION_EXPORT_CMD(name, cmd, desc)                      \
      |                     ^
../Middlewares/Third_Party/RealThread_RTOS/include\rtdef.h(231): note: previous definition is here
  231 | #define FINSH_FUNCTION_EXPORT_CMD(name, cmd, desc)
      |         ^
1 warning generated.
compiling cpuport.c...
compiling stm32f1xx_hal_uart.c...
../Middlewares/Third_Party/RealThread_RTOS/components/finsh/finsh_port.c(10): warning: In file included from...
../Middlewares/Third_Party/RealThread_RTOS/include\rthw.h(18): warning: In file included from...
../Middlewares/Third_Party/RealThread_RTOS/include\rtthread.h(511): warning: In file included from...
../Middlewares/Third_Party/RealThread_RTOS/finsh\finsh_api.h(94): warning: 'FINSH_FUNCTION_EXPORT_CMD' macro redefined [-Wmacro-redefined]
   94 |             #define FINSH_FUNCTION_EXPORT_CMD(name, cmd, desc)                      \
      |                     ^
../Middlewares/Third_Party/RealThread_RTOS/include\rtdef.h(231): note: previous definition is here
  231 | #define FINSH_FUNCTION_EXPORT_CMD(name, cmd, desc)
      |         ^
1 warning generated.
compiling finsh_port.c...
../Middlewares/Third_Party/RealThread_RTOS/bsp/_template/cubemx_config/board.c(11): warning: In file included from...
../Middlewares/Third_Party/RealThread_RTOS/include\rthw.h(18): warning: In file included from...
../Middlewares/Third_Party/RealThread_RTOS/include\rtthread.h(511): warning: In file included from...
../Middlewares/Third_Party/RealThread_RTOS/finsh\finsh_api.h(94): warning: 'FINSH_FUNCTION_EXPORT_CMD' macro redefined [-Wmacro-redefined]
   94 |             #define FINSH_FUNCTION_EXPORT_CMD(name, cmd, desc)                      \
      |                     ^
../Middlewares/Third_Party/RealThread_RTOS/include\rtdef.h(231): note: previous definition is here
  231 | #define FINSH_FUNCTION_EXPORT_CMD(name, cmd, desc)
      |         ^
1 warning generated.
compiling board.c...
../Middlewares/Third_Party/RealThread_RTOS/components/finsh/cmd.c(33): warning: In file included from...
../Middlewares/Third_Party/RealThread_RTOS/include\rthw.h(18): warning: In file included from...
../Middlewares/Third_Party/RealThread_RTOS/include\rtthread.h(511): warning: In file included from...
../Middlewares/Third_Party/RealThread_RTOS/finsh\finsh_api.h(94): warning: 'FINSH_FUNCTION_EXPORT_CMD' macro redefined [-Wmacro-redefined]
   94 |             #define FINSH_FUNCTION_EXPORT_CMD(name, cmd, desc)                      \
      |                     ^
../Middlewares/Third_Party/RealThread_RTOS/include\rtdef.h(231): note: previous definition is here
  231 | #define FINSH_FUNCTION_EXPORT_CMD(name, cmd, desc)
      |         ^
1 warning generated.
compiling cmd.c...
../Middlewares/Third_Party/RealThread_RTOS/components/finsh/msh.c(12): warning: In file included from...
../Middlewares/Third_Party/RealThread_RTOS/include\rtthread.h(511): warning: In file included from...
../Middlewares/Third_Party/RealThread_RTOS/finsh\finsh_api.h(94): warning: 'FINSH_FUNCTION_EXPORT_CMD' macro redefined [-Wmacro-redefined]
   94 |             #define FINSH_FUNCTION_EXPORT_CMD(name, cmd, desc)                      \
      |                     ^
../Middlewares/Third_Party/RealThread_RTOS/include\rtdef.h(231): note: previous definition is here
  231 | #define FINSH_FUNCTION_EXPORT_CMD(name, cmd, desc)
      |         ^
1 warning generated.
compiling msh.c...
../Middlewares/Third_Party/RealThread_RTOS/components/finsh/shell.c(21): warning: In file included from...
../Middlewares/Third_Party/RealThread_RTOS/include\rthw.h(18): warning: In file included from...
../Middlewares/Third_Party/RealThread_RTOS/include\rtthread.h(511): warning: In file included from...
../Middlewares/Third_Party/RealThread_RTOS/finsh\finsh_api.h(94): warning: 'FINSH_FUNCTION_EXPORT_CMD' macro redefined [-Wmacro-redefined]
   94 |             #define FINSH_FUNCTION_EXPORT_CMD(name, cmd, desc)                      \
      |                     ^
../Middlewares/Third_Party/RealThread_RTOS/include\rtdef.h(231): note: previous definition is here
  231 | #define FINSH_FUNCTION_EXPORT_CMD(name, cmd, desc)
      |         ^
1 warning generated.
compiling shell.c...
linking...
Program Size: Code=19246 RO-data=1794 RW-data=60 ZI-data=5036  
FromELF: creating hex file...
"rt_test_demo\rt_test_demo.axf" - 0 Error(s), 22 Warning(s).

<h2>Software Packages used:</h2>

Package Vendor: ARM
                http://www.keil.com/pack/ARM.CMSIS.5.9.0.pack
                ARM::CMSIS@5.9.0
                CMSIS (Common Microcontroller Software Interface Standard)
   * Component: CORE Version: 5.6.0

Package Vendor: Keil
                https://www.keil.com/pack/Keil.STM32F1xx_DFP.2.4.1.pack
                Keil::STM32F1xx_DFP@2.4.1
                STMicroelectronics STM32F1 Series Device Support, Drivers and Examples

<h2>Collection of Component include folders:</h2>
  ./RTE/_rt_test_demo
  E:/software/Keil_v5/ARM/Packs/ARM/CMSIS/5.9.0/CMSIS/Core/Include
  E:/software/Keil_v5/ARM/Packs/Keil/STM32F1xx_DFP/2.4.1/Device/Include

<h2>Collection of Component Files used:</h2>

   * Component: ARM::CMSIS:CORE@5.6.0
      Include file:  CMSIS/Core/Include/tz_context.h
Build Time Elapsed:  00:00:04
</pre>
</body>
</html>
