Component: Arm Compiler for Embedded 6.18 Tool: armlink [5e4cc100]

==============================================================================

Section Cross References

    startup_stm32f103xb.o(STACK) refers (Special) to heapauxi.o(.text) for __use_two_region_memory
    startup_stm32f103xb.o(HEAP) refers (Special) to heapauxi.o(.text) for __use_two_region_memory
    startup_stm32f103xb.o(RESET) refers (Special) to heapauxi.o(.text) for __use_two_region_memory
    startup_stm32f103xb.o(RESET) refers to startup_stm32f103xb.o(STACK) for __initial_sp
    startup_stm32f103xb.o(RESET) refers to startup_stm32f103xb.o(.text) for Reset_Handler
    startup_stm32f103xb.o(RESET) refers to stm32f1xx_it.o(.text.NMI_Handler) for NMI_Handler
    startup_stm32f103xb.o(RESET) refers to context_rvds.o(.text) for HardFault_Handler
    startup_stm32f103xb.o(RESET) refers to stm32f1xx_it.o(.text.MemManage_Handler) for MemManage_Handler
    startup_stm32f103xb.o(RESET) refers to stm32f1xx_it.o(.text.BusFault_Handler) for BusFault_Handler
    startup_stm32f103xb.o(RESET) refers to stm32f1xx_it.o(.text.UsageFault_Handler) for UsageFault_Handler
    startup_stm32f103xb.o(RESET) refers to stm32f1xx_it.o(.text.DebugMon_Handler) for DebugMon_Handler
    startup_stm32f103xb.o(RESET) refers to board.o(.text.SysTick_Handler) for SysTick_Handler
    startup_stm32f103xb.o(.text) refers (Special) to heapauxi.o(.text) for __use_two_region_memory
    startup_stm32f103xb.o(.text) refers to system_stm32f1xx.o(.text.SystemInit) for SystemInit
    startup_stm32f103xb.o(.text) refers to __main.o(!!!main) for __main
    startup_stm32f103xb.o(.text) refers to startup_stm32f103xb.o(HEAP) for Heap_Mem
    startup_stm32f103xb.o(.text) refers to startup_stm32f103xb.o(STACK) for Stack_Mem
    main.o(.text.initial_speed) refers to main.o(.data..L_MergedGlobals) for .L_MergedGlobals
    main.o(.ARM.exidx.text.initial_speed) refers to main.o(.text.initial_speed) for [Anonymous Symbol]
    main.o(.text.main) refers to stm32f1xx_hal.o(.text.HAL_Init) for HAL_Init
    main.o(.text.main) refers to rt_memclr_w.o(.text) for __aeabi_memclr4
    main.o(.text.main) refers to stm32f1xx_hal_rcc.o(.text.HAL_RCC_OscConfig) for HAL_RCC_OscConfig
    main.o(.text.main) refers to stm32f1xx_hal_rcc.o(.text.HAL_RCC_ClockConfig) for HAL_RCC_ClockConfig
    main.o(.text.main) refers to gpio.o(.text.MX_GPIO_Init) for MX_GPIO_Init
    main.o(.text.main) refers to tim.o(.text.MX_TIM2_Init) for MX_TIM2_Init
    main.o(.text.main) refers to tim.o(.text.MX_TIM3_Init) for MX_TIM3_Init
    main.o(.text.main) refers to usart.o(.text.MX_USART1_UART_Init) for MX_USART1_UART_Init
    main.o(.text.main) refers to usart.o(.text.MX_USART2_UART_Init) for MX_USART2_UART_Init
    main.o(.text.main) refers to main.o(.data..L_MergedGlobals) for .L_MergedGlobals
    main.o(.text.main) refers to stm32f1xx_hal_gpio.o(.text.HAL_GPIO_WritePin) for HAL_GPIO_WritePin
    main.o(.text.main) refers to tim.o(.bss.htim2) for htim2
    main.o(.text.main) refers to stm32f1xx_hal_tim.o(.text.HAL_TIM_PWM_Start) for HAL_TIM_PWM_Start
    main.o(.text.main) refers to tim.o(.bss.htim3) for htim3
    main.o(.text.main) refers to thread.o(.text.rt_thread_mdelay) for rt_thread_mdelay
    main.o(.ARM.exidx.text.main) refers to main.o(.text.main) for [Anonymous Symbol]
    main.o(.text.SystemClock_Config) refers to rt_memclr_w.o(.text) for __aeabi_memclr4
    main.o(.text.SystemClock_Config) refers to stm32f1xx_hal_rcc.o(.text.HAL_RCC_OscConfig) for HAL_RCC_OscConfig
    main.o(.text.SystemClock_Config) refers to stm32f1xx_hal_rcc.o(.text.HAL_RCC_ClockConfig) for HAL_RCC_ClockConfig
    main.o(.ARM.exidx.text.SystemClock_Config) refers to main.o(.text.SystemClock_Config) for [Anonymous Symbol]
    main.o(.ARM.exidx.text.Error_Handler) refers to main.o(.text.Error_Handler) for [Anonymous Symbol]
    main.o(.text.set_speed) refers to tim.o(.bss.htim2) for htim2
    main.o(.text.set_speed) refers to tim.o(.bss.htim3) for htim3
    main.o(.ARM.exidx.text.set_speed) refers to main.o(.text.set_speed) for [Anonymous Symbol]
    gpio.o(.text.MX_GPIO_Init) refers to stm32f1xx_hal_gpio.o(.text.HAL_GPIO_WritePin) for HAL_GPIO_WritePin
    gpio.o(.text.MX_GPIO_Init) refers to stm32f1xx_hal_gpio.o(.text.HAL_GPIO_Init) for HAL_GPIO_Init
    gpio.o(.ARM.exidx.text.MX_GPIO_Init) refers to gpio.o(.text.MX_GPIO_Init) for [Anonymous Symbol]
    tim.o(.text.MX_TIM2_Init) refers to tim.o(.bss.htim2) for htim2
    tim.o(.text.MX_TIM2_Init) refers to stm32f1xx_hal_tim.o(.text.HAL_TIM_PWM_Init) for HAL_TIM_PWM_Init
    tim.o(.text.MX_TIM2_Init) refers to main.o(.text.Error_Handler) for Error_Handler
    tim.o(.text.MX_TIM2_Init) refers to stm32f1xx_hal_tim_ex.o(.text.HAL_TIMEx_MasterConfigSynchronization) for HAL_TIMEx_MasterConfigSynchronization
    tim.o(.text.MX_TIM2_Init) refers to stm32f1xx_hal_tim.o(.text.HAL_TIM_PWM_ConfigChannel) for HAL_TIM_PWM_ConfigChannel
[...]
    [Anonymous Symbol]                       0x08003b98   Section        0  board.o(.text.rt_heap_end_get)
    [Anonymous Symbol]                       0x08003ba8   Section        0  board.o(.text.rt_hw_board_init)
    [Anonymous Symbol]                       0x08003be8   Section        0  board.o(.text.rt_hw_console_getchar)
    [Anonymous Symbol]                       0x08003c10   Section        0  board.o(.text.rt_hw_console_output)
    [Anonymous Symbol]                       0x08003c70   Section        0  cpuport.o(.text.rt_hw_hard_fault_exception)
    [Anonymous Symbol]                       0x0800409c   Section        0  cpuport.o(.text.rt_hw_stack_init)
    [Anonymous Symbol]                       0x080040d8   Section        0  irq.o(.text.rt_interrupt_enter)
    [Anonymous Symbol]                       0x080040f4   Section        0  irq.o(.text.rt_interrupt_leave)
    [Anonymous Symbol]                       0x08004110   Section        0  kservice.o(.text.rt_kprintf)
    [Anonymous Symbol]                       0x08004144   Section        0  mem.o(.text.rt_malloc)
    [Anonymous Symbol]                       0x08004308   Section        0  kservice.o(.text.rt_memmove)
    [Anonymous Symbol]                       0x080043f4   Section        0  kservice.o(.text.rt_memset)
    [Anonymous Symbol]                       0x080044ec   Section        0  object.o(.text.rt_object_allocate)
    [Anonymous Symbol]                       0x08004560   Section        0  object.o(.text.rt_object_delete)
    [Anonymous Symbol]                       0x0800458c   Section        0  object.o(.text.rt_object_detach)
    [Anonymous Symbol]                       0x080045b0   Section        0  object.o(.text.rt_object_get_information)
    [Anonymous Symbol]                       0x080045dc   Section        0  object.o(.text.rt_object_init)
    [Anonymous Symbol]                       0x0800465c   Section        0  object.o(.text.rt_object_is_systemobject)
    [Anonymous Symbol]                       0x08004664   Section        0  scheduler.o(.text.rt_schedule)
    [Anonymous Symbol]                       0x080046d8   Section        0  scheduler.o(.text.rt_schedule_insert_thread)
    [Anonymous Symbol]                       0x0800472c   Section        0  scheduler.o(.text.rt_schedule_remove_thread)
    [Anonymous Symbol]                       0x08004784   Section        0  ipc.o(.text.rt_sem_init)
    [Anonymous Symbol]                       0x080047a4   Section        0  ipc.o(.text.rt_sem_release)
    [Anonymous Symbol]                       0x080047f8   Section        0  ipc.o(.text.rt_sem_take)
    [Anonymous Symbol]                       0x080048f4   Section        0  kservice.o(.text.rt_show_version)
    [Anonymous Symbol]                       0x080049ac   Section        0  kservice.o(.text.rt_strlen)
    [Anonymous Symbol]                       0x080049e8   Section        0  kservice.o(.text.rt_strncpy)
    [Anonymous Symbol]                       0x08004a70   Section        0  mem.o(.text.rt_system_heap_init)
    [Anonymous Symbol]                       0x08004b24   Section        0  scheduler.o(.text.rt_system_scheduler_init)
    [Anonymous Symbol]                       0x08004c50   Section        0  scheduler.o(.text.rt_system_scheduler_start)
    [Anonymous Symbol]                       0x08004c80   Section        0  timer.o(.text.rt_system_timer_init)
    [Anonymous Symbol]                       0x08004c90   Section        0  timer.o(.text.rt_system_timer_thread_init)
    [Anonymous Symbol]                       0x08004c94   Section        0  thread.o(.text.rt_thread_create)
    [Anonymous Symbol]                       0x08004d44   Section        0  thread.o(.text.rt_thread_exit)
    rt_thread_idle_entry                     0x08004dc1   Thumb Code    62  idle.o(.text.rt_thread_idle_entry)
    [Anonymous Symbol]                       0x08004dc0   Section        0  idle.o(.text.rt_thread_idle_entry)
    [Anonymous Symbol]                       0x08004e00   Section        0  idle.o(.text.rt_thread_idle_init)
    [Anonymous Symbol]                       0x08004e50   Section        0  thread.o(.text.rt_thread_init)
    [Anonymous Symbol]                       0x08004ee0   Section        0  thread.o(.text.rt_thread_mdelay)
    [Anonymous Symbol]                       0x08004ef0   Section        0  thread.o(.text.rt_thread_resume)
    [Anonymous Symbol]                       0x08004f38   Section        0  thread.o(.text.rt_thread_self)
    [Anonymous Symbol]                       0x08004f44   Section        0  thread.o(.text.rt_thread_sleep)
    [Anonymous Symbol]                       0x08004fbc   Section        0  thread.o(.text.rt_thread_startup)
    [Anonymous Symbol]                       0x08005018   Section        0  thread.o(.text.rt_thread_suspend)
    [Anonymous Symbol]                       0x0800505c   Section        0  thread.o(.text.rt_thread_timeout)
    [Anonymous Symbol]                       0x08005084   Section        0  thread.o(.text.rt_thread_yield)
    [Anonymous Symbol]                       0x080050e8   Section        0  clock.o(.text.rt_tick_from_millisecond)
    [Anonymous Symbol]                       0x0800511c   Section        0  clock.o(.text.rt_tick_get)
    [Anonymous Symbol]                       0x08005128   Section        0  clock.o(.text.rt_tick_increase)
    [Anonymous Symbol]                       0x0800515c   Section        0  timer.o(.text.rt_timer_check)
    [Anonymous Symbol]                       0x080052b4   Section        0  timer.o(.text.rt_timer_control)
    [Anonymous Symbol]                       0x0800531c   Section        0  timer.o(.text.rt_timer_detach)
    [Anonymous Symbol]                       0x0800534c   Section        0  timer.o(.text.rt_timer_init)
    [Anonymous Symbol]                       0x08005380   Section        0  timer.o(.text.rt_timer_start)
    [Anonymous Symbol]                       0x0800544c   Section        0  timer.o(.text.rt_timer_stop)
    [Anonymous Symbol]                       0x08005484   Section        0  kservice.o(.text.rt_vsnprintf)
    rti_board_end                            0x08005cad   Thumb Code     4  components.o(.text.rti_board_end)
    [Anonymous Symbol]                       0x08005cac   Section        0  components.o(.text.rti_board_end)
    rti_board_start                          0x08005cb1   Thumb Code     4  components.o(.text.rti_board_start)
    [Anonymous Symbol]                       0x08005cb0   Section        0  components.o(.text.rti_board_start)
    rti_end                                  0x08005cb5   Thumb Code     4  components.o(.text.rti_end)
    [Anonymous Symbol]                       0x08005cb4   Section        0  components.o(.text.rti_end)
    rti_start                                0x08005cb9   Thumb Code     4  components.o(.text.rti_start)
    [Anonymous Symbol]                       0x08005cb8   Section        0  components.o(.text.rti_start)
    uart_init                                0x08005cbd   Thumb Code    56  board.o(.text.uart_init)
    [Anonymous Symbol]                       0x08005cbc   Section        0  board.o(.text.uart_init)
    [Anonymous Symbol]                       0x08005cf4   Section        0  cmd.o(.text.version)
    HAL_RCC_GetSysClockFreq.aPredivFactorTable 0x08005d16   Data           2  stm32f1xx_hal_rcc.o(.rodata.HAL_RCC_GetSysClockFreq.aPredivFactorTable)
    [Anonymous Symbol]                       0x08005d16   Section        0  stm32f1xx_hal_rcc.o(.rodata.HAL_RCC_GetSysClockFreq.aPredivFactorTable)
    HAL_RCC_GetSysClockFreq.aPLLMULFactorTable 0x08005e18   Data          16  stm32f1xx_hal_rcc.o(.rodata.cst16)
    [Anonymous Symbol]                       0x08005e18   Section        0  stm32f1xx_hal_rcc.o(.rodata.cst16)
    .L.str                                   0x0800601c   Data           5  components.o(.rodata.str1.1)
    [Anonymous Symbol]                       0x0800601c   Section        0  components.o(.rodata.str1.1)
    .L.str.5                                 0x08006021   Data           7  kservice.o(.rodata.str1.1)
    [Anonymous Symbol]                       0x08006021   Section        0  kservice.o(.rodata.str1.1)
    .L.str.17                                0x08006028   Data          26  cpuport.o(.rodata.str1.1)
    [Anonymous Symbol]                       0x08006028   Section        0  cpuport.o(.rodata.str1.1)
    .L.str.16                                0x08006042   Data          29  cpuport.o(.rodata.str1.1)
    .L.str.30                                0x0800605f   Data          19  cpuport.o(.rodata.str1.1)
    .L.str.37                                0x08006072   Data          14  cpuport.o(.rodata.str1.1)
    .L.str.21                                0x08006080   Data          12  cpuport.o(.rodata.str1.1)
    .L.str.28                                0x0800608c   Data          16  cpuport.o(.rodata.str1.1)
    .L.str.36                                0x0800609c   Data          16  cpuport.o(.rodata.str1.1)
    .L.str.19                                0x080060ac   Data          21  cpuport.o(.rodata.str1.1)
    .L.str.20                                0x080060c1   Data          13  cpuport.o(.rodata.str1.1)
    .L.str.1                                 0x080060ce   Data          13  cpuport.o(.rodata.str1.1)
    .L.str.2                                 0x080060db   Data          13  cpuport.o(.rodata.str1.1)
    .L.str.3                                 0x080060e8   Data          13  cpuport.o(.rodata.str1.1)
    .L.str.4                                 0x080060f5   Data          13  cpuport.o(.rodata.str1.1)
    .L.str.5                                 0x08006102   Data          13  cpuport.o(.rodata.str1.1)
    .L.str                                   0x0800610f   Data          13  cpuport.o(.rodata.str1.1)
    .L.str.29                                0x0800611a   Data           2  cpuport.o(.rodata.str1.1)
    .L.str.3                                 0x0800611a   Data           2  cpuport.o(.rodata.str1.1)
    .L.str.7                                 0x0800611a   Data           2  cpuport.o(.rodata.str1.1)
    .L.str.41                                0x0800611c   Data           7  cpuport.o(.rodata.str1.1)
    .L.str.43                                0x08006123   Data          11  cpuport.o(.rodata.str1.1)
    .L.str.40                                0x0800612e   Data          10  cpuport.o(.rodata.str1.1)
    .L.str.33                                0x08006138   Data          10  cpuport.o(.rodata.str1.1)
    .L.str.32                                0x08006142   Data          10  cpuport.o(.rodata.str1.1)
    .L.str.44                                0x0800614c   Data          11  cpuport.o(.rodata.str1.1)
    .L.str.42                                0x08006157   Data           6  cpuport.o(.rodata.str1.1)
    .L.str.35                                0x0800615d   Data           9  cpuport.o(.rodata.str1.1)
    .L.str.34                                0x08006166   Data          11  cpuport.o(.rodata.str1.1)
    .L.str.26                                0x08006167   Data          10  cpuport.o(.rodata.str1.1)
    .L.str.25                                0x08006171   Data          13  cpuport.o(.rodata.str1.1)
    .L.str.24                                0x08006173   Data          11  cpuport.o(.rodata.str1.1)
    .L.str.23                                0x0800617e   Data           9  cpuport.o(.rodata.str1.1)
    .L.str.39                                0x08006187   Data          12  cpuport.o(.rodata.str1.1)
    .L.str.22                                0x08006193   Data          22  cpuport.o(.rodata.str1.1)
    .L.str.31                                0x080061a9   Data          22  cpuport.o(.rodata.str1.1)
    .L.str.38                                0x080061bf   Data          22  cpuport.o(.rodata.str1.1)
    .L.str.22                                0x080061d5   Data          13  cmd.o(.rodata.str1.1)
    [Anonymous Symbol]                       0x080061d5   Section        0  cmd.o(.rodata.str1.1)
    .L.str.21                                0x080061d7   Data          11  cmd.o(.rodata.str1.1)
    .L.str.2                                 0x080061e2   Data          68  cmd.o(.rodata.str1.1)
    .L.str.20                                0x08006241   Data          22  cmd.o(.rodata.str1.1)
    .L.str.27                                0x08006257   Data           2  cmd.o(.rodata.str1.1)
    .L.str                                   0x0800626b   Data          27  msh.o(.rodata.str1.1)
    [Anonymous Symbol]                       0x0800626b   Section        0  msh.o(.rodata.str1.1)
    .L.str.2                                 0x08006286   Data          12  msh.o(.rodata.str1.1)
    .L.str.1                                 0x08006292   Data           7  msh.o(.rodata.str1.1)
    .L.str.3                                 0x08006299   Data           2  shell.o(.rodata.str1.1)
    [Anonymous Symbol]                       0x08006299   Section        0  shell.o(.rodata.str1.1)
    .L.str.4                                 0x0800629b   Data           3  shell.o(.rodata.str1.1)
    __tagsym$$used.0                         0x080062a0   Number         0  components.o(.rti_fn.0)
    __tagsym$$used.1                         0x080062a4   Number         0  components.o(.rti_fn.0.end)
    __tagsym$$used.0                         0x080062a8   Number         0  board.o(.rti_fn.1)
    __tagsym$$used.2                         0x080062ac   Number         0  components.o(.rti_fn.1.end)
    __tagsym$$used.0                         0x080062b0   Number         0  shell.o(.rti_fn.6)
    __tagsym$$used.3                         0x080062b4   Number         0  components.o(.rti_fn.6.end)
    __tagsym$$used.0                         0x080062b8   Number         0  mem.o(FSymTab)
    __tagsym$$used.0                         0x080062c4   Number         0  cmd.o(FSymTab)
    __tagsym$$used.1                         0x080062d0   Number         0  cmd.o(FSymTab)
    __tagsym$$used.2                         0x080062dc   Number         0  cmd.o(FSymTab)
    __tagsym$$used.3                         0x080062e8   Number         0  cmd.o(FSymTab)
    __tagsym$$used.4                         0x080062f4   Number         0  cmd.o(FSymTab)
    __tagsym$$used.5                         0x08006300   Number         0  cmd.o(FSymTab)
    __tagsym$$used.6                         0x0800630c   Number         0  cmd.o(FSymTab)
    __tagsym$$used.7                         0x08006318   Number         0  cmd.o(FSymTab)
    __tagsym$$used.8                         0x08006324   Number         0  cmd.o(FSymTab)
    __tagsym$$used.9                         0x08006330   Number         0  cmd.o(FSymTab)
    __tagsym$$used.0                         0x0800633c   Number         0  msh.o(FSymTab)
    __tagsym$$used.1                         0x08006348   Number         0  msh.o(FSymTab)
    __tagsym$$used.2                         0x08006354   Number         0  msh.o(FSymTab)
    .L_MergedGlobals                         0x20000000   Data          20  main.o(.data..L_MergedGlobals)
    [Anonymous Symbol]                       0x20000000   Section        0  main.o(.data..L_MergedGlobals)
    .L_MergedGlobals                         0x20000014   Data           8  stm32f1xx_hal.o(.data..L_MergedGlobals)
    [Anonymous Symbol]                       0x20000014   Section        0  stm32f1xx_hal.o(.data..L_MergedGlobals)
    rt_object_container                      0x20000020   Data          48  object.o(.data.rt_object_container)
    [Anonymous Symbol]                       0x20000020   Section        0  object.o(.data.rt_object_container)
    .bss                                     0x20000050   Section       96  libspace.o(.bss)
    .L_MergedGlobals                         0x200000b0   Data          56  mem.o(.bss..L_MergedGlobals)
    mem_size_aligned                         0x200000b0   Data           4  mem.o(.bss..L_MergedGlobals)
    [Anonymous Symbol]                       0x200000b0   Section        0  mem.o(.bss..L_MergedGlobals)
    heap_ptr                                 0x200000b4   Data           4  mem.o(.bss..L_MergedGlobals)
    heap_end                                 0x200000b8   Data           4  mem.o(.bss..L_MergedGlobals)
    lfree                                    0x200000bc   Data           4  mem.o(.bss..L_MergedGlobals)
    used_mem                                 0x200000c0   Data           4  mem.o(.bss..L_MergedGlobals)
    max_mem                                  0x200000c4   Data           4  mem.o(.bss..L_MergedGlobals)
    heap_sem                                 0x200000c8   Data          32  mem.o(.bss..L_MergedGlobals)
    .L_MergedGlobals                         0x200000e8   Data          20  scheduler.o(.bss..L_MergedGlobals)
    [Anonymous Symbol]                       0x200000e8   Section        0  scheduler.o(.bss..L_MergedGlobals)
    rt_scheduler_lock_nest                   0x200000ea   Data           2  scheduler.o(.bss..L_MergedGlobals)
    .L_MergedGlobals                         0x200000fc   Data          12  timer.o(.bss..L_MergedGlobals)
    rt_timer_start.random_nr                 0x200000fc   Data           4  timer.o(.bss..L_MergedGlobals)
    [Anonymous Symbol]                       0x200000fc   Section        0  timer.o(.bss..L_MergedGlobals)
    rt_timer_list                            0x20000100   Data           8  timer.o(.bss..L_MergedGlobals)
    .L_MergedGlobals                         0x20000108   Data          24  shell.o(.bss..L_MergedGlobals)
    [Anonymous Symbol]                       0x20000108   Section        0  shell.o(.bss..L_MergedGlobals)
    finsh_prompt_custom                      0x20000118   Data           4  shell.o(.bss..L_MergedGlobals)
    UartHandle                               0x20000120   Data          72  board.o(.bss.UartHandle)
    [Anonymous Symbol]                       0x20000120   Section        0  board.o(.bss.UartHandle)
    finsh_get_prompt.finsh_prompt            0x20000168   Data         129  shell.o(.bss.finsh_get_prompt.finsh_prompt)
    [Anonymous Symbol]                       0x20000168   Section        0  shell.o(.bss.finsh_get_prompt.finsh_prompt)
    idle                                     0x2000030c   Data         120  idle.o(.bss.idle)
    [Anonymous Symbol]                       0x2000030c   Section        0  idle.o(.bss.idle)
    rt_exception_hook                        0x20000384   Data           4  cpuport.o(.bss.rt_exception_hook)
    [Anonymous Symbol]                       0x20000384   Section        0  cpuport.o(.bss.rt_exception_hook)
    rt_heap                                  0x20000388   Data       15360  board.o(.bss.rt_heap)
    [Anonymous Symbol]                       0x20000388   Section        0  board.o(.bss.rt_heap)
    rt_kprintf.rt_log_buf                    0x20003f94   Data         128  kservice.o(.bss.rt_kprintf.rt_log_buf)
    [Anonymous Symbol]                       0x20003f94   Section        0  kservice.o(.bss.rt_kprintf.rt_log_buf)
    rt_thread_stack                          0x20004114   Data         256  idle.o(.bss.rt_thread_stack)
    [Anonymous Symbol]                       0x20004114   Section        0  idle.o(.bss.rt_thread_stack)
    rt_tick                                  0x20004218   Data           4  clock.o(.bss.rt_tick)
    [Anonymous Symbol]                       0x20004218   Section        0  clock.o(.bss.rt_tick)
    Heap_Mem                                 0x20004220   Data         512  startup_stm32f103xb.o(HEAP)
    HEAP                                     0x20004220   Section      512  startup_stm32f103xb.o(HEAP)
    Stack_Mem                                0x20004420   Data        1024  startup_stm32f103xb.o(STACK)
    STACK                                    0x20004420   Section     1024  startup_stm32f103xb.o(STACK)
    __initial_sp                             0x20004820   Data           0  startup_stm32f103xb.o(STACK)

    Global Symbols

    Symbol Name                              Value     Ov Type        Size  Object(Section)

    BuildAttributes$$THM_ISAv4$P$D$K$B$S$PE$A:L22UL41UL21$X:L11$S22US41US21$IEEE1$IW$~IW$USESV6$~STKCKD$USESV7$~SHL$OTIME$ROPI$EBA8$UX$STANDARDLIB$REQ8$PRES8$EABIv2 0x00000000   Number         0  anon$$obj.o ABSOLUTE
    __fp_init_empty                          0x00000000   Number         0  fpinit_empty.o ABSOLUTE
    __ARM_exceptions_init                     - Undefined Weak Reference
    __alloca_initialize                       - Undefined Weak Reference
    __arm_preinit_                            - Undefined Weak Reference
    __arm_relocate_pie_                       - Undefined Weak Reference
    __cpp_initialize__aeabi_                  - Undefined Weak Reference
    __cxa_finalize                            - Undefined Weak Reference
    __rt_locale                               - Undefined Weak Reference
    __sigvec_lookup                           - Undefined Weak Reference
    _atexit_init                              - Undefined Weak Reference
    _call_atexit_fns                          - Undefined Weak Reference
    _clock_init                               - Undefined Weak Reference
    _fp_trap_init                             - Undefined Weak Reference
    _fp_trap_shutdown                         - Undefined Weak Reference
    _get_lc_collate                           - Undefined Weak Reference
    _get_lc_ctype                             - Undefined Weak Reference
    _get_lc_monetary                          - Undefined Weak Reference
    _get_lc_numeric                           - Undefined Weak Reference
    _get_lc_time                              - Undefined Weak Reference
    _getenv_init                              - Undefined Weak Reference
    _handle_redirection                       - Undefined Weak Reference
    _init_alloc                               - Undefined Weak Reference
    _init_user_alloc                          - Undefined Weak Reference
    _initio                                   - Undefined Weak Reference
    _rand_init                                - Undefined Weak Reference
    _signal_finish                            - Undefined Weak Reference
    _signal_init                              - Undefined Weak Reference
    _terminate_alloc                          - Undefined Weak Reference
    _terminate_user_alloc                     - Undefined Weak Reference
    _terminateio                              - Undefined Weak Reference
    __Vectors_Size                           0x000000ec   Number         0  startup_stm32f103xb.o ABSOLUTE
    __Vectors                                0x08000000   Data           4  startup_stm32f103xb.o(RESET)
    __Vectors_End                            0x080000ec   Data           0  startup_stm32f103xb.o(RESET)
    __main                                   0x080000ed   Thumb Code     8  __main.o(!!!main)
    __scatterload                            0x080000f5   Thumb Code     0  __scatter.o(!!!scatter)
    __scatterload_rt2                        0x080000f5   Thumb Code    44  __scatter.o(!!!scatter)
    __scatterload_rt2_thumb_only             0x080000f5   Thumb Code     0  __scatter.o(!!!scatter)
    __scatterload_null                       0x08000103   Thumb Code     0  __scatter.o(!!!scatter)
    __scatterload_copy                       0x08000129   Thumb Code    26  __scatter_copy.o(!!handler_copy)
    __scatterload_zeroinit                   0x08000145   Thumb Code    28  __scatter_zi.o(!!handler_zi)
    __rt_lib_init                            0x08000161   Thumb Code     0  libinit.o(.ARM.Collect$$libinit$$00000000)
    __rt_lib_init_alloca_1                   0x08000163   Thumb Code     0  libinit2.o(.ARM.Collect$$libinit$$00000030)
    __rt_lib_init_argv_1                     0x08000163   Thumb Code     0  libinit2.o(.ARM.Collect$$libinit$$0000002E)
    __rt_lib_init_atexit_1                   0x08000163   Thumb Code     0  libinit2.o(.ARM.Collect$$libinit$$0000001D)
    __rt_lib_init_clock_1                    0x08000163   Thumb Code     0  libinit2.o(.ARM.Collect$$libinit$$00000023)
    __rt_lib_init_cpp_1                      0x08000163   Thumb Code     0  libinit2.o(.ARM.Collect$$libinit$$00000034)
    __rt_lib_init_exceptions_1               0x08000163   Thumb Code     0  libinit2.o(.ARM.Collect$$libinit$$00000032)
    __rt_lib_init_fp_1                       0x08000163   Thumb Code     0  libinit2.o(.ARM.Collect$$libinit$$00000002)
    __rt_lib_init_fp_trap_1                  0x08000163   Thumb Code     0  libinit2.o(.ARM.Collect$$libinit$$00000021)
    __rt_lib_init_getenv_1                   0x08000163   Thumb Code     0  libinit2.o(.ARM.Collect$$libinit$$00000025)
    __rt_lib_init_heap_1                     0x08000163   Thumb Code     0  libinit2.o(.ARM.Collect$$libinit$$0000000C)
    __rt_lib_init_lc_collate_1               0x08000163   Thumb Code     0  libinit2.o(.ARM.Collect$$libinit$$00000013)
    __rt_lib_init_lc_ctype_1                 0x08000163   Thumb Code     0  libinit2.o(.ARM.Collect$$libinit$$00000015)
    __rt_lib_init_lc_monetary_1              0x08000163   Thumb Code     0  libinit2.o(.ARM.Collect$$libinit$$00000017)
    __rt_lib_init_lc_numeric_1               0x08000163   Thumb Code     0  libinit2.o(.ARM.Collect$$libinit$$00000019)
    __rt_lib_init_lc_time_1                  0x08000163   Thumb Code     0  libinit2.o(.ARM.Collect$$libinit$$0000001B)
    __rt_lib_init_preinit_1                  0x08000163   Thumb Code     0  libinit2.o(.ARM.Collect$$libinit$$00000006)
    __rt_lib_init_rand_1                     0x08000163   Thumb Code     0  libinit2.o(.ARM.Collect$$libinit$$00000010)
    __rt_lib_init_relocate_pie_1             0x08000163   Thumb Code     0  libinit2.o(.ARM.Collect$$libinit$$00000004)
    __rt_lib_init_return                     0x08000163   Thumb Code     0  libinit2.o(.ARM.Collect$$libinit$$00000035)
    __rt_lib_init_signal_1                   0x08000163   Thumb Code     0  libinit2.o(.ARM.Collect$$libinit$$0000001F)
    __rt_lib_init_stdio_1                    0x08000163   Thumb Code     0  libinit2.o(.ARM.Collect$$libinit$$00000027)
    __rt_lib_init_user_alloc_1               0x08000163   Thumb Code     0  libinit2.o(.ARM.Collect$$libinit$$0000000E)
    __rt_lib_shutdown                        0x08000165   Thumb Code     0  libshutdown.o(.ARM.Collect$$libshutdown$$00000000)
    __rt_lib_shutdown_cpp_1                  0x08000167   Thumb Code     0  libshutdown2.o(.ARM.Collect$$libshutdown$$00000002)
    __rt_lib_shutdown_fp_trap_1              0x08000167   Thumb Code     0  libshutdown2.o(.ARM.Collect$$libshutdown$$00000007)
    __rt_lib_shutdown_heap_1                 0x08000167   Thumb Code     0  libshutdown2.o(.ARM.Collect$$libshutdown$$0000000F)
    __rt_lib_shutdown_return                 0x08000167   Thumb Code     0  libshutdown2.o(.ARM.Collect$$libshutdown$$00000010)
    __rt_lib_shutdown_signal_1               0x08000167   Thumb Code     0  libshutdown2.o(.ARM.Collect$$libshutdown$$0000000A)
    __rt_lib_shutdown_stdio_1                0x08000167   Thumb Code     0  libshutdown2.o(.ARM.Collect$$libshutdown$$00000004)
    __rt_lib_shutdown_user_alloc_1           0x08000167   Thumb Code     0  libshutdown2.o(.ARM.Collect$$libshutdown$$0000000C)
    __rt_entry                               0x08000169   Thumb Code     0  __rtentry.o(.ARM.Collect$$rtentry$$00000000)
    __rt_entry_presh_1                       0x08000169   Thumb Code     0  __rtentry2.o(.ARM.Collect$$rtentry$$00000002)
    __rt_entry_sh                            0x08000169   Thumb Code     0  __rtentry4.o(.ARM.Collect$$rtentry$$00000004)
    __rt_entry_li                            0x0800016f   Thumb Code     0  __rtentry2.o(.ARM.Collect$$rtentry$$0000000A)
    __rt_entry_postsh_1                      0x0800016f   Thumb Code     0  __rtentry2.o(.ARM.Collect$$rtentry$$00000009)
    __rt_entry_main                          0x08000173   Thumb Code     0  __rtentry2.o(.ARM.Collect$$rtentry$$0000000D)
    __rt_entry_postli_1                      0x08000173   Thumb Code     0  __rtentry2.o(.ARM.Collect$$rtentry$$0000000C)
    __rt_exit                                0x0800017b   Thumb Code     0  rtexit.o(.ARM.Collect$$rtexit$$00000000)
    __rt_exit_ls                             0x0800017d   Thumb Code     0  rtexit2.o(.ARM.Collect$$rtexit$$00000003)
    __rt_exit_prels_1                        0x0800017d   Thumb Code     0  rtexit2.o(.ARM.Collect$$rtexit$$00000002)
    __rt_exit_exit                           0x08000181   Thumb Code     0  rtexit2.o(.ARM.Collect$$rtexit$$00000004)
    Reset_Handler                            0x08000189   Thumb Code     8  startup_stm32f103xb.o(.text)
    SVC_Handler                              0x0800019b   Thumb Code     2  startup_stm32f103xb.o(.text)
    ADC1_2_IRQHandler                        0x080001a3   Thumb Code     0  startup_stm32f103xb.o(.text)
    CAN1_RX1_IRQHandler                      0x080001a3   Thumb Code     0  startup_stm32f103xb.o(.text)
    CAN1_SCE_IRQHandler                      0x080001a3   Thumb Code     0  startup_stm32f103xb.o(.text)
    DMA1_Channel1_IRQHandler                 0x080001a3   Thumb Code     0  startup_stm32f103xb.o(.text)
    DMA1_Channel2_IRQHandler                 0x080001a3   Thumb Code     0  startup_stm32f103xb.o(.text)
    DMA1_Channel3_IRQHandler                 0x080001a3   Thumb Code     0  startup_stm32f103xb.o(.text)
    DMA1_Channel4_IRQHandler                 0x080001a3   Thumb Code     0  startup_stm32f103xb.o(.text)
    DMA1_Channel5_IRQHandler                 0x080001a3   Thumb Code     0  startup_stm32f103xb.o(.text)
    DMA1_Channel6_IRQHandler                 0x080001a3   Thumb Code     0  startup_stm32f103xb.o(.text)
    DMA1_Channel7_IRQHandler                 0x080001a3   Thumb Code     0  startup_stm32f103xb.o(.text)
    EXTI0_IRQHandler                         0x080001a3   Thumb Code     0  startup_stm32f103xb.o(.text)
    EXTI15_10_IRQHandler                     0x080001a3   Thumb Code     0  startup_stm32f103xb.o(.text)
    EXTI1_IRQHandler                         0x080001a3   Thumb Code     0  startup_stm32f103xb.o(.text)
    EXTI2_IRQHandler                         0x080001a3   Thumb Code     0  startup_stm32f103xb.o(.text)
    EXTI3_IRQHandler                         0x080001a3   Thumb Code     0  startup_stm32f103xb.o(.text)
    EXTI4_IRQHandler                         0x080001a3   Thumb Code     0  startup_stm32f103xb.o(.text)
    EXTI9_5_IRQHandler                       0x080001a3   Thumb Code     0  startup_stm32f103xb.o(.text)
    FLASH_IRQHandler                         0x080001a3   Thumb Code     0  startup_stm32f103xb.o(.text)
    I2C1_ER_IRQHandler                       0x080001a3   Thumb Code     0  startup_stm32f103xb.o(.text)
    I2C1_EV_IRQHandler                       0x080001a3   Thumb Code     0  startup_stm32f103xb.o(.text)
    I2C2_ER_IRQHandler                       0x080001a3   Thumb Code     0  startup_stm32f103xb.o(.text)
    I2C2_EV_IRQHandler                       0x080001a3   Thumb Code     0  startup_stm32f103xb.o(.text)
    PVD_IRQHandler                           0x080001a3   Thumb Code     0  startup_stm32f103xb.o(.text)
    RCC_IRQHandler                           0x080001a3   Thumb Code     0  startup_stm32f103xb.o(.text)
    RTC_Alarm_IRQHandler                     0x080001a3   Thumb Code     0  startup_stm32f103xb.o(.text)
    RTC_IRQHandler                           0x080001a3   Thumb Code     0  startup_stm32f103xb.o(.text)
    SPI1_IRQHandler                          0x080001a3   Thumb Code     0  startup_stm32f103xb.o(.text)
    SPI2_IRQHandler                          0x080001a3   Thumb Code     0  startup_stm32f103xb.o(.text)
    TAMPER_IRQHandler                        0x080001a3   Thumb Code     0  startup_stm32f103xb.o(.text)
    TIM1_BRK_IRQHandler                      0x080001a3   Thumb Code     0  startup_stm32f103xb.o(.text)
    TIM1_CC_IRQHandler                       0x080001a3   Thumb Code     0  startup_stm32f103xb.o(.text)
    TIM1_TRG_COM_IRQHandler                  0x080001a3   Thumb Code     0  startup_stm32f103xb.o(.text)
    TIM1_UP_IRQHandler                       0x080001a3   Thumb Code     0  startup_stm32f103xb.o(.text)
    TIM2_IRQHandler                          0x080001a3   Thumb Code     0  startup_stm32f103xb.o(.text)
    TIM3_IRQHandler                          0x080001a3   Thumb Code     0  startup_stm32f103xb.o(.text)
    TIM4_IRQHandler                          0x080001a3   Thumb Code     0  startup_stm32f103xb.o(.text)
    USART1_IRQHandler                        0x080001a3   Thumb Code     0  startup_stm32f103xb.o(.text)
    USART2_IRQHandler                        0x080001a3   Thumb Code     0  startup_stm32f103xb.o(.text)
    USART3_IRQHandler                        0x080001a3   Thumb Code     0  startup_stm32f103xb.o(.text)
    USBWakeUp_IRQHandler                     0x080001a3   Thumb Code     0  startup_stm32f103xb.o(.text)
    USB_HP_CAN1_TX_IRQHandler                0x080001a3   Thumb Code     0  startup_stm32f103xb.o(.text)
    USB_LP_CAN1_RX0_IRQHandler               0x080001a3   Thumb Code     0  startup_stm32f103xb.o(.text)
    WWDG_IRQHandler                          0x080001a3   Thumb Code     0  startup_stm32f103xb.o(.text)
    __user_initial_stackheap                 0x080001a5   Thumb Code     0  startup_stm32f103xb.o(.text)
    rt_hw_interrupt_disable                  0x080001c9   Thumb Code     8  context_rvds.o(.text)
    rt_hw_interrupt_enable                   0x080001d1   Thumb Code     6  context_rvds.o(.text)
    rt_hw_context_switch                     0x080001d7   Thumb Code    32  context_rvds.o(.text)
    rt_hw_context_switch_interrupt           0x080001d7   Thumb Code     0  context_rvds.o(.text)
    PendSV_Handler                           0x080001f7   Thumb Code    60  context_rvds.o(.text)
    rt_hw_context_switch_to                  0x08000233   Thumb Code    56  context_rvds.o(.text)
    rt_hw_interrupt_thread_switch            0x0800026b   Thumb Code     2  context_rvds.o(.text)
    HardFault_Handler                        0x0800026d   Thumb Code    52  context_rvds.o(.text)
    strlen                                   0x080002bd   Thumb Code    62  strlen.o(.text)
    strncmp                                  0x080002fb   Thumb Code   150  strncmp.o(.text)
    __aeabi_memset                           0x08000391   Thumb Code    16  aeabi_memset.o(.text)
    __aeabi_memclr                           0x080003a1   Thumb Code     0  rt_memclr.o(.text)
    __rt_memclr                              0x080003a1   Thumb Code     0  rt_memclr.o(.text)
    _memset                                  0x080003a5   Thumb Code    64  rt_memclr.o(.text)
    __aeabi_memclr4                          0x080003e5   Thumb Code     0  rt_memclr_w.o(.text)
    __aeabi_memclr8                          0x080003e5   Thumb Code     0  rt_memclr_w.o(.text)
    __rt_memclr_w                            0x080003e5   Thumb Code     0  rt_memclr_w.o(.text)
    _memset_w                                0x080003e9   Thumb Code    74  rt_memclr_w.o(.text)
    strncpy                                  0x08000433   Thumb Code    86  strncpy.o(.text)
    __use_two_region_memory                  0x08000489   Thumb Code     2  heapauxi.o(.text)
    __rt_heap_escrow$2region                 0x0800048b   Thumb Code     2  heapauxi.o(.text)
    __rt_heap_expand$2region                 0x0800048d   Thumb Code     2  heapauxi.o(.text)
    __user_setup_stackheap                   0x0800048f   Thumb Code    74  sys_stackheap_outer.o(.text)
    exit                                     0x080004d9   Thumb Code    18  exit.o(.text)
    __user_libspace                          0x080004ed   Thumb Code     8  libspace.o(.text)
    __user_perproc_libspace                  0x080004ed   Thumb Code     0  libspace.o(.text)
    __user_perthread_libspace                0x080004ed   Thumb Code     0  libspace.o(.text)
    _sys_exit                                0x080004f5   Thumb Code     8  sys_exit.o(.text)
    __I$use$semihosting                      0x08000501   Thumb Code     0  use_no_semi.o(.text)
    __use_no_semihosting_swi                 0x08000501   Thumb Code     2  use_no_semi.o(.text)
    __semihosting_library_function           0x08000503   Thumb Code     0  indicate_semi.o(.text)
    main                                     0x08000505   Thumb Code    84  components.o(.text.$Sub$$main)
    BusFault_Handler                         0x08000559   Thumb Code     2  stm32f1xx_it.o(.text.BusFault_Handler)
    DebugMon_Handler                         0x0800055d   Thumb Code     2  stm32f1xx_it.o(.text.DebugMon_Handler)
    Error_Handler                            0x08000561   Thumb Code    10  main.o(.text.Error_Handler)
    HAL_GPIO_Init                            0x0800056d   Thumb Code   530  stm32f1xx_hal_gpio.o(.text.HAL_GPIO_Init)
    HAL_GPIO_WritePin                        0x08000781   Thumb Code    10  stm32f1xx_hal_gpio.o(.text.HAL_GPIO_WritePin)
    HAL_GetTick                              0x0800078d   Thumb Code    12  stm32f1xx_hal.o(.text.HAL_GetTick)
    HAL_Init                                 0x08000799   Thumb Code    38  stm32f1xx_hal.o(.text.HAL_Init)
    HAL_InitTick                             0x080007c1   Thumb Code    72  stm32f1xx_hal.o(.text.HAL_InitTick)
    HAL_MspInit                              0x08000809   Thumb Code    66  stm32f1xx_hal_msp.o(.text.HAL_MspInit)
    HAL_NVIC_SetPriority                     0x0800084d   Thumb Code    86  stm32f1xx_hal_cortex.o(.text.HAL_NVIC_SetPriority)
    HAL_NVIC_SetPriorityGrouping             0x080008a5   Thumb Code    32  stm32f1xx_hal_cortex.o(.text.HAL_NVIC_SetPriorityGrouping)
    HAL_RCC_ClockConfig                      0x080008c5   Thumb Code   446  stm32f1xx_hal_rcc.o(.text.HAL_RCC_ClockConfig)
    HAL_RCC_GetHCLKFreq                      0x08000a85   Thumb Code    12  stm32f1xx_hal_rcc.o(.text.HAL_RCC_GetHCLKFreq)
    HAL_RCC_GetPCLK1Freq                     0x08000a91   Thumb Code    38  stm32f1xx_hal_rcc.o(.text.HAL_RCC_GetPCLK1Freq)
    HAL_RCC_GetPCLK2Freq                     0x08000ab9   Thumb Code    38  stm32f1xx_hal_rcc.o(.text.HAL_RCC_GetPCLK2Freq)
    HAL_RCC_OscConfig                        0x08000ae1   Thumb Code   948  stm32f1xx_hal_rcc.o(.text.HAL_RCC_OscConfig)
    HAL_SYSTICK_Config                       0x08000e95   Thumb Code    44  stm32f1xx_hal_cortex.o(.text.HAL_SYSTICK_Config)
    HAL_TIMEx_MasterConfigSynchronization    0x08000ec1   Thumb Code   122  stm32f1xx_hal_tim_ex.o(.text.HAL_TIMEx_MasterConfigSynchronization)
    HAL_TIM_MspPostInit                      0x08000f3d   Thumb Code   254  tim.o(.text.HAL_TIM_MspPostInit)
    HAL_TIM_PWM_ConfigChannel                0x0800103d   Thumb Code   516  stm32f1xx_hal_tim.o(.text.HAL_TIM_PWM_ConfigChannel)
    HAL_TIM_PWM_Init                         0x08001241   Thumb Code   236  stm32f1xx_hal_tim.o(.text.HAL_TIM_PWM_Init)
    HAL_TIM_PWM_MspInit                      0x0800132d   Thumb Code    82  tim.o(.text.HAL_TIM_PWM_MspInit)
    HAL_TIM_PWM_Start                        0x08001381   Thumb Code   222  stm32f1xx_hal_tim.o(.text.HAL_TIM_PWM_Start)
    HAL_UART_Init                            0x08001461   Thumb Code   222  stm32f1xx_hal_uart.o(.text.HAL_UART_Init)
    HAL_UART_MspInit                         0x08001541   Thumb Code   210  usart.o(.text.HAL_UART_MspInit)
    HAL_UART_Transmit                        0x08001615   Thumb Code   614  stm32f1xx_hal_uart.o(.text.HAL_UART_Transmit)
    MX_GPIO_Init                             0x0800187d   Thumb Code   116  gpio.o(.text.MX_GPIO_Init)
    MX_TIM2_Init                             0x080018f1   Thumb Code   204  tim.o(.text.MX_TIM2_Init)
    MX_TIM3_Init                             0x080019bd   Thumb Code   208  tim.o(.text.MX_TIM3_Init)
    MX_USART1_UART_Init                      0x08001a8d   Thumb Code    60  usart.o(.text.MX_USART1_UART_Init)
    MX_USART2_UART_Init                      0x08001ac9   Thumb Code    60  usart.o(.text.MX_USART2_UART_Init)
    MemManage_Handler                        0x08001b05   Thumb Code     2  stm32f1xx_it.o(.text.MemManage_Handler)
    NMI_Handler                              0x08001b09   Thumb Code     2  stm32f1xx_it.o(.text.NMI_Handler)
    SysTick_Handler                          0x08001b0d   Thumb Code    18  board.o(.text.SysTick_Handler)
    SystemClock_Config                       0x08001b21   Thumb Code    84  main.o(.text.SystemClock_Config)
    SystemCoreClockUpdate                    0x08001b75   Thumb Code   112  system_stm32f1xx.o(.text.SystemCoreClockUpdate)
    SystemInit                               0x08001be5   Thumb Code     2  system_stm32f1xx.o(.text.SystemInit)
    UsageFault_Handler                       0x08001be9   Thumb Code     2  stm32f1xx_it.o(.text.UsageFault_Handler)
    __rt_ffs                                 0x08001bed   Thumb Code    56  kservice.o(.text.__rt_ffs)
    cmd_free                                 0x08001c25   Thumb Code    10  msh.o(.text.cmd_free)
    cmd_ps                                   0x08001c31   Thumb Code    10  msh.o(.text.cmd_ps)
    finsh_system_init                        0x08001c3d   Thumb Code   136  shell.o(.text.finsh_system_init)
    finsh_thread_entry                       0x08001ced   Thumb Code  1164  shell.o(.text.finsh_thread_entry)
    hello                                    0x08002191   Thumb Code    12  cmd.o(.text.hello)
    list                                     0x080021b1   Thumb Code    96  cmd.o(.text.list)
    list_mem                                 0x08002239   Thumb Code    40  mem.o(.text.list_mem)
    list_sem                                 0x080022a9   Thumb Code   508  cmd.o(.text.list_sem)
    list_thread                              0x08002511   Thumb Code   484  cmd.o(.text.list_thread)
    list_timer                               0x08002785   Thumb Code  1220  cmd.o(.text.list_timer)
    $Super$$main                             0x08002cb5   Thumb Code   330  main.o(.text.main)
    main_thread_entry                        0x08002e01   Thumb Code    50  components.o(.text.main_thread_entry)
    msh_auto_complete                        0x08002e35   Thumb Code   384  msh.o(.text.msh_auto_complete)
    msh_exec                                 0x08002fb9   Thumb Code  1004  msh.o(.text.msh_exec)
    msh_help                                 0x080033e1   Thumb Code   124  msh.o(.text.msh_help)
    msh_is_used                              0x0800345d   Thumb Code     4  msh.o(.text.msh_is_used)
    rt_calloc                                0x08003969   Thumb Code    30  mem.o(.text.rt_calloc)
    rt_components_board_init                 0x08003989   Thumb Code    44  components.o(.text.rt_components_board_init)
    rt_enter_critical                        0x080039b5   Thumb Code    28  scheduler.o(.text.rt_enter_critical)
    rt_exit_critical                         0x080039d1   Thumb Code   150  scheduler.o(.text.rt_exit_critical)
    rt_free                                  0x08003a69   Thumb Code   216  mem.o(.text.rt_free)
    rt_heap_begin_get                        0x08003b8d   Thumb Code    10  board.o(.text.rt_heap_begin_get)
    rt_heap_end_get                          0x08003b99   Thumb Code    14  board.o(.text.rt_heap_end_get)
    rt_hw_board_init                         0x08003ba9   Thumb Code    62  board.o(.text.rt_hw_board_init)
    rt_hw_console_getchar                    0x08003be9   Thumb Code    38  board.o(.text.rt_hw_console_getchar)
    rt_hw_console_output                     0x08003c11   Thumb Code    96  board.o(.text.rt_hw_console_output)
    rt_hw_hard_fault_exception               0x08003c71   Thumb Code   900  cpuport.o(.text.rt_hw_hard_fault_exception)
    rt_hw_stack_init                         0x0800409d   Thumb Code    60  cpuport.o(.text.rt_hw_stack_init)
    rt_interrupt_enter                       0x080040d9   Thumb Code    28  irq.o(.text.rt_interrupt_enter)
    rt_interrupt_leave                       0x080040f5   Thumb Code    28  irq.o(.text.rt_interrupt_leave)
    rt_kprintf                               0x08004111   Thumb Code    50  kservice.o(.text.rt_kprintf)
    rt_malloc                                0x08004145   Thumb Code   452  mem.o(.text.rt_malloc)
    rt_memmove                               0x08004309   Thumb Code   236  kservice.o(.text.rt_memmove)
    rt_memset                                0x080043f5   Thumb Code   246  kservice.o(.text.rt_memset)
    rt_object_allocate                       0x080044ed   Thumb Code   114  object.o(.text.rt_object_allocate)
    rt_object_delete                         0x08004561   Thumb Code    44  object.o(.text.rt_object_delete)
    rt_object_detach                         0x0800458d   Thumb Code    36  object.o(.text.rt_object_detach)
    rt_object_get_information                0x080045b1   Thumb Code    42  object.o(.text.rt_object_get_information)
    rt_object_init                           0x080045dd   Thumb Code   126  object.o(.text.rt_object_init)
    rt_object_is_systemobject                0x0800465d   Thumb Code     6  object.o(.text.rt_object_is_systemobject)
    rt_schedule                              0x08004665   Thumb Code   114  scheduler.o(.text.rt_schedule)
    rt_schedule_insert_thread                0x080046d9   Thumb Code    82  scheduler.o(.text.rt_schedule_insert_thread)
    rt_schedule_remove_thread                0x0800472d   Thumb Code    86  scheduler.o(.text.rt_schedule_remove_thread)
    rt_sem_init                              0x08004785   Thumb Code    32  ipc.o(.text.rt_sem_init)
    rt_sem_release                           0x080047a5   Thumb Code    82  ipc.o(.text.rt_sem_release)
    rt_sem_take                              0x080047f9   Thumb Code   252  ipc.o(.text.rt_sem_take)
    rt_show_version                          0x080048f5   Thumb Code    48  kservice.o(.text.rt_show_version)
    rt_strlen                                0x080049ad   Thumb Code    58  kservice.o(.text.rt_strlen)
    rt_strncpy                               0x080049e9   Thumb Code   134  kservice.o(.text.rt_strncpy)
    rt_system_heap_init                      0x08004a71   Thumb Code   112  mem.o(.text.rt_system_heap_init)
    rt_system_scheduler_init                 0x08004b25   Thumb Code   298  scheduler.o(.text.rt_system_scheduler_init)
    rt_system_scheduler_start                0x08004c51   Thumb Code    48  scheduler.o(.text.rt_system_scheduler_start)
    rt_system_timer_init                     0x08004c81   Thumb Code    16  timer.o(.text.rt_system_timer_init)
    rt_system_timer_thread_init              0x08004c91   Thumb Code     2  timer.o(.text.rt_system_timer_thread_init)
    rt_thread_create                         0x08004c95   Thumb Code   176  thread.o(.text.rt_thread_create)
    rt_thread_exit                           0x08004d45   Thumb Code   122  thread.o(.text.rt_thread_exit)
    rt_thread_idle_init                      0x08004e01   Thumb Code    72  idle.o(.text.rt_thread_idle_init)
    rt_thread_init                           0x08004e51   Thumb Code   142  thread.o(.text.rt_thread_init)
    rt_thread_mdelay                         0x08004ee1   Thumb Code    14  thread.o(.text.rt_thread_mdelay)
    rt_thread_resume                         0x08004ef1   Thumb Code    70  thread.o(.text.rt_thread_resume)
    rt_thread_self                           0x08004f39   Thumb Code    12  thread.o(.text.rt_thread_self)
    rt_thread_sleep                          0x08004f45   Thumb Code   120  thread.o(.text.rt_thread_sleep)
    rt_thread_startup                        0x08004fbd   Thumb Code    92  thread.o(.text.rt_thread_startup)
    rt_thread_suspend                        0x08005019   Thumb Code    66  thread.o(.text.rt_thread_suspend)
    rt_thread_timeout                        0x0800505d   Thumb Code    40  thread.o(.text.rt_thread_timeout)
    rt_thread_yield                          0x08005085   Thumb Code   100  thread.o(.text.rt_thread_yield)
    rt_tick_from_millisecond                 0x080050e9   Thumb Code    52  clock.o(.text.rt_tick_from_millisecond)
    rt_tick_get                              0x0800511d   Thumb Code    12  clock.o(.text.rt_tick_get)
    rt_tick_increase                         0x08005129   Thumb Code    52  clock.o(.text.rt_tick_increase)
    rt_timer_check                           0x0800515d   Thumb Code   344  timer.o(.text.rt_timer_check)
    rt_timer_control                         0x080052b5   Thumb Code   104  timer.o(.text.rt_timer_control)
    rt_timer_detach                          0x0800531d   Thumb Code    48  timer.o(.text.rt_timer_detach)
    rt_timer_init                            0x0800534d   Thumb Code    50  timer.o(.text.rt_timer_init)
    rt_timer_start                           0x08005381   Thumb Code   202  timer.o(.text.rt_timer_start)
    rt_timer_stop                            0x0800544d   Thumb Code    56  timer.o(.text.rt_timer_stop)
    rt_vsnprintf                             0x08005485   Thumb Code  2086  kservice.o(.text.rt_vsnprintf)
    version                                  0x08005cf5   Thumb Code    10  cmd.o(.text.version)
    AHBPrescTable                            0x08005cfe   Data          16  system_stm32f1xx.o(.rodata.AHBPrescTable)
    APBPrescTable                            0x08005d0e   Data           8  system_stm32f1xx.o(.rodata.APBPrescTable)
    __lowest_bit_bitmap                      0x08005d18   Data         256  kservice.o(.rodata.__lowest_bit_bitmap)
    __fsym_list_mem_name                     0x08005e28   Data           9  mem.o(.rodata.name)
    __fsym_list_mem_desc                     0x08005e31   Data          30  mem.o(.rodata.name)
    __fsym_hello_name                        0x08005e4f   Data           6  cmd.o(.rodata.name)
    __fsym_hello_desc                        0x08005e55   Data          16  cmd.o(.rodata.name)
    __fsym_version_name                      0x08005e65   Data           8  cmd.o(.rodata.name)
    __fsym_version_desc                      0x08005e6d   Data          35  cmd.o(.rodata.name)
    __fsym___cmd_version_name                0x08005e90   Data          14  cmd.o(.rodata.name)
    __fsym___cmd_version_desc                0x08005e9e   Data          35  cmd.o(.rodata.name)
    __fsym_list_thread_name                  0x08005ec1   Data          12  cmd.o(.rodata.name)
    __fsym_list_thread_desc                  0x08005ecd   Data          12  cmd.o(.rodata.name)
    __fsym___cmd_list_thread_name            0x08005ed9   Data          18  cmd.o(.rodata.name)
    __fsym___cmd_list_thread_desc            0x08005eeb   Data          12  cmd.o(.rodata.name)
    __fsym_list_sem_name                     0x08005ef7   Data           9  cmd.o(.rodata.name)
    __fsym_list_sem_desc                     0x08005f00   Data          25  cmd.o(.rodata.name)
    __fsym___cmd_list_sem_name               0x08005f19   Data          15  cmd.o(.rodata.name)
    __fsym___cmd_list_sem_desc               0x08005f28   Data          25  cmd.o(.rodata.name)
    __fsym_list_timer_name                   0x08005f41   Data          11  cmd.o(.rodata.name)
    __fsym_list_timer_desc                   0x08005f4c   Data          21  cmd.o(.rodata.name)
    __fsym___cmd_list_timer_name             0x08005f61   Data          17  cmd.o(.rodata.name)
    __fsym___cmd_list_timer_desc             0x08005f72   Data          21  cmd.o(.rodata.name)
    __fsym_list_name                         0x08005f87   Data           5  cmd.o(.rodata.name)
    __fsym_list_desc                         0x08005f8c   Data          26  cmd.o(.rodata.name)
    __fsym___cmd_help_name                   0x08005fa6   Data          11  msh.o(.rodata.name)
    __fsym___cmd_help_desc                   0x08005fb1   Data          22  msh.o(.rodata.name)
    __fsym___cmd_ps_name                     0x08005fc7   Data           9  msh.o(.rodata.name)
    __fsym___cmd_ps_desc                     0x08005fd0   Data          28  msh.o(.rodata.name)
    __fsym___cmd_free_name                   0x08005fec   Data          11  msh.o(.rodata.name)
    __fsym___cmd_free_desc                   0x08005ff7   Data          37  msh.o(.rodata.name)
    __rt_init_rti_start                      0x080062a0   Data           4  components.o(.rti_fn.0)
    __rt_init_rti_board_start                0x080062a4   Data           4  components.o(.rti_fn.0.end)
    __rt_init_uart_init                      0x080062a8   Data           4  board.o(.rti_fn.1)
    __rt_init_rti_board_end                  0x080062ac   Data           4  components.o(.rti_fn.1.end)
    __rt_init_finsh_system_init              0x080062b0   Data           4  shell.o(.rti_fn.6)
    __rt_init_rti_end                        0x080062b4   Data           4  components.o(.rti_fn.6.end)
    FSymTab$$Base                            0x080062b8   Number         0  mem.o(FSymTab)
    __fsym_list_mem                          0x080062b8   Data          12  mem.o(FSymTab)
    __fsym_hello                             0x080062c4   Data          12  cmd.o(FSymTab)
    __fsym_version                           0x080062d0   Data          12  cmd.o(FSymTab)
    __fsym___cmd_version                     0x080062dc   Data          12  cmd.o(FSymTab)
    __fsym_list_thread                       0x080062e8   Data          12  cmd.o(FSymTab)
    __fsym___cmd_list_thread                 0x080062f4   Data          12  cmd.o(FSymTab)
    __fsym_list_sem                          0x08006300   Data          12  cmd.o(FSymTab)
    __fsym___cmd_list_sem                    0x0800630c   Data          12  cmd.o(FSymTab)
    __fsym_list_timer                        0x08006318   Data          12  cmd.o(FSymTab)
    __fsym___cmd_list_timer                  0x08006324   Data          12  cmd.o(FSymTab)
    __fsym_list                              0x08006330   Data          12  cmd.o(FSymTab)
    __fsym___cmd_help                        0x0800633c   Data          12  msh.o(FSymTab)
    __fsym___cmd_ps                          0x08006348   Data          12  msh.o(FSymTab)
    __fsym___cmd_free                        0x08006354   Data          12  msh.o(FSymTab)
    FSymTab$$Limit                           0x08006360   Number         0  msh.o(FSymTab)
    Region$$Table$$Base                      0x08006360   Number         0  anon$$obj.o(Region$$Table)
    Region$$Table$$Limit                     0x08006380   Number         0  anon$$obj.o(Region$$Table)
    base_speed                               0x20000000   Data           4  main.o(.data..L_MergedGlobals)
    low_speed                                0x20000004   Data           4  main.o(.data..L_MergedGlobals)
    correction_speed                         0x20000008   Data           4  main.o(.data..L_MergedGlobals)
    turning_speed                            0x2000000c   Data           4  main.o(.data..L_MergedGlobals)
    turning_speed_low                        0x20000010   Data           4  main.o(.data..L_MergedGlobals)
    uwTickFreq                               0x20000014   Data           1  stm32f1xx_hal.o(.data..L_MergedGlobals)
    uwTickPrio                               0x20000018   Data           4  stm32f1xx_hal.o(.data..L_MergedGlobals)
    SystemCoreClock                          0x2000001c   Data           4  system_stm32f1xx.o(.data.SystemCoreClock)
    __libspace_start                         0x20000050   Data          96  libspace.o(.bss)
    __temporary_stack_top$libspace           0x200000b0   Data           0  libspace.o(.bss)
    rt_current_priority                      0x200000e8   Data           1  scheduler.o(.bss..L_MergedGlobals)
    rt_current_thread                        0x200000ec   Data           4  scheduler.o(.bss..L_MergedGlobals)
    rt_thread_ready_priority_group           0x200000f0   Data           4  scheduler.o(.bss..L_MergedGlobals)
    rt_thread_defunct                        0x200000f4   Data           8  scheduler.o(.bss..L_MergedGlobals)
    _syscall_table_begin                     0x20000108   Data           4  shell.o(.bss..L_MergedGlobals)
    _syscall_table_end                       0x2000010c   Data           4  shell.o(.bss..L_MergedGlobals)
    _sysvar_table_begin                      0x20000110   Data           4  shell.o(.bss..L_MergedGlobals)
    _sysvar_table_end                        0x20000114   Data           4  shell.o(.bss..L_MergedGlobals)
    shell                                    0x2000011c   Data           4  shell.o(.bss..L_MergedGlobals)
    htim2                                    0x200001ec   Data          72  tim.o(.bss.htim2)
    htim3                                    0x20000234   Data          72  tim.o(.bss.htim3)
    huart1                                   0x2000027c   Data          72  usart.o(.bss.huart1)
    huart2                                   0x200002c4   Data          72  usart.o(.bss.huart2)
    rt_interrupt_from_thread                 0x20003f88   Data           4  cpuport.o(.bss.rt_interrupt_from_thread)
    rt_interrupt_nest                        0x20003f8c   Data           1  irq.o(.bss.rt_interrupt_nest)
    rt_interrupt_to_thread                   0x20003f90   Data           4  cpuport.o(.bss.rt_interrupt_to_thread)
    rt_thread_priority_table                 0x20004014   Data         256  scheduler.o(.bss.rt_thread_priority_table)
    rt_thread_switch_interrupt_flag          0x20004214   Data           4  cpuport.o(.bss.rt_thread_switch_interrupt_flag)
    uwTick                                   0x2000421c   Data           4  stm32f1xx_hal.o(.bss.uwTick)



==============================================================================

Memory Map of the image

  Image Entry point : 0x080000ed

  Load Region LR_IROM1 (Base: 0x08000000, Size: 0x000063d0, Max: 0x00010000, ABSOLUTE)

    Execution Region ER_IROM1 (Exec base: 0x08000000, Load base: 0x08000000, Size: 0x00006380, Max: 0x00010000, ABSOLUTE)

    Exec Addr    Load Addr    Size         Type   Attr      Idx    E Section Name        Object

    0x08000000   0x08000000   0x000000ec   Data   RO            3    RESET               startup_stm32f103xb.o
    0x080000ec   0x080000ec   0x00000008   Code   RO         1406  * !!!main             c_w.l(__main.o)
    0x080000f4   0x080000f4   0x00000034   Code   RO         1571    !!!scatter          c_w.l(__scatter.o)
    0x08000128   0x08000128   0x0000001a   Code   RO         1573    !!handler_copy      c_w.l(__scatter_copy.o)
    0x08000142   0x08000142   0x00000002   PAD
    0x08000144   0x08000144   0x0000001c   Code   RO         1575    !!handler_zi        c_w.l(__scatter_zi.o)
    0x08000160   0x08000160   0x00000002   Code   RO         1433    .ARM.Collect$$libinit$$00000000  c_w.l(libinit.o)
    0x08000162   0x08000162   0x00000000   Code   RO         1440    .ARM.Collect$$libinit$$00000002  c_w.l(libinit2.o)
    0x08000162   0x08000162   0x00000000   Code   RO         1442    .ARM.Collect$$libinit$$00000004  c_w.l(libinit2.o)
    0x08000162   0x08000162   0x00000000   Code   RO         1444    .ARM.Collect$$libinit$$00000006  c_w.l(libinit2.o)
    0x08000162   0x08000162   0x00000000   Code   RO         1447    .ARM.Collect$$libinit$$0000000C  c_w.l(libinit2.o)
    0x08000162   0x08000162   0x00000000   Code   RO         1449    .ARM.Collect$$libinit$$0000000E  c_w.l(libinit2.o)
    0x08000162   0x08000162   0x00000000   Code   RO         1451    .ARM.Collect$$libinit$$00000010  c_w.l(libinit2.o)
    0x08000162   0x08000162   0x00000000   Code   RO         1454    .ARM.Collect$$libinit$$00000013  c_w.l(libinit2.o)
    0x08000162   0x08000162   0x00000000   Code   RO         1456    .ARM.Collect$$libinit$$00000015  c_w.l(libinit2.o)
    0x08000162   0x08000162   0x00000000   Code   RO         1458    .ARM.Collect$$libinit$$00000017  c_w.l(libinit2.o)
    0x08000162   0x08000162   0x00000000   Code   RO         1460    .ARM.Collect$$libinit$$00000019  c_w.l(libinit2.o)
    0x08000162   0x08000162   0x00000000   Code   RO         1462    .ARM.Collect$$libinit$$0000001B  c_w.l(libinit2.o)
    0x08000162   0x08000162   0x00000000   Code   RO         1464    .ARM.Collect$$libinit$$0000001D  c_w.l(libinit2.o)
    0x08000162   0x08000162   0x00000000   Code   RO         1466    .ARM.Collect$$libinit$$0000001F  c_w.l(libinit2.o)
    0x08000162   0x08000162   0x00000000   Code   RO         1468    .ARM.Collect$$libinit$$00000021  c_w.l(libinit2.o)
    0x08000162   0x08000162   0x00000000   Code   RO         1470    .ARM.Collect$$libinit$$00000023  c_w.l(libinit2.o)
    0x08000162   0x08000162   0x00000000   Code   RO         1472    .ARM.Collect$$libinit$$00000025  c_w.l(libinit2.o)
    0x08000162   0x08000162   0x00000000   Code   RO         1474    .ARM.Collect$$libinit$$00000027  c_w.l(libinit2.o)
    0x08000162   0x08000162   0x00000000   Code   RO         1478    .ARM.Collect$$libinit$$0000002E  c_w.l(libinit2.o)
    0x08000162   0x08000162   0x00000000   Code   RO         1480    .ARM.Collect$$libinit$$00000030  c_w.l(libinit2.o)
    0x08000162   0x08000162   0x00000000   Code   RO         1482    .ARM.Collect$$libinit$$00000032  c_w.l(libinit2.o)
    0x08000162   0x08000162   0x00000000   Code   RO         1484    .ARM.Collect$$libinit$$00000034  c_w.l(libinit2.o)
    0x08000162   0x08000162   0x00000002   Code   RO         1485    .ARM.Collect$$libinit$$00000035  c_w.l(libinit2.o)
    0x08000164   0x08000164   0x00000002   Code   RO         1507    .ARM.Collect$$libshutdown$$00000000  c_w.l(libshutdown.o)
    0x08000166   0x08000166   0x00000000   Code   RO         1522    .ARM.Collect$$libshutdown$$00000002  c_w.l(libshutdown2.o)
    0x08000166   0x08000166   0x00000000   Code   RO         1524    .ARM.Collect$$libshutdown$$00000004  c_w.l(libshutdown2.o)
    0x08000166   0x08000166   0x00000000   Code   RO         1527    .ARM.Collect$$libshutdown$$00000007  c_w.l(libshutdown2.o)
    0x08000166   0x08000166   0x00000000   Code   RO         1530    .ARM.Collect$$libshutdown$$0000000A  c_w.l(libshutdown2.o)
    0x08000166   0x08000166   0x00000000   Code   RO         1532    .ARM.Collect$$libshutdown$$0000000C  c_w.l(libshutdown2.o)
    0x08000166   0x08000166   0x00000000   Code   RO         1535    .ARM.Collect$$libshutdown$$0000000F  c_w.l(libshutdown2.o)
    0x08000166   0x08000166   0x00000002   Code   RO         1536    .ARM.Collect$$libshutdown$$00000010  c_w.l(libshutdown2.o)
    0x08000168   0x08000168   0x00000000   Code   RO         1408    .ARM.Collect$$rtentry$$00000000  c_w.l(__rtentry.o)
    0x08000168   0x08000168   0x00000000   Code   RO         1410    .ARM.Collect$$rtentry$$00000002  c_w.l(__rtentry2.o)
    0x08000168   0x08000168   0x00000006   Code   RO         1422    .ARM.Collect$$rtentry$$00000004  c_w.l(__rtentry4.o)
    0x0800016e   0x0800016e   0x00000000   Code   RO         1412    .ARM.Collect$$rtentry$$00000009  c_w.l(__rtentry2.o)
    0x0800016e   0x0800016e   0x00000004   Code   RO         1413    .ARM.Collect$$rtentry$$0000000A  c_w.l(__rtentry2.o)
    0x08000172   0x08000172   0x00000000   Code   RO         1415    .ARM.Collect$$rtentry$$0000000C  c_w.l(__rtentry2.o)
    0x08000172   0x08000172   0x00000008   Code   RO         1416    .ARM.Collect$$rtentry$$0000000D  c_w.l(__rtentry2.o)
    0x0800017a   0x0800017a   0x00000002   Code   RO         1437    .ARM.Collect$$rtexit$$00000000  c_w.l(rtexit.o)
    0x0800017c   0x0800017c   0x00000000   Code   RO         1487    .ARM.Collect$$rtexit$$00000002  c_w.l(rtexit2.o)
    0x0800017c   0x0800017c   0x00000004   Code   RO         1488    .ARM.Collect$$rtexit$$00000003  c_w.l(rtexit2.o)
    0x08000180   0x08000180   0x00000006   Code   RO         1489    .ARM.Collect$$rtexit$$00000004  c_w.l(rtexit2.o)
    0x08000186   0x08000186   0x00000002   PAD
    0x08000188   0x08000188   0x00000040   Code   RO            4    .text               startup_stm32f103xb.o
    0x080001c8   0x080001c8   0x000000f4   Code   RO          912    .text               context_rvds.o
    0x080002bc   0x080002bc   0x0000003e   Code   RO         1392    .text               c_w.l(strlen.o)
    0x080002fa   0x080002fa   0x00000096   Code   RO         1394    .text               c_w.l(strncmp.o)
    0x08000390   0x08000390   0x00000010   Code   RO         1396    .text               c_w.l(aeabi_memset.o)
    0x080003a0   0x080003a0   0x00000044   Code   RO         1398    .text               c_w.l(rt_memclr.o)
    0x080003e4   0x080003e4   0x0000004e   Code   RO         1400    .text               c_w.l(rt_memclr_w.o)
    0x08000432   0x08000432   0x00000056   Code   RO         1402    .text               c_w.l(strncpy.o)
    0x08000488   0x08000488   0x00000006   Code   RO         1404    .text               c_w.l(heapauxi.o)
    0x0800048e   0x0800048e   0x0000004a   Code   RO         1424    .text               c_w.l(sys_stackheap_outer.o)
    0x080004d8   0x080004d8   0x00000012   Code   RO         1426    .text               c_w.l(exit.o)
    0x080004ea   0x080004ea   0x00000002   PAD
    0x080004ec   0x080004ec   0x00000008   Code   RO         1434    .text               c_w.l(libspace.o)
    0x080004f4   0x080004f4   0x0000000c   Code   RO         1497    .text               c_w.l(sys_exit.o)
    0x08000500   0x08000500   0x00000002   Code   RO         1512    .text               c_w.l(use_no_semi.o)
    0x08000502   0x08000502   0x00000000   Code   RO         1514    .text               c_w.l(indicate_semi.o)
    0x08000502   0x08000502   0x00000002   PAD
    0x08000504   0x08000504   0x00000054   Code   RO          948    .text.$Sub$$main    components.o
    0x08000558   0x08000558   0x00000002   Code   RO           90    .text.BusFault_Handler  stm32f1xx_it.o
    0x0800055a   0x0800055a   0x00000002   PAD
    0x0800055c   0x0800055c   0x00000002   Code   RO           94    .text.DebugMon_Handler  stm32f1xx_it.o
    0x0800055e   0x0800055e   0x00000002   PAD
    0x08000560   0x08000560   0x0000000a   Code   RO           17    .text.Error_Handler  main.o
    0x0800056a   0x0800056a   0x00000002   PAD
    0x0800056c   0x0800056c   0x00000212   Code   RO          238    .text.HAL_GPIO_Init  stm32f1xx_hal_gpio.o
    0x0800077e   0x0800077e   0x00000002   PAD
    0x08000780   0x08000780   0x0000000a   Code   RO          244    .text.HAL_GPIO_WritePin  stm32f1xx_hal_gpio.o
    0x0800078a   0x0800078a   0x00000002   PAD
    0x0800078c   0x0800078c   0x0000000c   Code   RO          138    .text.HAL_GetTick   stm32f1xx_hal.o
    0x08000798   0x08000798   0x00000026   Code   RO          126    .text.HAL_Init      stm32f1xx_hal.o
    0x080007be   0x080007be   0x00000002   PAD
    0x080007c0   0x080007c0   0x00000048   Code   RO          128    .text.HAL_InitTick  stm32f1xx_hal.o
    0x08000808   0x08000808   0x00000042   Code   RO          103    .text.HAL_MspInit   stm32f1xx_hal_msp.o
    0x0800084a   0x0800084a   0x00000002   PAD
    0x0800084c   0x0800084c   0x00000056   Code   RO          296    .text.HAL_NVIC_SetPriority  stm32f1xx_hal_cortex.o
    0x080008a2   0x080008a2   0x00000002   PAD
    0x080008a4   0x080008a4   0x00000020   Code   RO          294    .text.HAL_NVIC_SetPriorityGrouping  stm32f1xx_hal_cortex.o
    0x080008c4   0x080008c4   0x000001be   Code   RO          190    .text.HAL_RCC_ClockConfig  stm32f1xx_hal_rcc.o
    0x08000a82   0x08000a82   0x00000002   PAD
    0x08000a84   0x08000a84   0x0000000c   Code   RO          200    .text.HAL_RCC_GetHCLKFreq  stm32f1xx_hal_rcc.o
    0x08000a90   0x08000a90   0x00000026   Code   RO          202    .text.HAL_RCC_GetPCLK1Freq  stm32f1xx_hal_rcc.o
    0x08000ab6   0x08000ab6   0x00000002   PAD
    0x08000ab8   0x08000ab8   0x00000026   Code   RO          204    .text.HAL_RCC_GetPCLK2Freq  stm32f1xx_hal_rcc.o
    0x08000ade   0x08000ade   0x00000002   PAD
    0x08000ae0   0x08000ae0   0x000003b4   Code   RO          188    .text.HAL_RCC_OscConfig  stm32f1xx_hal_rcc.o
    0x08000e94   0x08000e94   0x0000002c   Code   RO          306    .text.HAL_SYSTICK_Config  stm32f1xx_hal_cortex.o
    0x08000ec0   0x08000ec0   0x0000007a   Code   RO          754    .text.HAL_TIMEx_MasterConfigSynchronization  stm32f1xx_hal_tim_ex.o
    0x08000f3a   0x08000f3a   0x00000002   PAD
    0x08000f3c   0x08000f3c   0x000000fe   Code   RO           50    .text.HAL_TIM_MspPostInit  tim.o
    0x0800103a   0x0800103a   0x00000002   PAD
    0x0800103c   0x0800103c   0x00000204   Code   RO          613    .text.HAL_TIM_PWM_ConfigChannel  stm32f1xx_hal_tim.o
    0x08001240   0x08001240   0x000000ec   Code   RO          513    .text.HAL_TIM_PWM_Init  stm32f1xx_hal_tim.o
    0x0800132c   0x0800132c   0x00000052   Code   RO           54    .text.HAL_TIM_PWM_MspInit  tim.o
    0x0800137e   0x0800137e   0x00000002   PAD
    0x08001380   0x08001380   0x000000de   Code   RO          521    .text.HAL_TIM_PWM_Start  stm32f1xx_hal_tim.o
    0x0800145e   0x0800145e   0x00000002   PAD
    0x08001460   0x08001460   0x000000de   Code   RO          778    .text.HAL_UART_Init  stm32f1xx_hal_uart.o
    0x0800153e   0x0800153e   0x00000002   PAD
    0x08001540   0x08001540   0x000000d2   Code   RO           72    .text.HAL_UART_MspInit  usart.o
    0x08001612   0x08001612   0x00000002   PAD
    0x08001614   0x08001614   0x00000266   Code   RO          792    .text.HAL_UART_Transmit  stm32f1xx_hal_uart.o
    0x0800187a   0x0800187a   0x00000002   PAD
    0x0800187c   0x0800187c   0x00000074   Code   RO           39    .text.MX_GPIO_Init  gpio.o
    0x080018f0   0x080018f0   0x000000cc   Code   RO           48    .text.MX_TIM2_Init  tim.o
    0x080019bc   0x080019bc   0x000000d0   Code   RO           52    .text.MX_TIM3_Init  tim.o
    0x08001a8c   0x08001a8c   0x0000003c   Code   RO           68    .text.MX_USART1_UART_Init  usart.o
    0x08001ac8   0x08001ac8   0x0000003c   Code   RO           70    .text.MX_USART2_UART_Init  usart.o
    0x08001b04   0x08001b04   0x00000002   Code   RO           88    .text.MemManage_Handler  stm32f1xx_it.o
    0x08001b06   0x08001b06   0x00000002   PAD
    0x08001b08   0x08001b08   0x00000002   Code   RO           86    .text.NMI_Handler   stm32f1xx_it.o
    0x08001b0a   0x08001b0a   0x00000002   PAD
    0x08001b0c   0x08001b0c   0x00000012   Code   RO         1278    .text.SysTick_Handler  board.o
    0x08001b1e   0x08001b1e   0x00000002   PAD
    0x08001b20   0x08001b20   0x00000054   Code   RO           15    .text.SystemClock_Config  main.o
    0x08001b74   0x08001b74   0x00000070   Code   RO          900    .text.SystemCoreClockUpdate  system_stm32f1xx.o
    0x08001be4   0x08001be4   0x00000002   Code   RO          898    .text.SystemInit    system_stm32f1xx.o
    0x08001be6   0x08001be6   0x00000002   PAD
    0x08001be8   0x08001be8   0x00000002   Code   RO           92    .text.UsageFault_Handler  stm32f1xx_it.o
    0x08001bea   0x08001bea   0x00000002   PAD
    0x08001bec   0x08001bec   0x00000038   Code   RO         1079    .text.__rt_ffs      kservice.o
    0x08001c24   0x08001c24   0x0000000a   Code   RO         1338    .text.cmd_free      msh.o
    0x08001c2e   0x08001c2e   0x00000002   PAD
    0x08001c30   0x08001c30   0x0000000a   Code   RO         1336    .text.cmd_ps        msh.o
    0x08001c3a   0x08001c3a   0x00000002   PAD
    0x08001c3c   0x08001c3c   0x000000b0   Code   RO         1375    .text.finsh_system_init  shell.o
    0x08001cec   0x08001cec   0x000004a4   Code   RO         1369    .text.finsh_thread_entry  shell.o
    0x08002190   0x08002190   0x00000020   Code   RO         1299    .text.hello         cmd.o
    0x080021b0   0x080021b0   0x00000088   Code   RO         1309    .text.list          cmd.o
    0x08002238   0x08002238   0x00000070   Code   RO         1105    .text.list_mem      mem.o
    0x080022a8   0x080022a8   0x00000268   Code   RO         1305    .text.list_sem      cmd.o
    0x08002510   0x08002510   0x00000274   Code   RO         1303    .text.list_thread   cmd.o
    0x08002784   0x08002784   0x00000530   Code   RO         1307    .text.list_timer    cmd.o
    0x08002cb4   0x08002cb4   0x0000014a   Code   RO           13    .text.main          main.o
    0x08002dfe   0x08002dfe   0x00000002   PAD
    0x08002e00   0x08002e00   0x00000032   Code   RO          952    .text.main_thread_entry  components.o
    0x08002e32   0x08002e32   0x00000002   PAD
    0x08002e34   0x08002e34   0x00000184   Code   RO         1342    .text.msh_auto_complete  msh.o
    0x08002fb8   0x08002fb8   0x00000428   Code   RO         1340    .text.msh_exec      msh.o
    0x080033e0   0x080033e0   0x0000007c   Code   RO         1334    .text.msh_help      msh.o
    0x0800345c   0x0800345c   0x00000004   Code   RO         1332    .text.msh_is_used   msh.o
    0x08003460   0x08003460   0x00000508   Code   RO         1063    .text.print_number  kservice.o
    0x08003968   0x08003968   0x0000001e   Code   RO         1101    .text.rt_calloc     mem.o
    0x08003986   0x08003986   0x00000002   PAD
    0x08003988   0x08003988   0x0000002c   Code   RO          944    .text.rt_components_board_init  components.o
    0x080039b4   0x080039b4   0x0000001c   Code   RO         1161    .text.rt_enter_critical  scheduler.o
    0x080039d0   0x080039d0   0x00000096   Code   RO         1163    .text.rt_exit_critical  scheduler.o
    0x08003a66   0x08003a66   0x00000002   PAD
    0x08003a68   0x08003a68   0x00000124   Code   RO         1099    .text.rt_free       mem.o
    0x08003b8c   0x08003b8c   0x0000000a   Code   RO         1274    .text.rt_heap_begin_get  board.o
    0x08003b96   0x08003b96   0x00000002   PAD
    0x08003b98   0x08003b98   0x0000000e   Code   RO         1276    .text.rt_heap_end_get  board.o
    0x08003ba6   0x08003ba6   0x00000002   PAD
    0x08003ba8   0x08003ba8   0x0000003e   Code   RO         1280    .text.rt_hw_board_init  board.o
    0x08003be6   0x08003be6   0x00000002   PAD
    0x08003be8   0x08003be8   0x00000026   Code   RO         1286    .text.rt_hw_console_getchar  board.o
    0x08003c0e   0x08003c0e   0x00000002   PAD
    0x08003c10   0x08003c10   0x00000060   Code   RO         1284    .text.rt_hw_console_output  board.o
    0x08003c70   0x08003c70   0x0000042c   Code   RO         1255    .text.rt_hw_hard_fault_exception  cpuport.o
    0x0800409c   0x0800409c   0x0000003c   Code   RO         1251    .text.rt_hw_stack_init  cpuport.o
    0x080040d8   0x080040d8   0x0000001c   Code   RO         1012    .text.rt_interrupt_enter  irq.o
    0x080040f4   0x080040f4   0x0000001c   Code   RO         1014    .text.rt_interrupt_leave  irq.o
    0x08004110   0x08004110   0x00000032   Code   RO         1059    .text.rt_kprintf    kservice.o
    0x08004142   0x08004142   0x00000002   PAD
    0x08004144   0x08004144   0x000001c4   Code   RO         1095    .text.rt_malloc     mem.o
    0x08004308   0x08004308   0x000000ec   Code   RO         1037    .text.rt_memmove    kservice.o
    0x080043f4   0x080043f4   0x000000f6   Code   RO         1033    .text.rt_memset     kservice.o
    0x080044ea   0x080044ea   0x00000002   PAD
    0x080044ec   0x080044ec   0x00000072   Code   RO         1132    .text.rt_object_allocate  object.o
    0x0800455e   0x0800455e   0x00000002   PAD
    0x08004560   0x08004560   0x0000002c   Code   RO         1134    .text.rt_object_delete  object.o
    0x0800458c   0x0800458c   0x00000024   Code   RO         1130    .text.rt_object_detach  object.o
    0x080045b0   0x080045b0   0x0000002a   Code   RO         1122    .text.rt_object_get_information  object.o
    0x080045da   0x080045da   0x00000002   PAD
    0x080045dc   0x080045dc   0x0000007e   Code   RO         1128    .text.rt_object_init  object.o
    0x0800465a   0x0800465a   0x00000002   PAD
    0x0800465c   0x0800465c   0x00000006   Code   RO         1136    .text.rt_object_is_systemobject  object.o
    0x08004662   0x08004662   0x00000002   PAD
    0x08004664   0x08004664   0x00000072   Code   RO         1155    .text.rt_schedule   scheduler.o
    0x080046d6   0x080046d6   0x00000002   PAD
    0x080046d8   0x080046d8   0x00000052   Code   RO         1157    .text.rt_schedule_insert_thread  scheduler.o
    0x0800472a   0x0800472a   0x00000002   PAD
    0x0800472c   0x0800472c   0x00000056   Code   RO         1159    .text.rt_schedule_remove_thread  scheduler.o
    0x08004782   0x08004782   0x00000002   PAD
    0x08004784   0x08004784   0x00000020   Code   RO          988    .text.rt_sem_init   ipc.o
    0x080047a4   0x080047a4   0x00000052   Code   RO         1000    .text.rt_sem_release  ipc.o
    0x080047f6   0x080047f6   0x00000002   PAD
    0x080047f8   0x080047f8   0x000000fc   Code   RO          996    .text.rt_sem_take   ipc.o
    0x080048f4   0x080048f4   0x000000b8   Code   RO         1057    .text.rt_show_version  kservice.o
    0x080049ac   0x080049ac   0x0000003a   Code   RO         1043    .text.rt_strlen     kservice.o
    0x080049e6   0x080049e6   0x00000002   PAD
    0x080049e8   0x080049e8   0x00000086   Code   RO         1047    .text.rt_strncpy    kservice.o
    0x08004a6e   0x08004a6e   0x00000002   PAD
    0x08004a70   0x08004a70   0x000000b4   Code   RO         1093    .text.rt_system_heap_init  mem.o
    0x08004b24   0x08004b24   0x0000012a   Code   RO         1151    .text.rt_system_scheduler_init  scheduler.o
    0x08004c4e   0x08004c4e   0x00000002   PAD
    0x08004c50   0x08004c50   0x00000030   Code   RO         1153    .text.rt_system_scheduler_start  scheduler.o
    0x08004c80   0x08004c80   0x00000010   Code   RO         1238    .text.rt_system_timer_init  timer.o
    0x08004c90   0x08004c90   0x00000002   Code   RO         1240    .text.rt_system_timer_thread_init  timer.o
    0x08004c92   0x08004c92   0x00000002   PAD
    0x08004c94   0x08004c94   0x000000b0   Code   RO         1190    .text.rt_thread_create  thread.o
    0x08004d44   0x08004d44   0x0000007a   Code   RO         1178    .text.rt_thread_exit  thread.o
    0x08004dbe   0x08004dbe   0x00000002   PAD
    0x08004dc0   0x08004dc0   0x0000003e   Code   RO          974    .text.rt_thread_idle_entry  idle.o
    0x08004dfe   0x08004dfe   0x00000002   PAD
    0x08004e00   0x08004e00   0x00000050   Code   RO          972    .text.rt_thread_idle_init  idle.o
    0x08004e50   0x08004e50   0x0000008e   Code   RO         1180    .text.rt_thread_init  thread.o
    0x08004ede   0x08004ede   0x00000002   PAD
    0x08004ee0   0x08004ee0   0x0000000e   Code   RO         1204    .text.rt_thread_mdelay  thread.o
    0x08004eee   0x08004eee   0x00000002   PAD
    0x08004ef0   0x08004ef0   0x00000046   Code   RO         1186    .text.rt_thread_resume  thread.o
    0x08004f36   0x08004f36   0x00000002   PAD
    0x08004f38   0x08004f38   0x0000000c   Code   RO         1182    .text.rt_thread_self  thread.o
    0x08004f44   0x08004f44   0x00000078   Code   RO         1196    .text.rt_thread_sleep  thread.o
    0x08004fbc   0x08004fbc   0x0000005c   Code   RO         1184    .text.rt_thread_startup  thread.o
    0x08005018   0x08005018   0x00000042   Code   RO         1198    .text.rt_thread_suspend  thread.o
    0x0800505a   0x0800505a   0x00000002   PAD
    0x0800505c   0x0800505c   0x00000028   Code   RO         1208    .text.rt_thread_timeout  thread.o
    0x08005084   0x08005084   0x00000064   Code   RO         1194    .text.rt_thread_yield  thread.o
    0x080050e8   0x080050e8   0x00000034   Code   RO          925    .text.rt_tick_from_millisecond  clock.o
    0x0800511c   0x0800511c   0x0000000c   Code   RO          919    .text.rt_tick_get   clock.o
    0x08005128   0x08005128   0x00000034   Code   RO          923    .text.rt_tick_increase  clock.o
    0x0800515c   0x0800515c   0x00000158   Code   RO         1234    .text.rt_timer_check  timer.o
    0x080052b4   0x080052b4   0x00000068   Code   RO         1232    .text.rt_timer_control  timer.o
    0x0800531c   0x0800531c   0x00000030   Code   RO         1222    .text.rt_timer_detach  timer.o
    0x0800534c   0x0800534c   0x00000032   Code   RO         1220    .text.rt_timer_init  timer.o
    0x0800537e   0x0800537e   0x00000002   PAD
    0x08005380   0x08005380   0x000000ca   Code   RO         1228    .text.rt_timer_start  timer.o
    0x0800544a   0x0800544a   0x00000002   PAD
    0x0800544c   0x0800544c   0x00000038   Code   RO         1230    .text.rt_timer_stop  timer.o
    0x08005484   0x08005484   0x00000826   Code   RO         1061    .text.rt_vsnprintf  kservice.o
    0x08005caa   0x08005caa   0x00000002   PAD
    0x08005cac   0x08005cac   0x00000004   Code   RO          940    .text.rti_board_end  components.o
    0x08005cb0   0x08005cb0   0x00000004   Code   RO          938    .text.rti_board_start  components.o
    0x08005cb4   0x08005cb4   0x00000004   Code   RO          942    .text.rti_end       components.o
    0x08005cb8   0x08005cb8   0x00000004   Code   RO          936    .text.rti_start     components.o
    0x08005cbc   0x08005cbc   0x00000038   Code   RO         1282    .text.uart_init     board.o
    0x08005cf4   0x08005cf4   0x0000000a   Code   RO         1301    .text.version       cmd.o
    0x08005cfe   0x08005cfe   0x00000010   Data   RO          903    .rodata.AHBPrescTable  system_stm32f1xx.o
    0x08005d0e   0x08005d0e   0x00000008   Data   RO          904    .rodata.APBPrescTable  system_stm32f1xx.o
    0x08005d16   0x08005d16   0x00000002   Data   RO          215    .rodata.HAL_RCC_GetSysClockFreq.aPredivFactorTable  stm32f1xx_hal_rcc.o
    0x08005d18   0x08005d18   0x00000100   Data   RO         1084    .rodata.__lowest_bit_bitmap  kservice.o
    0x08005e18   0x08005e18   0x00000010   Data   RO          214    .rodata.cst16       stm32f1xx_hal_rcc.o
    0x08005e28   0x08005e28   0x00000027   Data   RO         1107    .rodata.name        mem.o
    0x08005e4f   0x08005e4f   0x00000157   Data   RO         1311    .rodata.name        cmd.o
    0x08005fa6   0x08005fa6   0x00000076   Data   RO         1345    .rodata.name        msh.o
    0x0800601c   0x0800601c   0x00000005   Data   RO          960    .rodata.str1.1      components.o
    0x08006021   0x08006021   0x00000007   Data   RO         1082    .rodata.str1.1      kservice.o
    0x08006028   0x08006028   0x000001ad   Data   RO         1262    .rodata.str1.1      cpuport.o
    0x080061d5   0x080061d5   0x00000096   Data   RO         1315    .rodata.str1.1      cmd.o
    0x0800626b   0x0800626b   0x0000002e   Data   RO         1344    .rodata.str1.1      msh.o
    0x08006299   0x08006299   0x00000005   Data   RO         1378    .rodata.str1.1      shell.o
    0x0800629e   0x0800629e   0x00000002   PAD
    0x080062a0   0x080062a0   0x00000004   Data   RO          956    .rti_fn.0           components.o
    0x080062a4   0x080062a4   0x00000004   Data   RO          957    .rti_fn.0.end       components.o
    0x080062a8   0x080062a8   0x00000004   Data   RO         1289    .rti_fn.1           board.o
    0x080062ac   0x080062ac   0x00000004   Data   RO          958    .rti_fn.1.end       components.o
    0x080062b0   0x080062b0   0x00000004   Data   RO         1379    .rti_fn.6           shell.o
    0x080062b4   0x080062b4   0x00000004   Data   RO          959    .rti_fn.6.end       components.o
    0x080062b8   0x080062b8   0x0000000c   Data   RO         1108    FSymTab             mem.o
    0x080062c4   0x080062c4   0x0000000c   Data   RO         1312    FSymTab             cmd.o
    0x080062d0   0x080062d0   0x0000000c   Data   RO         1313    FSymTab             cmd.o
    0x080062dc   0x080062dc   0x0000000c   Data   RO         1314    FSymTab             cmd.o
    0x080062e8   0x080062e8   0x0000000c   Data   RO         1316    FSymTab             cmd.o
    0x080062f4   0x080062f4   0x0000000c   Data   RO         1317    FSymTab             cmd.o
    0x08006300   0x08006300   0x0000000c   Data   RO         1318    FSymTab             cmd.o
    0x0800630c   0x0800630c   0x0000000c   Data   RO         1319    FSymTab             cmd.o
    0x08006318   0x08006318   0x0000000c   Data   RO         1320    FSymTab             cmd.o
    0x08006324   0x08006324   0x0000000c   Data   RO         1321    FSymTab             cmd.o
    0x08006330   0x08006330   0x0000000c   Data   RO         1322    FSymTab             cmd.o
    0x0800633c   0x0800633c   0x0000000c   Data   RO         1346    FSymTab             msh.o
    0x08006348   0x08006348   0x0000000c   Data   RO         1347    FSymTab             msh.o
    0x08006354   0x08006354   0x0000000c   Data   RO         1348    FSymTab             msh.o
    0x08006360   0x08006360   0x00000020   Data   RO         1570    Region$$Table       anon$$obj.o


    Execution Region RW_IRAM1 (Exec base: 0x20000000, Load base: 0x08006380, Size: 0x00004820, Max: 0x00005000, ABSOLUTE)

    Exec Addr    Load Addr    Size         Type   Attr      Idx    E Section Name        Object

    0x20000000   0x08006380   0x00000014   Data   RW           30    .data..L_MergedGlobals  main.o
    0x20000014   0x08006394   0x00000008   Data   RW          177    .data..L_MergedGlobals  stm32f1xx_hal.o
    0x2000001c   0x0800639c   0x00000004   Data   RW          902    .data.SystemCoreClock  system_stm32f1xx.o
    0x20000020   0x080063a0   0x00000030   Data   RW         1142    .data.rt_object_container  object.o
    0x20000050        -       0x00000060   Zero   RW         1435    .bss                c_w.l(libspace.o)
    0x200000b0        -       0x00000038   Zero   RW         1109    .bss..L_MergedGlobals  mem.o
    0x200000e8        -       0x00000014   Zero   RW         1168    .bss..L_MergedGlobals  scheduler.o
    0x200000fc        -       0x0000000c   Zero   RW         1242    .bss..L_MergedGlobals  timer.o
    0x20000108        -       0x00000018   Zero   RW         1380    .bss..L_MergedGlobals  shell.o
    0x20000120        -       0x00000048   Zero   RW         1290    .bss.UartHandle     board.o
    0x20000168        -       0x00000081   Zero   RW         1377    .bss.finsh_get_prompt.finsh_prompt  shell.o
    0x200001e9   0x080063d0   0x00000003   PAD
    0x200001ec        -       0x00000048   Zero   RW           58    .bss.htim2          tim.o
    0x20000234        -       0x00000048   Zero   RW           59    .bss.htim3          tim.o
    0x2000027c        -       0x00000048   Zero   RW           76    .bss.huart1         usart.o
    0x200002c4        -       0x00000048   Zero   RW           77    .bss.huart2         usart.o
    0x2000030c        -       0x00000078   Zero   RW          978    .bss.idle           idle.o
    0x20000384        -       0x00000004   Zero   RW         1261    .bss.rt_exception_hook  cpuport.o
    0x20000388        -       0x00003c00   Zero   RW         1288    .bss.rt_heap        board.o
    0x20003f88        -       0x00000004   Zero   RW         1263    .bss.rt_interrupt_from_thread  cpuport.o
    0x20003f8c        -       0x00000001   Zero   RW         1018    .bss.rt_interrupt_nest  irq.o
    0x20003f8d   0x080063d0   0x00000003   PAD
    0x20003f90        -       0x00000004   Zero   RW         1264    .bss.rt_interrupt_to_thread  cpuport.o
    0x20003f94        -       0x00000080   Zero   RW         1083    .bss.rt_kprintf.rt_log_buf  kservice.o
    0x20004014        -       0x00000100   Zero   RW         1167    .bss.rt_thread_priority_table  scheduler.o
    0x20004114        -       0x00000100   Zero   RW          979    .bss.rt_thread_stack  idle.o
    0x20004214        -       0x00000004   Zero   RW         1265    .bss.rt_thread_switch_interrupt_flag  cpuport.o
    0x20004218        -       0x00000004   Zero   RW          927    .bss.rt_tick        clock.o
    0x2000421c        -       0x00000004   Zero   RW          176    .bss.uwTick         stm32f1xx_hal.o
    0x20004220        -       0x00000200   Zero   RW            2    HEAP                startup_stm32f103xb.o
    0x20004420        -       0x00000400   Zero   RW            1    STACK               startup_stm32f103xb.o


==============================================================================

Image component sizes


      Code (inc. data)   RO Data    RW Data    ZI Data      Debug   Object Name

       294          0          4          0      15432       4860   board.o
       116          0          0          0          4       2748   clock.o
      2750        420        613          0          0      13397   cmd.o
       194          0         21          0          0       3698   components.o
       244         28          0          0          0        852   context_rvds.o
      1128        168        429          0         16       3633   cpuport.o
       116          0          0          0          0       1568   gpio.o
       142          8          0          0        376       3433   idle.o
       366          0          0          0          0       7089   ipc.o
        56          0          0          0          1       1223   irq.o
      4338        424        263          0        128      26895   kservice.o
       424          0          0         20          0       4380   main.o
      1066        216         51          0         56       6008   mem.o
      1600         64        200          0          0       7202   msh.o
       368          0          0         48          0       7706   object.o
       806          0          0          0        276       6175   scheduler.o
      1364        218          9          0        153       6523   shell.o
        64         26        236          0       1536        824   startup_stm32f103xb.o
       122          0          0          8          4       5780   stm32f1xx_hal.o
       162          0          0          0          0       8506   stm32f1xx_hal_cortex.o
       540         22          0          0          0       4647   stm32f1xx_hal_gpio.o
        66          0          0          0          0       1234   stm32f1xx_hal_msp.o
      1482          0         18          0          0       7689   stm32f1xx_hal_rcc.o
       974          6          0          0          0      55173   stm32f1xx_hal_tim.o
       122          0          0          0          0      20764   stm32f1xx_hal_tim_ex.o
       836          0          0          0          0      32586   stm32f1xx_hal_uart.o
        10          0          0          0          0        732   stm32f1xx_it.o
       114          0         24          4          0       1660   system_stm32f1xx.o
       954          0          0          0          0      10427   thread.o
       748          0          0          0        144       5891   tim.o
       822          8          0          0         12       9041   timer.o
       330          0          0          0        144       4563   usart.o

    ----------------------------------------------------------------------
     22830       1608       1902         80      18288     276907   Object Totals
         0          0         32          0          0          0   (incl. Generated)
       112          0          2          0          6          0   (incl. Padding)

    ----------------------------------------------------------------------

      Code (inc. data)   RO Data    RW Data    ZI Data      Debug   Library Member Name

         8          0          0          0          0         68   __main.o
         0          0          0          0          0          0   __rtentry.o
        12          0          0          0          0          0   __rtentry2.o
         6          0          0          0          0          0   __rtentry4.o
        52          8          0          0          0          0   __scatter.o
        26          0          0          0          0          0   __scatter_copy.o
        28          0          0          0          0          0   __scatter_zi.o
        16          0          0          0          0         68   aeabi_memset.o
        18          0          0          0          0         80   exit.o
         6          0          0          0          0        152   heapauxi.o
         0          0          0          0          0          0   indicate_semi.o
         2          0          0          0          0          0   libinit.o
         2          0          0          0          0          0   libinit2.o
         2          0          0          0          0          0   libshutdown.o
         2          0          0          0          0          0   libshutdown2.o
         8          4          0          0         96         68   libspace.o
        68          0          0          0          0         68   rt_memclr.o
        78          0          0          0          0         80   rt_memclr_w.o
         2          0          0          0          0          0   rtexit.o
        10          0          0          0          0          0   rtexit2.o
        62          0          0          0          0         76   strlen.o
       150          0          0          0          0         80   strncmp.o
        86          0          0          0          0         76   strncpy.o
        12          4          0          0          0         68   sys_exit.o
        74          0          0          0          0         80   sys_stackheap_outer.o
         2          0          0          0          0         68   use_no_semi.o

    ----------------------------------------------------------------------
       740         16          0          0         96       1032   Library Totals
         8          0          0          0          0          0   (incl. Padding)

    ----------------------------------------------------------------------

      Code (inc. data)   RO Data    RW Data    ZI Data      Debug   Library Name

       732         16          0          0         96       1032   c_w.l

    ----------------------------------------------------------------------
       740         16          0          0         96       1032   Library Totals

    ----------------------------------------------------------------------

==============================================================================


      Code (inc. data)   RO Data    RW Data    ZI Data      Debug   

     23570       1624       1902         80      18384     276887   Grand Totals
     23570       1624       1902         80      18384     276887   ELF Image Totals
     23570       1624       1902         80          0          0   ROM Totals

==============================================================================

    Total RO  Size (Code + RO Data)                25472 (  24.88kB)
    Total RW  Size (RW Data + ZI Data)             18464 (  18.03kB)
    Total ROM Size (Code + RO Data + RW Data)      25552 (  24.95kB)

==============================================================================

