Component: Arm Compiler for Embedded 6.18 Tool: armlink [5e4cc100]

==============================================================================

Section Cross References

    startup_stm32f103xb.o(RESET) refers to startup_stm32f103xb.o(STACK) for __initial_sp
    startup_stm32f103xb.o(RESET) refers to startup_stm32f103xb.o(.text) for Reset_Handler
    startup_stm32f103xb.o(RESET) refers to stm32f1xx_it.o(.text.NMI_Handler) for NMI_Handler
    startup_stm32f103xb.o(RESET) refers to context_rvds.o(.text) for HardFault_Handler
    startup_stm32f103xb.o(RESET) refers to stm32f1xx_it.o(.text.MemManage_Handler) for MemManage_Handler
    startup_stm32f103xb.o(RESET) refers to stm32f1xx_it.o(.text.BusFault_Handler) for BusFault_Handler
    startup_stm32f103xb.o(RESET) refers to stm32f1xx_it.o(.text.UsageFault_Handler) for UsageFault_Handler
    startup_stm32f103xb.o(RESET) refers to stm32f1xx_it.o(.text.DebugMon_Handler) for DebugMon_Handler
    startup_stm32f103xb.o(RESET) refers to board.o(.text.SysTick_Handler) for SysTick_Handler
    startup_stm32f103xb.o(RESET) refers to stm32f1xx_it.o(.text.TIM2_IRQHandler) for TIM2_IRQHandler
    startup_stm32f103xb.o(RESET) refers to stm32f1xx_it.o(.text.TIM3_IRQHandler) for TIM3_IRQHandler
    startup_stm32f103xb.o(.text) refers to system_stm32f1xx.o(.text.SystemInit) for SystemInit
    startup_stm32f103xb.o(.text) refers to entry.o(.ARM.Collect$$$$00000000) for __main
    sr04.o(.text.SR04_GetData) refers to sr04.o(.bss..L_MergedGlobals) for .L_MergedGlobals
    sr04.o(.text.SR04_GetData) refers to stm32f1xx_hal_gpio.o(.text.HAL_GPIO_WritePin) for HAL_GPIO_WritePin
    sr04.o(.text.SR04_GetData) refers to printfa.o(i.__0printf) for __2printf
    sr04.o(.text.SR04_GetData) refers to dfltui.o(.text) for __aeabi_ui2d
    sr04.o(.text.SR04_GetData) refers to dmul.o(.text) for __aeabi_dmul
    sr04.o(.text.SR04_GetData) refers to d2f.o(.text) for __aeabi_d2f
    sr04.o(.text.SR04_GetData) refers to f2d.o(.text) for __aeabi_f2d
    sr04.o(.text.SR04_GetData) refers to tim.o(.bss.htim2) for htim2
    sr04.o(.text.SR04_GetData) refers to stm32f1xx_hal_tim.o(.text.HAL_TIM_IC_Start_IT) for HAL_TIM_IC_Start_IT
    sr04.o(.ARM.exidx.text.SR04_GetData) refers to sr04.o(.text.SR04_GetData) for [Anonymous Symbol]
    sr04.o(.ARM.exidx.text.rt_hw_us_delay) refers to sr04.o(.text.rt_hw_us_delay) for [Anonymous Symbol]
    sr04.o(.text.delay_us) refers to stm32f1xx_hal_rcc.o(.text.HAL_RCC_GetHCLKFreq) for HAL_RCC_GetHCLKFreq
    sr04.o(.ARM.exidx.text.delay_us) refers to sr04.o(.text.delay_us) for [Anonymous Symbol]
    sr04.o(.text.HAL_TIM_IC_CaptureCallback) refers to sr04.o(.bss..L_MergedGlobals) for .L_MergedGlobals
    sr04.o(.text.HAL_TIM_IC_CaptureCallback) refers to tim.o(.bss.htim2) for htim2
    sr04.o(.text.HAL_TIM_IC_CaptureCallback) refers to stm32f1xx_hal_tim.o(.text.HAL_TIM_ReadCapturedValue) for HAL_TIM_ReadCapturedValue
    sr04.o(.text.HAL_TIM_IC_CaptureCallback) refers to stm32f1xx_hal_tim.o(.text.HAL_TIM_IC_Stop_IT) for HAL_TIM_IC_Stop_IT
    sr04.o(.ARM.exidx.text.HAL_TIM_IC_CaptureCallback) refers to sr04.o(.text.HAL_TIM_IC_CaptureCallback) for [Anonymous Symbol]
    main.o(.text.main) refers to stm32f1xx_hal.o(.text.HAL_Init) for HAL_Init
    main.o(.text.main) refers to stm32f1xx_hal_rcc.o(.text.HAL_RCC_OscConfig) for HAL_RCC_OscConfig
    main.o(.text.main) refers to stm32f1xx_hal_rcc.o(.text.HAL_RCC_ClockConfig) for HAL_RCC_ClockConfig
    main.o(.text.main) refers to gpio.o(.text.MX_GPIO_Init) for MX_GPIO_Init
    main.o(.text.main) refers to tim.o(.text.MX_TIM2_Init) for MX_TIM2_Init
    main.o(.text.main) refers to usart.o(.text.MX_USART1_UART_Init) for MX_USART1_UART_Init
    main.o(.text.main) refers to tim.o(.text.MX_TIM3_Init) for MX_TIM3_Init
    main.o(.text.main) refers to tim.o(.bss.htim3) for htim3
    main.o(.text.main) refers to stm32f1xx_hal_tim.o(.text.HAL_TIM_PWM_Start) for HAL_TIM_PWM_Start
    main.o(.text.main) refers to main.o(.text.beep_control) for beep_control
    main.o(.text.main) refers to thread.o(.text.rt_thread_create) for rt_thread_create
    main.o(.text.main) refers to thread.o(.text.rt_thread_startup) for rt_thread_startup
    main.o(.text.main) refers to kservice.o(.text.rt_kprintf) for rt_kprintf
    main.o(.text.main) refers to main.o(.rodata.str1.1) for .L.str.3
    main.o(.text.main) refers to main.o(.text.led_control) for led_control
    main.o(.text.main) refers to puts.o(i.puts) for puts
    main.o(.text.main) refers to sr04.o(.text.SR04_GetData) for SR04_GetData
    main.o(.text.main) refers to thread.o(.text.rt_thread_mdelay) for rt_thread_mdelay
    main.o(.ARM.exidx.text.main) refers to main.o(.text.main) for [Anonymous Symbol]
    main.o(.text.SystemClock_Config) refers to stm32f1xx_hal_rcc.o(.text.HAL_RCC_OscConfig) for HAL_RCC_OscConfig
    main.o(.text.SystemClock_Config) refers to stm32f1xx_hal_rcc.o(.text.HAL_RCC_ClockConfig) for HAL_RCC_ClockConfig
[...]
    [Anonymous Symbol]                       0x08005eb8   Section        0  thread.o(.text.rt_thread_suspend)
    [Anonymous Symbol]                       0x08005efc   Section        0  thread.o(.text.rt_thread_timeout)
    [Anonymous Symbol]                       0x08005f24   Section        0  thread.o(.text.rt_thread_yield)
    [Anonymous Symbol]                       0x08005f88   Section        0  clock.o(.text.rt_tick_from_millisecond)
    [Anonymous Symbol]                       0x08005fbc   Section        0  clock.o(.text.rt_tick_get)
    [Anonymous Symbol]                       0x08005fc8   Section        0  clock.o(.text.rt_tick_increase)
    [Anonymous Symbol]                       0x08005ffc   Section        0  timer.o(.text.rt_timer_check)
    [Anonymous Symbol]                       0x08006154   Section        0  timer.o(.text.rt_timer_control)
    [Anonymous Symbol]                       0x080061bc   Section        0  timer.o(.text.rt_timer_detach)
    [Anonymous Symbol]                       0x080061ec   Section        0  timer.o(.text.rt_timer_init)
    [Anonymous Symbol]                       0x08006220   Section        0  timer.o(.text.rt_timer_start)
    [Anonymous Symbol]                       0x080062ec   Section        0  timer.o(.text.rt_timer_stop)
    [Anonymous Symbol]                       0x08006324   Section        0  kservice.o(.text.rt_vsnprintf)
    rti_board_end                            0x08006b4d   Thumb Code     4  components.o(.text.rti_board_end)
    [Anonymous Symbol]                       0x08006b4c   Section        0  components.o(.text.rti_board_end)
    rti_board_start                          0x08006b51   Thumb Code     4  components.o(.text.rti_board_start)
    [Anonymous Symbol]                       0x08006b50   Section        0  components.o(.text.rti_board_start)
    rti_end                                  0x08006b55   Thumb Code     4  components.o(.text.rti_end)
    [Anonymous Symbol]                       0x08006b54   Section        0  components.o(.text.rti_end)
    rti_start                                0x08006b59   Thumb Code     4  components.o(.text.rti_start)
    [Anonymous Symbol]                       0x08006b58   Section        0  components.o(.text.rti_start)
    uart_init                                0x08006b5d   Thumb Code    56  board.o(.text.uart_init)
    [Anonymous Symbol]                       0x08006b5c   Section        0  board.o(.text.uart_init)
    [Anonymous Symbol]                       0x08006b94   Section        0  cmd.o(.text.version)
    i.__0printf                              0x08006ba0   Section        0  printfa.o(i.__0printf)
    i.__scatterload_copy                     0x08006bc0   Section       14  handlers.o(i.__scatterload_copy)
    i.__scatterload_null                     0x08006bce   Section        2  handlers.o(i.__scatterload_null)
    i.__scatterload_zeroinit                 0x08006bd0   Section       14  handlers.o(i.__scatterload_zeroinit)
    _fp_digits                               0x08006be1   Thumb Code   366  printfa.o(i._fp_digits)
    i._fp_digits                             0x08006be0   Section        0  printfa.o(i._fp_digits)
    _printf_core                             0x08006d65   Thumb Code  1744  printfa.o(i._printf_core)
    i._printf_core                           0x08006d64   Section        0  printfa.o(i._printf_core)
    _printf_post_padding                     0x08007441   Thumb Code    36  printfa.o(i._printf_post_padding)
    i._printf_post_padding                   0x08007440   Section        0  printfa.o(i._printf_post_padding)
    _printf_pre_padding                      0x08007465   Thumb Code    46  printfa.o(i._printf_pre_padding)
    i._printf_pre_padding                    0x08007464   Section        0  printfa.o(i._printf_pre_padding)
    i.puts                                   0x08007494   Section        0  puts.o(i.puts)
    HAL_RCC_GetSysClockFreq.aPredivFactorTable 0x080074d0   Data           2  stm32f1xx_hal_rcc.o(.rodata.HAL_RCC_GetSysClockFreq.aPredivFactorTable)
    [Anonymous Symbol]                       0x080074d0   Section        0  stm32f1xx_hal_rcc.o(.rodata.HAL_RCC_GetSysClockFreq.aPredivFactorTable)
    HAL_RCC_GetSysClockFreq.aPLLMULFactorTable 0x080075d2   Data          16  stm32f1xx_hal_rcc.o(.rodata.cst16)
    [Anonymous Symbol]                       0x080075d2   Section        0  stm32f1xx_hal_rcc.o(.rodata.cst16)
    .Lswitch.table.HAL_TIM_IC_Start_IT       0x080075e4   Data          16  stm32f1xx_hal_tim.o(.rodata.cst16)
    .Lswitch.table.HAL_TIM_IC_Stop_IT        0x080075f4   Data          16  stm32f1xx_hal_tim.o(.rodata.cst16)
    .L.str.4                                 0x080077f8   Data          37  main.o(.rodata.str1.1)
    [Anonymous Symbol]                       0x080077f8   Section        0  main.o(.rodata.str1.1)
    .Lstr                                    0x0800781d   Data          11  main.o(.rodata.str1.1)
    .L.str.3                                 0x08007828   Data          12  main.o(.rodata.str1.1)
    .L.str                                   0x08007834   Data           5  components.o(.rodata.str1.1)
    [Anonymous Symbol]                       0x08007834   Section        0  components.o(.rodata.str1.1)
    .L.str.5                                 0x08007839   Data           7  kservice.o(.rodata.str1.1)
    [Anonymous Symbol]                       0x08007839   Section        0  kservice.o(.rodata.str1.1)
    .L.str.17                                0x08007840   Data          26  cpuport.o(.rodata.str1.1)
    [Anonymous Symbol]                       0x08007840   Section        0  cpuport.o(.rodata.str1.1)
    .L.str.16                                0x0800785a   Data          29  cpuport.o(.rodata.str1.1)
    .L.str.30                                0x08007877   Data          19  cpuport.o(.rodata.str1.1)
    .L.str.37                                0x0800788a   Data          14  cpuport.o(.rodata.str1.1)
    .L.str.21                                0x08007898   Data          12  cpuport.o(.rodata.str1.1)
    .L.str.28                                0x080078a4   Data          16  cpuport.o(.rodata.str1.1)
    .L.str.36                                0x080078b4   Data          16  cpuport.o(.rodata.str1.1)
    .L.str.19                                0x080078c4   Data          21  cpuport.o(.rodata.str1.1)
    .L.str.20                                0x080078d9   Data          13  cpuport.o(.rodata.str1.1)
    .L.str.1                                 0x080078e6   Data          13  cpuport.o(.rodata.str1.1)
    .L.str.2                                 0x080078f3   Data          13  cpuport.o(.rodata.str1.1)
    .L.str.3                                 0x08007900   Data          13  cpuport.o(.rodata.str1.1)
    .L.str.4                                 0x0800790d   Data          13  cpuport.o(.rodata.str1.1)
    .L.str.5                                 0x0800791a   Data          13  cpuport.o(.rodata.str1.1)
    .L.str                                   0x08007927   Data          13  cpuport.o(.rodata.str1.1)
    .L.str.29                                0x08007932   Data           2  cpuport.o(.rodata.str1.1)
    .L.str.3                                 0x08007932   Data           2  cpuport.o(.rodata.str1.1)
    .L.str.7                                 0x08007932   Data           2  cpuport.o(.rodata.str1.1)
    .L.str.41                                0x08007934   Data           7  cpuport.o(.rodata.str1.1)
    .L.str.43                                0x0800793b   Data          11  cpuport.o(.rodata.str1.1)
    .L.str.40                                0x08007946   Data          10  cpuport.o(.rodata.str1.1)
    .L.str.33                                0x08007950   Data          10  cpuport.o(.rodata.str1.1)
    .L.str.32                                0x0800795a   Data          10  cpuport.o(.rodata.str1.1)
    .L.str.44                                0x08007964   Data          11  cpuport.o(.rodata.str1.1)
    .L.str.42                                0x0800796f   Data           6  cpuport.o(.rodata.str1.1)
    .L.str.35                                0x08007975   Data           9  cpuport.o(.rodata.str1.1)
    .L.str.34                                0x0800797e   Data          11  cpuport.o(.rodata.str1.1)
    .L.str.26                                0x0800797f   Data          10  cpuport.o(.rodata.str1.1)
    .L.str.25                                0x08007989   Data          13  cpuport.o(.rodata.str1.1)
    .L.str.24                                0x0800798b   Data          11  cpuport.o(.rodata.str1.1)
    .L.str.23                                0x08007996   Data           9  cpuport.o(.rodata.str1.1)
    .L.str.39                                0x0800799f   Data          12  cpuport.o(.rodata.str1.1)
    .L.str.22                                0x080079ab   Data          22  cpuport.o(.rodata.str1.1)
    .L.str.31                                0x080079c1   Data          22  cpuport.o(.rodata.str1.1)
    .L.str.38                                0x080079d7   Data          22  cpuport.o(.rodata.str1.1)
    .L.str.22                                0x080079ed   Data          13  cmd.o(.rodata.str1.1)
    [Anonymous Symbol]                       0x080079ed   Section        0  cmd.o(.rodata.str1.1)
    .L.str.21                                0x080079ef   Data          11  cmd.o(.rodata.str1.1)
    .L.str.2                                 0x080079fa   Data          68  cmd.o(.rodata.str1.1)
    .L.str.20                                0x08007a59   Data          22  cmd.o(.rodata.str1.1)
    .L.str.27                                0x08007a6f   Data           2  cmd.o(.rodata.str1.1)
    .L.str                                   0x08007a83   Data          27  msh.o(.rodata.str1.1)
    [Anonymous Symbol]                       0x08007a83   Section        0  msh.o(.rodata.str1.1)
    .L.str.2                                 0x08007a9e   Data          12  msh.o(.rodata.str1.1)
    .L.str.1                                 0x08007aaa   Data           7  msh.o(.rodata.str1.1)
    .L.str.3                                 0x08007ab1   Data           2  shell.o(.rodata.str1.1)
    [Anonymous Symbol]                       0x08007ab1   Section        0  shell.o(.rodata.str1.1)
    .L.str.4                                 0x08007ab3   Data           3  shell.o(.rodata.str1.1)
    __tagsym$$used.0                         0x08007ab8   Number         0  components.o(.rti_fn.0)
    __tagsym$$used.1                         0x08007abc   Number         0  components.o(.rti_fn.0.end)
    __tagsym$$used.0                         0x08007ac0   Number         0  board.o(.rti_fn.1)
    __tagsym$$used.2                         0x08007ac4   Number         0  components.o(.rti_fn.1.end)
    __tagsym$$used.0                         0x08007ac8   Number         0  shell.o(.rti_fn.6)
    __tagsym$$used.3                         0x08007acc   Number         0  components.o(.rti_fn.6.end)
    __tagsym$$used.0                         0x08007ad0   Number         0  mem.o(FSymTab)
    __tagsym$$used.0                         0x08007adc   Number         0  cmd.o(FSymTab)
    __tagsym$$used.1                         0x08007ae8   Number         0  cmd.o(FSymTab)
    __tagsym$$used.2                         0x08007af4   Number         0  cmd.o(FSymTab)
    __tagsym$$used.3                         0x08007b00   Number         0  cmd.o(FSymTab)
    __tagsym$$used.4                         0x08007b0c   Number         0  cmd.o(FSymTab)
    __tagsym$$used.5                         0x08007b18   Number         0  cmd.o(FSymTab)
    __tagsym$$used.6                         0x08007b24   Number         0  cmd.o(FSymTab)
    __tagsym$$used.7                         0x08007b30   Number         0  cmd.o(FSymTab)
    __tagsym$$used.8                         0x08007b3c   Number         0  cmd.o(FSymTab)
    __tagsym$$used.9                         0x08007b48   Number         0  cmd.o(FSymTab)
    __tagsym$$used.0                         0x08007b54   Number         0  msh.o(FSymTab)
    __tagsym$$used.1                         0x08007b60   Number         0  msh.o(FSymTab)
    __tagsym$$used.2                         0x08007b6c   Number         0  msh.o(FSymTab)
    .data                                    0x20000000   Section        4  stdout.o(.data)
    .L_MergedGlobals                         0x20000004   Data           8  stm32f1xx_hal.o(.data..L_MergedGlobals)
    [Anonymous Symbol]                       0x20000004   Section        0  stm32f1xx_hal.o(.data..L_MergedGlobals)
    rt_object_container                      0x20000010   Data          48  object.o(.data.rt_object_container)
    [Anonymous Symbol]                       0x20000010   Section        0  object.o(.data.rt_object_container)
    .L_MergedGlobals                         0x20000040   Data          24  sr04.o(.bss..L_MergedGlobals)
    [Anonymous Symbol]                       0x20000040   Section        0  sr04.o(.bss..L_MergedGlobals)
    .L_MergedGlobals                         0x20000058   Data          56  mem.o(.bss..L_MergedGlobals)
    mem_size_aligned                         0x20000058   Data           4  mem.o(.bss..L_MergedGlobals)
    [Anonymous Symbol]                       0x20000058   Section        0  mem.o(.bss..L_MergedGlobals)
    heap_ptr                                 0x2000005c   Data           4  mem.o(.bss..L_MergedGlobals)
    heap_end                                 0x20000060   Data           4  mem.o(.bss..L_MergedGlobals)
    lfree                                    0x20000064   Data           4  mem.o(.bss..L_MergedGlobals)
    used_mem                                 0x20000068   Data           4  mem.o(.bss..L_MergedGlobals)
    max_mem                                  0x2000006c   Data           4  mem.o(.bss..L_MergedGlobals)
    heap_sem                                 0x20000070   Data          32  mem.o(.bss..L_MergedGlobals)
    .L_MergedGlobals                         0x20000090   Data          20  scheduler.o(.bss..L_MergedGlobals)
    [Anonymous Symbol]                       0x20000090   Section        0  scheduler.o(.bss..L_MergedGlobals)
    rt_scheduler_lock_nest                   0x20000092   Data           2  scheduler.o(.bss..L_MergedGlobals)
    .L_MergedGlobals                         0x200000a4   Data          12  timer.o(.bss..L_MergedGlobals)
    rt_timer_start.random_nr                 0x200000a4   Data           4  timer.o(.bss..L_MergedGlobals)
    [Anonymous Symbol]                       0x200000a4   Section        0  timer.o(.bss..L_MergedGlobals)
    rt_timer_list                            0x200000a8   Data           8  timer.o(.bss..L_MergedGlobals)
    .L_MergedGlobals                         0x200000b0   Data          24  shell.o(.bss..L_MergedGlobals)
    [Anonymous Symbol]                       0x200000b0   Section        0  shell.o(.bss..L_MergedGlobals)
    finsh_prompt_custom                      0x200000c0   Data           4  shell.o(.bss..L_MergedGlobals)
    UartHandle                               0x200000c8   Data          72  board.o(.bss.UartHandle)
    [Anonymous Symbol]                       0x200000c8   Section        0  board.o(.bss.UartHandle)
    finsh_get_prompt.finsh_prompt            0x20000110   Data         129  shell.o(.bss.finsh_get_prompt.finsh_prompt)
    [Anonymous Symbol]                       0x20000110   Section        0  shell.o(.bss.finsh_get_prompt.finsh_prompt)
    idle                                     0x2000026c   Data         120  idle.o(.bss.idle)
    [Anonymous Symbol]                       0x2000026c   Section        0  idle.o(.bss.idle)
    rt_exception_hook                        0x200002e4   Data           4  cpuport.o(.bss.rt_exception_hook)
    [Anonymous Symbol]                       0x200002e4   Section        0  cpuport.o(.bss.rt_exception_hook)
    rt_heap                                  0x200002e8   Data       15360  board.o(.bss.rt_heap)
    [Anonymous Symbol]                       0x200002e8   Section        0  board.o(.bss.rt_heap)
    rt_kprintf.rt_log_buf                    0x20003ef4   Data         128  kservice.o(.bss.rt_kprintf.rt_log_buf)
    [Anonymous Symbol]                       0x20003ef4   Section        0  kservice.o(.bss.rt_kprintf.rt_log_buf)
    rt_thread_stack                          0x20004074   Data         256  idle.o(.bss.rt_thread_stack)
    [Anonymous Symbol]                       0x20004074   Section        0  idle.o(.bss.rt_thread_stack)
    rt_tick                                  0x20004178   Data           4  clock.o(.bss.rt_tick)
    [Anonymous Symbol]                       0x20004178   Section        0  clock.o(.bss.rt_tick)
    STACK                                    0x20004180   Section     1024  startup_stm32f103xb.o(STACK)

    Global Symbols

    Symbol Name                              Value     Ov Type        Size  Object(Section)

    BuildAttributes$$THM_ISAv4$P$D$K$B$S$PE$A:L22UL41UL21$X:L11$S22US41US21$IEEE1$IW$~IW$USESV6$~STKCKD$USESV7$~SHL$OTIME$ROPI$EBA8$MICROLIB$REQ8$PRES8$EABIv2 0x00000000   Number         0  anon$$obj.o ABSOLUTE
    _printf_a                                0x00000000   Number         0  printfstubs.o ABSOLUTE
    _printf_c                                0x00000000   Number         0  printfstubs.o ABSOLUTE
    _printf_charcount                        0x00000000   Number         0  printfstubs.o ABSOLUTE
    _printf_d                                0x00000000   Number         0  printfstubs.o ABSOLUTE
    _printf_e                                0x00000000   Number         0  printfstubs.o ABSOLUTE
    _printf_f                                0x00000000   Number         0  printfstubs.o ABSOLUTE
    _printf_flags                            0x00000000   Number         0  printfstubs.o ABSOLUTE
    _printf_fp_dec                           0x00000000   Number         0  printfstubs.o ABSOLUTE
    _printf_fp_hex                           0x00000000   Number         0  printfstubs.o ABSOLUTE
    _printf_g                                0x00000000   Number         0  printfstubs.o ABSOLUTE
    _printf_i                                0x00000000   Number         0  printfstubs.o ABSOLUTE
    _printf_int_dec                          0x00000000   Number         0  printfstubs.o ABSOLUTE
    _printf_l                                0x00000000   Number         0  printfstubs.o ABSOLUTE
    _printf_lc                               0x00000000   Number         0  printfstubs.o ABSOLUTE
    _printf_ll                               0x00000000   Number         0  printfstubs.o ABSOLUTE
    _printf_lld                              0x00000000   Number         0  printfstubs.o ABSOLUTE
    _printf_lli                              0x00000000   Number         0  printfstubs.o ABSOLUTE
    _printf_llo                              0x00000000   Number         0  printfstubs.o ABSOLUTE
    _printf_llu                              0x00000000   Number         0  printfstubs.o ABSOLUTE
    _printf_llx                              0x00000000   Number         0  printfstubs.o ABSOLUTE
    _printf_longlong_dec                     0x00000000   Number         0  printfstubs.o ABSOLUTE
    _printf_longlong_hex                     0x00000000   Number         0  printfstubs.o ABSOLUTE
    _printf_longlong_oct                     0x00000000   Number         0  printfstubs.o ABSOLUTE
    _printf_ls                               0x00000000   Number         0  printfstubs.o ABSOLUTE
    _printf_mbtowc                           0x00000000   Number         0  printfstubs.o ABSOLUTE
    _printf_n                                0x00000000   Number         0  printfstubs.o ABSOLUTE
    _printf_o                                0x00000000   Number         0  printfstubs.o ABSOLUTE
    _printf_p                                0x00000000   Number         0  printfstubs.o ABSOLUTE
    _printf_percent                          0x00000000   Number         0  printfstubs.o ABSOLUTE
    _printf_pre_padding                      0x00000000   Number         0  printfstubs.o ABSOLUTE
    _printf_return_value                     0x00000000   Number         0  printfstubs.o ABSOLUTE
    _printf_s                                0x00000000   Number         0  printfstubs.o ABSOLUTE
    _printf_sizespec                         0x00000000   Number         0  printfstubs.o ABSOLUTE
    _printf_str                              0x00000000   Number         0  printfstubs.o ABSOLUTE
    _printf_truncate_signed                  0x00000000   Number         0  printfstubs.o ABSOLUTE
    _printf_truncate_unsigned                0x00000000   Number         0  printfstubs.o ABSOLUTE
    _printf_u                                0x00000000   Number         0  printfstubs.o ABSOLUTE
    _printf_wc                               0x00000000   Number         0  printfstubs.o ABSOLUTE
    _printf_wctomb                           0x00000000   Number         0  printfstubs.o ABSOLUTE
    _printf_widthprec                        0x00000000   Number         0  printfstubs.o ABSOLUTE
    _printf_x                                0x00000000   Number         0  printfstubs.o ABSOLUTE
    __cpp_initialize__aeabi_                  - Undefined Weak Reference
    __cxa_finalize                            - Undefined Weak Reference
    __decompress                              - Undefined Weak Reference
    _clock_init                               - Undefined Weak Reference
    _microlib_exit                            - Undefined Weak Reference
    __Vectors_Size                           0x000000ec   Number         0  startup_stm32f103xb.o ABSOLUTE
    __Vectors                                0x08000000   Data           4  startup_stm32f103xb.o(RESET)
    __Vectors_End                            0x080000ec   Data           0  startup_stm32f103xb.o(RESET)
    __main                                   0x080000ed   Thumb Code     0  entry.o(.ARM.Collect$$$$00000000)
    _main_stk                                0x080000ed   Thumb Code     0  entry2.o(.ARM.Collect$$$$00000001)
    _main_scatterload                        0x080000f1   Thumb Code     0  entry5.o(.ARM.Collect$$$$00000004)
    __main_after_scatterload                 0x080000f5   Thumb Code     0  entry5.o(.ARM.Collect$$$$00000004)
    _main_clock                              0x080000f5   Thumb Code     0  entry7b.o(.ARM.Collect$$$$00000008)
    _main_cpp_init                           0x080000f5   Thumb Code     0  entry8b.o(.ARM.Collect$$$$0000000A)
    _main_init                               0x080000f5   Thumb Code     0  entry9a.o(.ARM.Collect$$$$0000000B)
    __rt_final_cpp                           0x080000fd   Thumb Code     0  entry10a.o(.ARM.Collect$$$$0000000D)
    __rt_final_exit                          0x080000fd   Thumb Code     0  entry11a.o(.ARM.Collect$$$$0000000F)
    Reset_Handler                            0x08000101   Thumb Code     8  startup_stm32f103xb.o(.text)
    SVC_Handler                              0x08000113   Thumb Code     2  startup_stm32f103xb.o(.text)
    ADC1_2_IRQHandler                        0x0800011b   Thumb Code     0  startup_stm32f103xb.o(.text)
    CAN1_RX1_IRQHandler                      0x0800011b   Thumb Code     0  startup_stm32f103xb.o(.text)
    CAN1_SCE_IRQHandler                      0x0800011b   Thumb Code     0  startup_stm32f103xb.o(.text)
    DMA1_Channel1_IRQHandler                 0x0800011b   Thumb Code     0  startup_stm32f103xb.o(.text)
    DMA1_Channel2_IRQHandler                 0x0800011b   Thumb Code     0  startup_stm32f103xb.o(.text)
    DMA1_Channel3_IRQHandler                 0x0800011b   Thumb Code     0  startup_stm32f103xb.o(.text)
    DMA1_Channel4_IRQHandler                 0x0800011b   Thumb Code     0  startup_stm32f103xb.o(.text)
    DMA1_Channel5_IRQHandler                 0x0800011b   Thumb Code     0  startup_stm32f103xb.o(.text)
    DMA1_Channel6_IRQHandler                 0x0800011b   Thumb Code     0  startup_stm32f103xb.o(.text)
    DMA1_Channel7_IRQHandler                 0x0800011b   Thumb Code     0  startup_stm32f103xb.o(.text)
    EXTI0_IRQHandler                         0x0800011b   Thumb Code     0  startup_stm32f103xb.o(.text)
    EXTI15_10_IRQHandler                     0x0800011b   Thumb Code     0  startup_stm32f103xb.o(.text)
    EXTI1_IRQHandler                         0x0800011b   Thumb Code     0  startup_stm32f103xb.o(.text)
    EXTI2_IRQHandler                         0x0800011b   Thumb Code     0  startup_stm32f103xb.o(.text)
    EXTI3_IRQHandler                         0x0800011b   Thumb Code     0  startup_stm32f103xb.o(.text)
    EXTI4_IRQHandler                         0x0800011b   Thumb Code     0  startup_stm32f103xb.o(.text)
    EXTI9_5_IRQHandler                       0x0800011b   Thumb Code     0  startup_stm32f103xb.o(.text)
    FLASH_IRQHandler                         0x0800011b   Thumb Code     0  startup_stm32f103xb.o(.text)
    I2C1_ER_IRQHandler                       0x0800011b   Thumb Code     0  startup_stm32f103xb.o(.text)
    I2C1_EV_IRQHandler                       0x0800011b   Thumb Code     0  startup_stm32f103xb.o(.text)
    I2C2_ER_IRQHandler                       0x0800011b   Thumb Code     0  startup_stm32f103xb.o(.text)
    I2C2_EV_IRQHandler                       0x0800011b   Thumb Code     0  startup_stm32f103xb.o(.text)
    PVD_IRQHandler                           0x0800011b   Thumb Code     0  startup_stm32f103xb.o(.text)
    RCC_IRQHandler                           0x0800011b   Thumb Code     0  startup_stm32f103xb.o(.text)
    RTC_Alarm_IRQHandler                     0x0800011b   Thumb Code     0  startup_stm32f103xb.o(.text)
    RTC_IRQHandler                           0x0800011b   Thumb Code     0  startup_stm32f103xb.o(.text)
    SPI1_IRQHandler                          0x0800011b   Thumb Code     0  startup_stm32f103xb.o(.text)
    SPI2_IRQHandler                          0x0800011b   Thumb Code     0  startup_stm32f103xb.o(.text)
    TAMPER_IRQHandler                        0x0800011b   Thumb Code     0  startup_stm32f103xb.o(.text)
    TIM1_BRK_IRQHandler                      0x0800011b   Thumb Code     0  startup_stm32f103xb.o(.text)
    TIM1_CC_IRQHandler                       0x0800011b   Thumb Code     0  startup_stm32f103xb.o(.text)
    TIM1_TRG_COM_IRQHandler                  0x0800011b   Thumb Code     0  startup_stm32f103xb.o(.text)
    TIM1_UP_IRQHandler                       0x0800011b   Thumb Code     0  startup_stm32f103xb.o(.text)
    TIM4_IRQHandler                          0x0800011b   Thumb Code     0  startup_stm32f103xb.o(.text)
    USART1_IRQHandler                        0x0800011b   Thumb Code     0  startup_stm32f103xb.o(.text)
    USART2_IRQHandler                        0x0800011b   Thumb Code     0  startup_stm32f103xb.o(.text)
    USART3_IRQHandler                        0x0800011b   Thumb Code     0  startup_stm32f103xb.o(.text)
    USBWakeUp_IRQHandler                     0x0800011b   Thumb Code     0  startup_stm32f103xb.o(.text)
    USB_HP_CAN1_TX_IRQHandler                0x0800011b   Thumb Code     0  startup_stm32f103xb.o(.text)
    USB_LP_CAN1_RX0_IRQHandler               0x0800011b   Thumb Code     0  startup_stm32f103xb.o(.text)
    WWDG_IRQHandler                          0x0800011b   Thumb Code     0  startup_stm32f103xb.o(.text)
    rt_hw_interrupt_disable                  0x08000125   Thumb Code     8  context_rvds.o(.text)
    rt_hw_interrupt_enable                   0x0800012d   Thumb Code     6  context_rvds.o(.text)
    rt_hw_context_switch                     0x08000133   Thumb Code    32  context_rvds.o(.text)
    rt_hw_context_switch_interrupt           0x08000133   Thumb Code     0  context_rvds.o(.text)
    PendSV_Handler                           0x08000153   Thumb Code    60  context_rvds.o(.text)
    rt_hw_context_switch_to                  0x0800018f   Thumb Code    56  context_rvds.o(.text)
    rt_hw_interrupt_thread_switch            0x080001c7   Thumb Code     2  context_rvds.o(.text)
    HardFault_Handler                        0x080001c9   Thumb Code    52  context_rvds.o(.text)
    __aeabi_memset                           0x08000219   Thumb Code    14  memseta.o(.text)
    __aeabi_memset4                          0x08000219   Thumb Code     0  memseta.o(.text)
    __aeabi_memset8                          0x08000219   Thumb Code     0  memseta.o(.text)
    __aeabi_memclr                           0x08000227   Thumb Code     4  memseta.o(.text)
    __aeabi_memclr4                          0x08000227   Thumb Code     0  memseta.o(.text)
    __aeabi_memclr8                          0x08000227   Thumb Code     0  memseta.o(.text)
    _memset$wrapper                          0x0800022b   Thumb Code    18  memseta.o(.text)
    strncpy                                  0x0800023d   Thumb Code    24  strncpy.o(.text)
    strlen                                   0x08000255   Thumb Code    14  strlen.o(.text)
    strncmp                                  0x08000263   Thumb Code    30  strncmp.o(.text)
    __aeabi_fmul                             0x08000281   Thumb Code   100  fmul.o(.text)
    __aeabi_dadd                             0x080002e5   Thumb Code   322  dadd.o(.text)
    __aeabi_dsub                             0x08000427   Thumb Code     6  dadd.o(.text)
    __aeabi_drsub                            0x0800042d   Thumb Code     6  dadd.o(.text)
    __aeabi_dmul                             0x08000433   Thumb Code   228  dmul.o(.text)
    __aeabi_ddiv                             0x08000517   Thumb Code   222  ddiv.o(.text)
    __aeabi_ui2d                             0x080005f5   Thumb Code    26  dfltui.o(.text)
    __aeabi_f2iz                             0x0800060f   Thumb Code    50  ffixi.o(.text)
    __aeabi_f2d                              0x08000641   Thumb Code    38  f2d.o(.text)
    __aeabi_d2f                              0x08000667   Thumb Code    56  d2f.o(.text)
    __aeabi_uidiv                            0x0800069f   Thumb Code     0  uidiv.o(.text)
    __aeabi_uidivmod                         0x0800069f   Thumb Code    44  uidiv.o(.text)
    __aeabi_uldivmod                         0x080006cb   Thumb Code    98  uldiv.o(.text)
    __aeabi_llsl                             0x0800072d   Thumb Code    30  llshl.o(.text)
    _ll_shift_l                              0x0800072d   Thumb Code     0  llshl.o(.text)
    __aeabi_lasr                             0x0800074b   Thumb Code    36  llsshr.o(.text)
    _ll_sshift_r                             0x0800074b   Thumb Code     0  llsshr.o(.text)
    __I$use$fp                               0x0800076f   Thumb Code     0  iusefp.o(.text)
    _float_round                             0x0800076f   Thumb Code    18  fepilogue.o(.text)
    _float_epilogue                          0x08000781   Thumb Code    92  fepilogue.o(.text)
    _double_round                            0x080007dd   Thumb Code    30  depilogue.o(.text)
    _double_epilogue                         0x080007fb   Thumb Code   156  depilogue.o(.text)
    __aeabi_d2ulz                            0x08000897   Thumb Code    48  dfixul.o(.text)
    __aeabi_cdrcmple                         0x080008c9   Thumb Code    48  cdrcmple.o(.text)
    __scatterload                            0x080008f9   Thumb Code    28  init.o(.text)
    __scatterload_rt2                        0x080008f9   Thumb Code     0  init.o(.text)
    __aeabi_llsr                             0x0800091d   Thumb Code    32  llushr.o(.text)
    _ll_ushift_r                             0x0800091d   Thumb Code     0  llushr.o(.text)
    main                                     0x0800093d   Thumb Code    84  components.o(.text.$Sub$$main)
    BusFault_Handler                         0x08000991   Thumb Code     2  stm32f1xx_it.o(.text.BusFault_Handler)
    DebugMon_Handler                         0x08000995   Thumb Code     2  stm32f1xx_it.o(.text.DebugMon_Handler)
    Error_Handler                            0x08000999   Thumb Code    10  main.o(.text.Error_Handler)
    HAL_GPIO_Init                            0x080009a5   Thumb Code   530  stm32f1xx_hal_gpio.o(.text.HAL_GPIO_Init)
    HAL_GPIO_WritePin                        0x08000bb9   Thumb Code    10  stm32f1xx_hal_gpio.o(.text.HAL_GPIO_WritePin)
    HAL_GetTick                              0x08000bc5   Thumb Code    12  stm32f1xx_hal.o(.text.HAL_GetTick)
    HAL_Init                                 0x08000bd1   Thumb Code    38  stm32f1xx_hal.o(.text.HAL_Init)
    HAL_InitTick                             0x08000bf9   Thumb Code    72  stm32f1xx_hal.o(.text.HAL_InitTick)
    HAL_MspInit                              0x08000c41   Thumb Code    66  stm32f1xx_hal_msp.o(.text.HAL_MspInit)
    HAL_NVIC_EnableIRQ                       0x08000c85   Thumb Code    32  stm32f1xx_hal_cortex.o(.text.HAL_NVIC_EnableIRQ)
    HAL_NVIC_SetPriority                     0x08000ca5   Thumb Code    86  stm32f1xx_hal_cortex.o(.text.HAL_NVIC_SetPriority)
    HAL_NVIC_SetPriorityGrouping             0x08000cfd   Thumb Code    32  stm32f1xx_hal_cortex.o(.text.HAL_NVIC_SetPriorityGrouping)
    HAL_RCC_ClockConfig                      0x08000d1d   Thumb Code   446  stm32f1xx_hal_rcc.o(.text.HAL_RCC_ClockConfig)
    HAL_RCC_GetHCLKFreq                      0x08000edd   Thumb Code    12  stm32f1xx_hal_rcc.o(.text.HAL_RCC_GetHCLKFreq)
    HAL_RCC_GetPCLK1Freq                     0x08000ee9   Thumb Code    38  stm32f1xx_hal_rcc.o(.text.HAL_RCC_GetPCLK1Freq)
    HAL_RCC_GetPCLK2Freq                     0x08000f11   Thumb Code    38  stm32f1xx_hal_rcc.o(.text.HAL_RCC_GetPCLK2Freq)
    HAL_RCC_OscConfig                        0x08000f39   Thumb Code   948  stm32f1xx_hal_rcc.o(.text.HAL_RCC_OscConfig)
    HAL_SYSTICK_Config                       0x080012ed   Thumb Code    44  stm32f1xx_hal_cortex.o(.text.HAL_SYSTICK_Config)
    HAL_TIMEx_BreakCallback                  0x08001319   Thumb Code     2  stm32f1xx_hal_tim_ex.o(.text.HAL_TIMEx_BreakCallback)
    HAL_TIMEx_CommutCallback                 0x0800131d   Thumb Code     2  stm32f1xx_hal_tim_ex.o(.text.HAL_TIMEx_CommutCallback)
    HAL_TIMEx_MasterConfigSynchronization    0x08001321   Thumb Code   122  stm32f1xx_hal_tim_ex.o(.text.HAL_TIMEx_MasterConfigSynchronization)
    HAL_TIM_Base_Init                        0x0800139d   Thumb Code   236  stm32f1xx_hal_tim.o(.text.HAL_TIM_Base_Init)
    HAL_TIM_Base_MspInit                     0x08001489   Thumb Code   172  tim.o(.text.HAL_TIM_Base_MspInit)
    HAL_TIM_ConfigClockSource                0x08001535   Thumb Code   412  stm32f1xx_hal_tim.o(.text.HAL_TIM_ConfigClockSource)
    HAL_TIM_IC_CaptureCallback               0x080016d1   Thumb Code   110  sr04.o(.text.HAL_TIM_IC_CaptureCallback)
    HAL_TIM_IC_ConfigChannel                 0x08001741   Thumb Code   382  stm32f1xx_hal_tim.o(.text.HAL_TIM_IC_ConfigChannel)
    HAL_TIM_IC_Init                          0x080018c1   Thumb Code   236  stm32f1xx_hal_tim.o(.text.HAL_TIM_IC_Init)
    HAL_TIM_IC_MspInit                       0x080019ad   Thumb Code     2  stm32f1xx_hal_tim.o(.text.HAL_TIM_IC_MspInit)
    HAL_TIM_IC_Start_IT                      0x080019b1   Thumb Code   304  stm32f1xx_hal_tim.o(.text.HAL_TIM_IC_Start_IT)
    HAL_TIM_IC_Stop_IT                       0x08001ae1   Thumb Code   158  stm32f1xx_hal_tim.o(.text.HAL_TIM_IC_Stop_IT)
    HAL_TIM_IRQHandler                       0x08001b81   Thumb Code   368  stm32f1xx_hal_tim.o(.text.HAL_TIM_IRQHandler)
    HAL_TIM_OC_DelayElapsedCallback          0x08001cf1   Thumb Code     2  stm32f1xx_hal_tim.o(.text.HAL_TIM_OC_DelayElapsedCallback)
    HAL_TIM_PWM_ConfigChannel                0x08001cf5   Thumb Code   516  stm32f1xx_hal_tim.o(.text.HAL_TIM_PWM_ConfigChannel)
    HAL_TIM_PWM_Init                         0x08001ef9   Thumb Code   236  stm32f1xx_hal_tim.o(.text.HAL_TIM_PWM_Init)
    HAL_TIM_PWM_MspInit                      0x08001fe5   Thumb Code     2  stm32f1xx_hal_tim.o(.text.HAL_TIM_PWM_MspInit)
    HAL_TIM_PWM_PulseFinishedCallback        0x08001fe9   Thumb Code     2  stm32f1xx_hal_tim.o(.text.HAL_TIM_PWM_PulseFinishedCallback)
    HAL_TIM_PWM_Start                        0x08001fed   Thumb Code   222  stm32f1xx_hal_tim.o(.text.HAL_TIM_PWM_Start)
    HAL_TIM_PeriodElapsedCallback            0x080020cd   Thumb Code     2  stm32f1xx_hal_tim.o(.text.HAL_TIM_PeriodElapsedCallback)
    HAL_TIM_ReadCapturedValue                0x080020d1   Thumb Code    52  stm32f1xx_hal_tim.o(.text.HAL_TIM_ReadCapturedValue)
    HAL_TIM_TriggerCallback                  0x08002105   Thumb Code     2  stm32f1xx_hal_tim.o(.text.HAL_TIM_TriggerCallback)
    HAL_UART_Init                            0x08002109   Thumb Code   222  stm32f1xx_hal_uart.o(.text.HAL_UART_Init)
    HAL_UART_MspInit                         0x080021e9   Thumb Code   122  usart.o(.text.HAL_UART_MspInit)
    HAL_UART_Transmit                        0x08002265   Thumb Code   614  stm32f1xx_hal_uart.o(.text.HAL_UART_Transmit)
    MX_GPIO_Init                             0x080024cd   Thumb Code   122  gpio.o(.text.MX_GPIO_Init)
    MX_TIM2_Init                             0x08002549   Thumb Code   182  tim.o(.text.MX_TIM2_Init)
    MX_TIM3_Init                             0x08002601   Thumb Code   254  tim.o(.text.MX_TIM3_Init)
    MX_USART1_UART_Init                      0x08002701   Thumb Code    60  usart.o(.text.MX_USART1_UART_Init)
    MemManage_Handler                        0x0800273d   Thumb Code     2  stm32f1xx_it.o(.text.MemManage_Handler)
    NMI_Handler                              0x08002741   Thumb Code     2  stm32f1xx_it.o(.text.NMI_Handler)
    SR04_GetData                             0x08002745   Thumb Code   264  sr04.o(.text.SR04_GetData)
    SysTick_Handler                          0x08002891   Thumb Code    18  board.o(.text.SysTick_Handler)
    SystemClock_Config                       0x080028a5   Thumb Code   100  main.o(.text.SystemClock_Config)
    SystemCoreClockUpdate                    0x08002909   Thumb Code   112  system_stm32f1xx.o(.text.SystemCoreClockUpdate)
    SystemInit                               0x08002979   Thumb Code     2  system_stm32f1xx.o(.text.SystemInit)
    TIM2_IRQHandler                          0x0800297d   Thumb Code    12  stm32f1xx_it.o(.text.TIM2_IRQHandler)
    TIM3_IRQHandler                          0x08002989   Thumb Code    12  stm32f1xx_it.o(.text.TIM3_IRQHandler)
    UsageFault_Handler                       0x08002995   Thumb Code     2  stm32f1xx_it.o(.text.UsageFault_Handler)
    __rt_ffs                                 0x08002999   Thumb Code    56  kservice.o(.text.__rt_ffs)
    beep_control                             0x080029d1   Thumb Code    68  main.o(.text.beep_control)
    cmd_free                                 0x08002a15   Thumb Code    10  msh.o(.text.cmd_free)
    cmd_ps                                   0x08002a21   Thumb Code    10  msh.o(.text.cmd_ps)
    finsh_system_init                        0x08002a2d   Thumb Code   136  shell.o(.text.finsh_system_init)
    finsh_thread_entry                       0x08002add   Thumb Code  1164  shell.o(.text.finsh_thread_entry)
    fputc                                    0x08002f81   Thumb Code    32  usart.o(.text.fputc)
    hello                                    0x08002fa1   Thumb Code    12  cmd.o(.text.hello)
    led_control                              0x08002fc1   Thumb Code    82  main.o(.text.led_control)
    list                                     0x08003015   Thumb Code    96  cmd.o(.text.list)
    list_mem                                 0x0800309d   Thumb Code    40  mem.o(.text.list_mem)
    list_sem                                 0x0800310d   Thumb Code   508  cmd.o(.text.list_sem)
    list_thread                              0x08003375   Thumb Code   484  cmd.o(.text.list_thread)
    list_timer                               0x080035e9   Thumb Code  1220  cmd.o(.text.list_timer)
    $Super$$main                             0x08003b19   Thumb Code   252  main.o(.text.main)
    main_thread_entry                        0x08003ca1   Thumb Code    50  components.o(.text.main_thread_entry)
    msh_auto_complete                        0x08003cd5   Thumb Code   384  msh.o(.text.msh_auto_complete)
    msh_exec                                 0x08003e59   Thumb Code  1004  msh.o(.text.msh_exec)
    msh_help                                 0x08004281   Thumb Code   124  msh.o(.text.msh_help)
    msh_is_used                              0x080042fd   Thumb Code     4  msh.o(.text.msh_is_used)
    rt_calloc                                0x08004809   Thumb Code    30  mem.o(.text.rt_calloc)
    rt_components_board_init                 0x08004829   Thumb Code    44  components.o(.text.rt_components_board_init)
    rt_enter_critical                        0x08004855   Thumb Code    28  scheduler.o(.text.rt_enter_critical)
    rt_exit_critical                         0x08004871   Thumb Code   150  scheduler.o(.text.rt_exit_critical)
    rt_free                                  0x08004909   Thumb Code   216  mem.o(.text.rt_free)
    rt_heap_begin_get                        0x08004a2d   Thumb Code    10  board.o(.text.rt_heap_begin_get)
    rt_heap_end_get                          0x08004a39   Thumb Code    14  board.o(.text.rt_heap_end_get)
    rt_hw_board_init                         0x08004a49   Thumb Code    62  board.o(.text.rt_hw_board_init)
    rt_hw_console_getchar                    0x08004a89   Thumb Code    38  board.o(.text.rt_hw_console_getchar)
    rt_hw_console_output                     0x08004ab1   Thumb Code    96  board.o(.text.rt_hw_console_output)
    rt_hw_hard_fault_exception               0x08004b11   Thumb Code   900  cpuport.o(.text.rt_hw_hard_fault_exception)
    rt_hw_stack_init                         0x08004f3d   Thumb Code    60  cpuport.o(.text.rt_hw_stack_init)
    rt_interrupt_enter                       0x08004f79   Thumb Code    28  irq.o(.text.rt_interrupt_enter)
    rt_interrupt_leave                       0x08004f95   Thumb Code    28  irq.o(.text.rt_interrupt_leave)
    rt_kprintf                               0x08004fb1   Thumb Code    50  kservice.o(.text.rt_kprintf)
    rt_malloc                                0x08004fe5   Thumb Code   452  mem.o(.text.rt_malloc)
    rt_memmove                               0x080051a9   Thumb Code   236  kservice.o(.text.rt_memmove)
    rt_memset                                0x08005295   Thumb Code   246  kservice.o(.text.rt_memset)
    rt_object_allocate                       0x0800538d   Thumb Code   114  object.o(.text.rt_object_allocate)
    rt_object_delete                         0x08005401   Thumb Code    44  object.o(.text.rt_object_delete)
    rt_object_detach                         0x0800542d   Thumb Code    36  object.o(.text.rt_object_detach)
    rt_object_get_information                0x08005451   Thumb Code    42  object.o(.text.rt_object_get_information)
    rt_object_init                           0x0800547d   Thumb Code   126  object.o(.text.rt_object_init)
    rt_object_is_systemobject                0x080054fd   Thumb Code     6  object.o(.text.rt_object_is_systemobject)
    rt_schedule                              0x08005505   Thumb Code   114  scheduler.o(.text.rt_schedule)
    rt_schedule_insert_thread                0x08005579   Thumb Code    82  scheduler.o(.text.rt_schedule_insert_thread)
    rt_schedule_remove_thread                0x080055cd   Thumb Code    86  scheduler.o(.text.rt_schedule_remove_thread)
    rt_sem_init                              0x08005625   Thumb Code    32  ipc.o(.text.rt_sem_init)
    rt_sem_release                           0x08005645   Thumb Code    82  ipc.o(.text.rt_sem_release)
    rt_sem_take                              0x08005699   Thumb Code   252  ipc.o(.text.rt_sem_take)
    rt_show_version                          0x08005795   Thumb Code    48  kservice.o(.text.rt_show_version)
    rt_strlen                                0x0800584d   Thumb Code    58  kservice.o(.text.rt_strlen)
    rt_strncpy                               0x08005889   Thumb Code   134  kservice.o(.text.rt_strncpy)
    rt_system_heap_init                      0x08005911   Thumb Code   112  mem.o(.text.rt_system_heap_init)
    rt_system_scheduler_init                 0x080059c5   Thumb Code   298  scheduler.o(.text.rt_system_scheduler_init)
    rt_system_scheduler_start                0x08005af1   Thumb Code    48  scheduler.o(.text.rt_system_scheduler_start)
    rt_system_timer_init                     0x08005b21   Thumb Code    16  timer.o(.text.rt_system_timer_init)
    rt_system_timer_thread_init              0x08005b31   Thumb Code     2  timer.o(.text.rt_system_timer_thread_init)
    rt_thread_create                         0x08005b35   Thumb Code   176  thread.o(.text.rt_thread_create)
    rt_thread_exit                           0x08005be5   Thumb Code   122  thread.o(.text.rt_thread_exit)
    rt_thread_idle_init                      0x08005ca1   Thumb Code    72  idle.o(.text.rt_thread_idle_init)
    rt_thread_init                           0x08005cf1   Thumb Code   142  thread.o(.text.rt_thread_init)
    rt_thread_mdelay                         0x08005d81   Thumb Code    14  thread.o(.text.rt_thread_mdelay)
    rt_thread_resume                         0x08005d91   Thumb Code    70  thread.o(.text.rt_thread_resume)
    rt_thread_self                           0x08005dd9   Thumb Code    12  thread.o(.text.rt_thread_self)
    rt_thread_sleep                          0x08005de5   Thumb Code   120  thread.o(.text.rt_thread_sleep)
    rt_thread_startup                        0x08005e5d   Thumb Code    92  thread.o(.text.rt_thread_startup)
    rt_thread_suspend                        0x08005eb9   Thumb Code    66  thread.o(.text.rt_thread_suspend)
    rt_thread_timeout                        0x08005efd   Thumb Code    40  thread.o(.text.rt_thread_timeout)
    rt_thread_yield                          0x08005f25   Thumb Code   100  thread.o(.text.rt_thread_yield)
    rt_tick_from_millisecond                 0x08005f89   Thumb Code    52  clock.o(.text.rt_tick_from_millisecond)
    rt_tick_get                              0x08005fbd   Thumb Code    12  clock.o(.text.rt_tick_get)
    rt_tick_increase                         0x08005fc9   Thumb Code    52  clock.o(.text.rt_tick_increase)
    rt_timer_check                           0x08005ffd   Thumb Code   344  timer.o(.text.rt_timer_check)
    rt_timer_control                         0x08006155   Thumb Code   104  timer.o(.text.rt_timer_control)
    rt_timer_detach                          0x080061bd   Thumb Code    48  timer.o(.text.rt_timer_detach)
    rt_timer_init                            0x080061ed   Thumb Code    50  timer.o(.text.rt_timer_init)
    rt_timer_start                           0x08006221   Thumb Code   202  timer.o(.text.rt_timer_start)
    rt_timer_stop                            0x080062ed   Thumb Code    56  timer.o(.text.rt_timer_stop)
    rt_vsnprintf                             0x08006325   Thumb Code  2086  kservice.o(.text.rt_vsnprintf)
    version                                  0x08006b95   Thumb Code    10  cmd.o(.text.version)
    __0printf                                0x08006ba1   Thumb Code    22  printfa.o(i.__0printf)
    __1printf                                0x08006ba1   Thumb Code     0  printfa.o(i.__0printf)
    __2printf                                0x08006ba1   Thumb Code     0  printfa.o(i.__0printf)
    __c89printf                              0x08006ba1   Thumb Code     0  printfa.o(i.__0printf)
    printf                                   0x08006ba1   Thumb Code     0  printfa.o(i.__0printf)
    __scatterload_copy                       0x08006bc1   Thumb Code    14  handlers.o(i.__scatterload_copy)
    __scatterload_null                       0x08006bcf   Thumb Code     2  handlers.o(i.__scatterload_null)
    __scatterload_zeroinit                   0x08006bd1   Thumb Code    14  handlers.o(i.__scatterload_zeroinit)
    puts                                     0x08007495   Thumb Code    30  puts.o(i.puts)
    AHBPrescTable                            0x080074b8   Data          16  system_stm32f1xx.o(.rodata.AHBPrescTable)
    APBPrescTable                            0x080074c8   Data           8  system_stm32f1xx.o(.rodata.APBPrescTable)
    __lowest_bit_bitmap                      0x080074d2   Data         256  kservice.o(.rodata.__lowest_bit_bitmap)
    __fsym_list_mem_name                     0x08007604   Data           9  mem.o(.rodata.name)
    __fsym_list_mem_desc                     0x0800760d   Data          30  mem.o(.rodata.name)
    __fsym_hello_name                        0x0800762b   Data           6  cmd.o(.rodata.name)
    __fsym_hello_desc                        0x08007631   Data          16  cmd.o(.rodata.name)
    __fsym_version_name                      0x08007641   Data           8  cmd.o(.rodata.name)
    __fsym_version_desc                      0x08007649   Data          35  cmd.o(.rodata.name)
    __fsym___cmd_version_name                0x0800766c   Data          14  cmd.o(.rodata.name)
    __fsym___cmd_version_desc                0x0800767a   Data          35  cmd.o(.rodata.name)
    __fsym_list_thread_name                  0x0800769d   Data          12  cmd.o(.rodata.name)
    __fsym_list_thread_desc                  0x080076a9   Data          12  cmd.o(.rodata.name)
    __fsym___cmd_list_thread_name            0x080076b5   Data          18  cmd.o(.rodata.name)
    __fsym___cmd_list_thread_desc            0x080076c7   Data          12  cmd.o(.rodata.name)
    __fsym_list_sem_name                     0x080076d3   Data           9  cmd.o(.rodata.name)
    __fsym_list_sem_desc                     0x080076dc   Data          25  cmd.o(.rodata.name)
    __fsym___cmd_list_sem_name               0x080076f5   Data          15  cmd.o(.rodata.name)
    __fsym___cmd_list_sem_desc               0x08007704   Data          25  cmd.o(.rodata.name)
    __fsym_list_timer_name                   0x0800771d   Data          11  cmd.o(.rodata.name)
    __fsym_list_timer_desc                   0x08007728   Data          21  cmd.o(.rodata.name)
    __fsym___cmd_list_timer_name             0x0800773d   Data          17  cmd.o(.rodata.name)
    __fsym___cmd_list_timer_desc             0x0800774e   Data          21  cmd.o(.rodata.name)
    __fsym_list_name                         0x08007763   Data           5  cmd.o(.rodata.name)
    __fsym_list_desc                         0x08007768   Data          26  cmd.o(.rodata.name)
    __fsym___cmd_help_name                   0x08007782   Data          11  msh.o(.rodata.name)
    __fsym___cmd_help_desc                   0x0800778d   Data          22  msh.o(.rodata.name)
    __fsym___cmd_ps_name                     0x080077a3   Data           9  msh.o(.rodata.name)
    __fsym___cmd_ps_desc                     0x080077ac   Data          28  msh.o(.rodata.name)
    __fsym___cmd_free_name                   0x080077c8   Data          11  msh.o(.rodata.name)
    __fsym___cmd_free_desc                   0x080077d3   Data          37  msh.o(.rodata.name)
    __rt_init_rti_start                      0x08007ab8   Data           4  components.o(.rti_fn.0)
    __rt_init_rti_board_start                0x08007abc   Data           4  components.o(.rti_fn.0.end)
    __rt_init_uart_init                      0x08007ac0   Data           4  board.o(.rti_fn.1)
    __rt_init_rti_board_end                  0x08007ac4   Data           4  components.o(.rti_fn.1.end)
    __rt_init_finsh_system_init              0x08007ac8   Data           4  shell.o(.rti_fn.6)
    __rt_init_rti_end                        0x08007acc   Data           4  components.o(.rti_fn.6.end)
    FSymTab$$Base                            0x08007ad0   Number         0  mem.o(FSymTab)
    __fsym_list_mem                          0x08007ad0   Data          12  mem.o(FSymTab)
    __fsym_hello                             0x08007adc   Data          12  cmd.o(FSymTab)
    __fsym_version                           0x08007ae8   Data          12  cmd.o(FSymTab)
    __fsym___cmd_version                     0x08007af4   Data          12  cmd.o(FSymTab)
    __fsym_list_thread                       0x08007b00   Data          12  cmd.o(FSymTab)
    __fsym___cmd_list_thread                 0x08007b0c   Data          12  cmd.o(FSymTab)
    __fsym_list_sem                          0x08007b18   Data          12  cmd.o(FSymTab)
    __fsym___cmd_list_sem                    0x08007b24   Data          12  cmd.o(FSymTab)
    __fsym_list_timer                        0x08007b30   Data          12  cmd.o(FSymTab)
    __fsym___cmd_list_timer                  0x08007b3c   Data          12  cmd.o(FSymTab)
    __fsym_list                              0x08007b48   Data          12  cmd.o(FSymTab)
    __fsym___cmd_help                        0x08007b54   Data          12  msh.o(FSymTab)
    __fsym___cmd_ps                          0x08007b60   Data          12  msh.o(FSymTab)
    __fsym___cmd_free                        0x08007b6c   Data          12  msh.o(FSymTab)
    FSymTab$$Limit                           0x08007b78   Number         0  msh.o(FSymTab)
    Region$$Table$$Base                      0x08007b78   Number         0  anon$$obj.o(Region$$Table)
    Region$$Table$$Limit                     0x08007b98   Number         0  anon$$obj.o(Region$$Table)
    __stdout                                 0x20000000   Data           4  stdout.o(.data)
    uwTickFreq                               0x20000004   Data           1  stm32f1xx_hal.o(.data..L_MergedGlobals)
    uwTickPrio                               0x20000008   Data           4  stm32f1xx_hal.o(.data..L_MergedGlobals)
    SystemCoreClock                          0x2000000c   Data           4  system_stm32f1xx.o(.data.SystemCoreClock)
    measure_Cnt                              0x20000040   Data           1  sr04.o(.bss..L_MergedGlobals)
    high_time                                0x20000044   Data           4  sr04.o(.bss..L_MergedGlobals)
    distant                                  0x20000048   Data           4  sr04.o(.bss..L_MergedGlobals)
    measure_Buf                              0x2000004c   Data          12  sr04.o(.bss..L_MergedGlobals)
    rt_current_priority                      0x20000090   Data           1  scheduler.o(.bss..L_MergedGlobals)
    rt_current_thread                        0x20000094   Data           4  scheduler.o(.bss..L_MergedGlobals)
    rt_thread_ready_priority_group           0x20000098   Data           4  scheduler.o(.bss..L_MergedGlobals)
    rt_thread_defunct                        0x2000009c   Data           8  scheduler.o(.bss..L_MergedGlobals)
    _syscall_table_begin                     0x200000b0   Data           4  shell.o(.bss..L_MergedGlobals)
    _syscall_table_end                       0x200000b4   Data           4  shell.o(.bss..L_MergedGlobals)
    _sysvar_table_begin                      0x200000b8   Data           4  shell.o(.bss..L_MergedGlobals)
    _sysvar_table_end                        0x200000bc   Data           4  shell.o(.bss..L_MergedGlobals)
    shell                                    0x200000c4   Data           4  shell.o(.bss..L_MergedGlobals)
    htim2                                    0x20000194   Data          72  tim.o(.bss.htim2)
    htim3                                    0x200001dc   Data          72  tim.o(.bss.htim3)
    huart1                                   0x20000224   Data          72  usart.o(.bss.huart1)
    rt_interrupt_from_thread                 0x20003ee8   Data           4  cpuport.o(.bss.rt_interrupt_from_thread)
    rt_interrupt_nest                        0x20003eec   Data           1  irq.o(.bss.rt_interrupt_nest)
    rt_interrupt_to_thread                   0x20003ef0   Data           4  cpuport.o(.bss.rt_interrupt_to_thread)
    rt_thread_priority_table                 0x20003f74   Data         256  scheduler.o(.bss.rt_thread_priority_table)
    rt_thread_switch_interrupt_flag          0x20004174   Data           4  cpuport.o(.bss.rt_thread_switch_interrupt_flag)
    uwTick                                   0x2000417c   Data           4  stm32f1xx_hal.o(.bss.uwTick)
    __initial_sp                             0x20004580   Data           0  startup_stm32f103xb.o(STACK)



==============================================================================

Memory Map of the image

  Image Entry point : 0x080000ed

  Load Region LR_IROM1 (Base: 0x08000000, Size: 0x00007bd8, Max: 0x00010000, ABSOLUTE)

    Execution Region ER_IROM1 (Exec base: 0x08000000, Load base: 0x08000000, Size: 0x00007b98, Max: 0x00010000, ABSOLUTE)

    Exec Addr    Load Addr    Size         Type   Attr      Idx    E Section Name        Object

    0x08000000   0x08000000   0x000000ec   Data   RO            3    RESET               startup_stm32f103xb.o
    0x080000ec   0x080000ec   0x00000000   Code   RO         1400  * .ARM.Collect$$$$00000000  mc_w.l(entry.o)
    0x080000ec   0x080000ec   0x00000004   Code   RO         1694    .ARM.Collect$$$$00000001  mc_w.l(entry2.o)
    0x080000f0   0x080000f0   0x00000004   Code   RO         1697    .ARM.Collect$$$$00000004  mc_w.l(entry5.o)
    0x080000f4   0x080000f4   0x00000000   Code   RO         1699    .ARM.Collect$$$$00000008  mc_w.l(entry7b.o)
    0x080000f4   0x080000f4   0x00000000   Code   RO         1701    .ARM.Collect$$$$0000000A  mc_w.l(entry8b.o)
    0x080000f4   0x080000f4   0x00000008   Code   RO         1702    .ARM.Collect$$$$0000000B  mc_w.l(entry9a.o)
    0x080000fc   0x080000fc   0x00000000   Code   RO         1704    .ARM.Collect$$$$0000000D  mc_w.l(entry10a.o)
    0x080000fc   0x080000fc   0x00000000   Code   RO         1706    .ARM.Collect$$$$0000000F  mc_w.l(entry11a.o)
    0x080000fc   0x080000fc   0x00000004   Code   RO         1695    .ARM.Collect$$$$00002712  mc_w.l(entry2.o)
    0x08000100   0x08000100   0x00000024   Code   RO            4    .text               startup_stm32f103xb.o
    0x08000124   0x08000124   0x000000f4   Code   RO          924    .text               context_rvds.o
    0x08000218   0x08000218   0x00000024   Code   RO         1407    .text               mc_w.l(memseta.o)
    0x0800023c   0x0800023c   0x00000018   Code   RO         1409    .text               mc_w.l(strncpy.o)
    0x08000254   0x08000254   0x0000000e   Code   RO         1411    .text               mc_w.l(strlen.o)
    0x08000262   0x08000262   0x0000001e   Code   RO         1415    .text               mc_w.l(strncmp.o)
    0x08000280   0x08000280   0x00000064   Code   RO         1678    .text               mf_w.l(fmul.o)
    0x080002e4   0x080002e4   0x0000014e   Code   RO         1680    .text               mf_w.l(dadd.o)
    0x08000432   0x08000432   0x000000e4   Code   RO         1682    .text               mf_w.l(dmul.o)
    0x08000516   0x08000516   0x000000de   Code   RO         1684    .text               mf_w.l(ddiv.o)
    0x080005f4   0x080005f4   0x0000001a   Code   RO         1686    .text               mf_w.l(dfltui.o)
    0x0800060e   0x0800060e   0x00000032   Code   RO         1688    .text               mf_w.l(ffixi.o)
    0x08000640   0x08000640   0x00000026   Code   RO         1690    .text               mf_w.l(f2d.o)
    0x08000666   0x08000666   0x00000038   Code   RO         1692    .text               mf_w.l(d2f.o)
    0x0800069e   0x0800069e   0x0000002c   Code   RO         1718    .text               mc_w.l(uidiv.o)
    0x080006ca   0x080006ca   0x00000062   Code   RO         1720    .text               mc_w.l(uldiv.o)
    0x0800072c   0x0800072c   0x0000001e   Code   RO         1722    .text               mc_w.l(llshl.o)
    0x0800074a   0x0800074a   0x00000024   Code   RO         1724    .text               mc_w.l(llsshr.o)
    0x0800076e   0x0800076e   0x00000000   Code   RO         1726    .text               mc_w.l(iusefp.o)
    0x0800076e   0x0800076e   0x0000006e   Code   RO         1727    .text               mf_w.l(fepilogue.o)
    0x080007dc   0x080007dc   0x000000ba   Code   RO         1729    .text               mf_w.l(depilogue.o)
    0x08000896   0x08000896   0x00000030   Code   RO         1731    .text               mf_w.l(dfixul.o)
    0x080008c6   0x080008c6   0x00000002   PAD
    0x080008c8   0x080008c8   0x00000030   Code   RO         1733    .text               mf_w.l(cdrcmple.o)
    0x080008f8   0x080008f8   0x00000024   Code   RO         1735    .text               mc_w.l(init.o)
    0x0800091c   0x0800091c   0x00000020   Code   RO         1737    .text               mc_w.l(llushr.o)
    0x0800093c   0x0800093c   0x00000054   Code   RO          960    .text.$Sub$$main    components.o
    0x08000990   0x08000990   0x00000002   Code   RO           98    .text.BusFault_Handler  stm32f1xx_it.o
    0x08000992   0x08000992   0x00000002   PAD
    0x08000994   0x08000994   0x00000002   Code   RO          102    .text.DebugMon_Handler  stm32f1xx_it.o
    0x08000996   0x08000996   0x00000002   PAD
    0x08000998   0x08000998   0x0000000a   Code   RO           36    .text.Error_Handler  main.o
    0x080009a2   0x080009a2   0x00000002   PAD
    0x080009a4   0x080009a4   0x00000212   Code   RO          250    .text.HAL_GPIO_Init  stm32f1xx_hal_gpio.o
    0x08000bb6   0x08000bb6   0x00000002   PAD
    0x08000bb8   0x08000bb8   0x0000000a   Code   RO          256    .text.HAL_GPIO_WritePin  stm32f1xx_hal_gpio.o
    0x08000bc2   0x08000bc2   0x00000002   PAD
    0x08000bc4   0x08000bc4   0x0000000c   Code   RO          150    .text.HAL_GetTick   stm32f1xx_hal.o
    0x08000bd0   0x08000bd0   0x00000026   Code   RO          138    .text.HAL_Init      stm32f1xx_hal.o
    0x08000bf6   0x08000bf6   0x00000002   PAD
    0x08000bf8   0x08000bf8   0x00000048   Code   RO          140    .text.HAL_InitTick  stm32f1xx_hal.o
    0x08000c40   0x08000c40   0x00000042   Code   RO          115    .text.HAL_MspInit   stm32f1xx_hal_msp.o
    0x08000c82   0x08000c82   0x00000002   PAD
    0x08000c84   0x08000c84   0x00000020   Code   RO          310    .text.HAL_NVIC_EnableIRQ  stm32f1xx_hal_cortex.o
    0x08000ca4   0x08000ca4   0x00000056   Code   RO          308    .text.HAL_NVIC_SetPriority  stm32f1xx_hal_cortex.o
    0x08000cfa   0x08000cfa   0x00000002   PAD
    0x08000cfc   0x08000cfc   0x00000020   Code   RO          306    .text.HAL_NVIC_SetPriorityGrouping  stm32f1xx_hal_cortex.o
    0x08000d1c   0x08000d1c   0x000001be   Code   RO          202    .text.HAL_RCC_ClockConfig  stm32f1xx_hal_rcc.o
    0x08000eda   0x08000eda   0x00000002   PAD
    0x08000edc   0x08000edc   0x0000000c   Code   RO          212    .text.HAL_RCC_GetHCLKFreq  stm32f1xx_hal_rcc.o
    0x08000ee8   0x08000ee8   0x00000026   Code   RO          214    .text.HAL_RCC_GetPCLK1Freq  stm32f1xx_hal_rcc.o
    0x08000f0e   0x08000f0e   0x00000002   PAD
    0x08000f10   0x08000f10   0x00000026   Code   RO          216    .text.HAL_RCC_GetPCLK2Freq  stm32f1xx_hal_rcc.o
    0x08000f36   0x08000f36   0x00000002   PAD
    0x08000f38   0x08000f38   0x000003b4   Code   RO          200    .text.HAL_RCC_OscConfig  stm32f1xx_hal_rcc.o
    0x080012ec   0x080012ec   0x0000002c   Code   RO          318    .text.HAL_SYSTICK_Config  stm32f1xx_hal_cortex.o
    0x08001318   0x08001318   0x00000002   Code   RO          776    .text.HAL_TIMEx_BreakCallback  stm32f1xx_hal_tim_ex.o
    0x0800131a   0x0800131a   0x00000002   PAD
    0x0800131c   0x0800131c   0x00000002   Code   RO          772    .text.HAL_TIMEx_CommutCallback  stm32f1xx_hal_tim_ex.o
    0x0800131e   0x0800131e   0x00000002   PAD
    0x08001320   0x08001320   0x0000007a   Code   RO          766    .text.HAL_TIMEx_MasterConfigSynchronization  stm32f1xx_hal_tim_ex.o
    0x0800139a   0x0800139a   0x00000002   PAD
    0x0800139c   0x0800139c   0x000000ec   Code   RO          471    .text.HAL_TIM_Base_Init  stm32f1xx_hal_tim.o
    0x08001488   0x08001488   0x000000ac   Code   RO           63    .text.HAL_TIM_Base_MspInit  tim.o
    0x08001534   0x08001534   0x0000019c   Code   RO          651    .text.HAL_TIM_ConfigClockSource  stm32f1xx_hal_tim.o
    0x080016d0   0x080016d0   0x0000006e   Code   RO           17    .text.HAL_TIM_IC_CaptureCallback  sr04.o
    0x0800173e   0x0800173e   0x00000002   PAD
    0x08001740   0x08001740   0x0000017e   Code   RO          621    .text.HAL_TIM_IC_ConfigChannel  stm32f1xx_hal_tim.o
    0x080018be   0x080018be   0x00000002   PAD
    0x080018c0   0x080018c0   0x000000ec   Code   RO          545    .text.HAL_TIM_IC_Init  stm32f1xx_hal_tim.o
    0x080019ac   0x080019ac   0x00000002   Code   RO          547    .text.HAL_TIM_IC_MspInit  stm32f1xx_hal_tim.o
    0x080019ae   0x080019ae   0x00000002   PAD
    0x080019b0   0x080019b0   0x00000130   Code   RO          557    .text.HAL_TIM_IC_Start_IT  stm32f1xx_hal_tim.o
    0x08001ae0   0x08001ae0   0x0000009e   Code   RO          559    .text.HAL_TIM_IC_Stop_IT  stm32f1xx_hal_tim.o
    0x08001b7e   0x08001b7e   0x00000002   PAD
    0x08001b80   0x08001b80   0x00000170   Code   RO          605    .text.HAL_TIM_IRQHandler  stm32f1xx_hal_tim.o
    0x08001cf0   0x08001cf0   0x00000002   Code   RO          609    .text.HAL_TIM_OC_DelayElapsedCallback  stm32f1xx_hal_tim.o
    0x08001cf2   0x08001cf2   0x00000002   PAD
    0x08001cf4   0x08001cf4   0x00000204   Code   RO          625    .text.HAL_TIM_PWM_ConfigChannel  stm32f1xx_hal_tim.o
    0x08001ef8   0x08001ef8   0x000000ec   Code   RO          525    .text.HAL_TIM_PWM_Init  stm32f1xx_hal_tim.o
    0x08001fe4   0x08001fe4   0x00000002   Code   RO          527    .text.HAL_TIM_PWM_MspInit  stm32f1xx_hal_tim.o
    0x08001fe6   0x08001fe6   0x00000002   PAD
    0x08001fe8   0x08001fe8   0x00000002   Code   RO          611    .text.HAL_TIM_PWM_PulseFinishedCallback  stm32f1xx_hal_tim.o
    0x08001fea   0x08001fea   0x00000002   PAD
    0x08001fec   0x08001fec   0x000000de   Code   RO          533    .text.HAL_TIM_PWM_Start  stm32f1xx_hal_tim.o
    0x080020ca   0x080020ca   0x00000002   PAD
    0x080020cc   0x080020cc   0x00000002   Code   RO          613    .text.HAL_TIM_PeriodElapsedCallback  stm32f1xx_hal_tim.o
    0x080020ce   0x080020ce   0x00000002   PAD
    0x080020d0   0x080020d0   0x00000034   Code   RO          661    .text.HAL_TIM_ReadCapturedValue  stm32f1xx_hal_tim.o
    0x08002104   0x08002104   0x00000002   Code   RO          615    .text.HAL_TIM_TriggerCallback  stm32f1xx_hal_tim.o
    0x08002106   0x08002106   0x00000002   PAD
    0x08002108   0x08002108   0x000000de   Code   RO          790    .text.HAL_UART_Init  stm32f1xx_hal_uart.o
    0x080021e6   0x080021e6   0x00000002   PAD
    0x080021e8   0x080021e8   0x0000007a   Code   RO           79    .text.HAL_UART_MspInit  usart.o
    0x08002262   0x08002262   0x00000002   PAD
    0x08002264   0x08002264   0x00000266   Code   RO          804    .text.HAL_UART_Transmit  stm32f1xx_hal_uart.o
    0x080024ca   0x080024ca   0x00000002   PAD
    0x080024cc   0x080024cc   0x0000007a   Code   RO           48    .text.MX_GPIO_Init  gpio.o
    0x08002546   0x08002546   0x00000002   PAD
    0x08002548   0x08002548   0x000000b6   Code   RO           57    .text.MX_TIM2_Init  tim.o
    0x080025fe   0x080025fe   0x00000002   PAD
    0x08002600   0x08002600   0x000000fe   Code   RO           59    .text.MX_TIM3_Init  tim.o
    0x080026fe   0x080026fe   0x00000002   PAD
    0x08002700   0x08002700   0x0000003c   Code   RO           77    .text.MX_USART1_UART_Init  usart.o
    0x0800273c   0x0800273c   0x00000002   Code   RO           96    .text.MemManage_Handler  stm32f1xx_it.o
    0x0800273e   0x0800273e   0x00000002   PAD
    0x08002740   0x08002740   0x00000002   Code   RO           94    .text.NMI_Handler   stm32f1xx_it.o
    0x08002742   0x08002742   0x00000002   PAD
    0x08002744   0x08002744   0x0000014c   Code   RO           11    .text.SR04_GetData  sr04.o
    0x08002890   0x08002890   0x00000012   Code   RO         1290    .text.SysTick_Handler  board.o
    0x080028a2   0x080028a2   0x00000002   PAD
    0x080028a4   0x080028a4   0x00000064   Code   RO           30    .text.SystemClock_Config  main.o
    0x08002908   0x08002908   0x00000070   Code   RO          912    .text.SystemCoreClockUpdate  system_stm32f1xx.o
    0x08002978   0x08002978   0x00000002   Code   RO          910    .text.SystemInit    system_stm32f1xx.o
    0x0800297a   0x0800297a   0x00000002   PAD
    0x0800297c   0x0800297c   0x0000000c   Code   RO          104    .text.TIM2_IRQHandler  stm32f1xx_it.o
    0x08002988   0x08002988   0x0000000c   Code   RO          106    .text.TIM3_IRQHandler  stm32f1xx_it.o
    0x08002994   0x08002994   0x00000002   Code   RO          100    .text.UsageFault_Handler  stm32f1xx_it.o
    0x08002996   0x08002996   0x00000002   PAD
    0x08002998   0x08002998   0x00000038   Code   RO         1091    .text.__rt_ffs      kservice.o
    0x080029d0   0x080029d0   0x00000044   Code   RO           32    .text.beep_control  main.o
    0x08002a14   0x08002a14   0x0000000a   Code   RO         1350    .text.cmd_free      msh.o
    0x08002a1e   0x08002a1e   0x00000002   PAD
    0x08002a20   0x08002a20   0x0000000a   Code   RO         1348    .text.cmd_ps        msh.o
    0x08002a2a   0x08002a2a   0x00000002   PAD
    0x08002a2c   0x08002a2c   0x000000b0   Code   RO         1387    .text.finsh_system_init  shell.o
    0x08002adc   0x08002adc   0x000004a4   Code   RO         1381    .text.finsh_thread_entry  shell.o
    0x08002f80   0x08002f80   0x00000020   Code   RO           83    .text.fputc         usart.o
    0x08002fa0   0x08002fa0   0x00000020   Code   RO         1311    .text.hello         cmd.o
    0x08002fc0   0x08002fc0   0x00000052   Code   RO           34    .text.led_control   main.o
    0x08003012   0x08003012   0x00000002   PAD
    0x08003014   0x08003014   0x00000088   Code   RO         1321    .text.list          cmd.o
    0x0800309c   0x0800309c   0x00000070   Code   RO         1117    .text.list_mem      mem.o
    0x0800310c   0x0800310c   0x00000268   Code   RO         1317    .text.list_sem      cmd.o
    0x08003374   0x08003374   0x00000274   Code   RO         1315    .text.list_thread   cmd.o
    0x080035e8   0x080035e8   0x00000530   Code   RO         1319    .text.list_timer    cmd.o
    0x08003b18   0x08003b18   0x00000188   Code   RO           28    .text.main          main.o
    0x08003ca0   0x08003ca0   0x00000032   Code   RO          964    .text.main_thread_entry  components.o
    0x08003cd2   0x08003cd2   0x00000002   PAD
    0x08003cd4   0x08003cd4   0x00000184   Code   RO         1354    .text.msh_auto_complete  msh.o
    0x08003e58   0x08003e58   0x00000428   Code   RO         1352    .text.msh_exec      msh.o
    0x08004280   0x08004280   0x0000007c   Code   RO         1346    .text.msh_help      msh.o
    0x080042fc   0x080042fc   0x00000004   Code   RO         1344    .text.msh_is_used   msh.o
    0x08004300   0x08004300   0x00000508   Code   RO         1075    .text.print_number  kservice.o
    0x08004808   0x08004808   0x0000001e   Code   RO         1113    .text.rt_calloc     mem.o
    0x08004826   0x08004826   0x00000002   PAD
    0x08004828   0x08004828   0x0000002c   Code   RO          956    .text.rt_components_board_init  components.o
    0x08004854   0x08004854   0x0000001c   Code   RO         1173    .text.rt_enter_critical  scheduler.o
    0x08004870   0x08004870   0x00000096   Code   RO         1175    .text.rt_exit_critical  scheduler.o
    0x08004906   0x08004906   0x00000002   PAD
    0x08004908   0x08004908   0x00000124   Code   RO         1111    .text.rt_free       mem.o
    0x08004a2c   0x08004a2c   0x0000000a   Code   RO         1286    .text.rt_heap_begin_get  board.o
    0x08004a36   0x08004a36   0x00000002   PAD
    0x08004a38   0x08004a38   0x0000000e   Code   RO         1288    .text.rt_heap_end_get  board.o
    0x08004a46   0x08004a46   0x00000002   PAD
    0x08004a48   0x08004a48   0x0000003e   Code   RO         1292    .text.rt_hw_board_init  board.o
    0x08004a86   0x08004a86   0x00000002   PAD
    0x08004a88   0x08004a88   0x00000026   Code   RO         1298    .text.rt_hw_console_getchar  board.o
    0x08004aae   0x08004aae   0x00000002   PAD
    0x08004ab0   0x08004ab0   0x00000060   Code   RO         1296    .text.rt_hw_console_output  board.o
    0x08004b10   0x08004b10   0x0000042c   Code   RO         1267    .text.rt_hw_hard_fault_exception  cpuport.o
    0x08004f3c   0x08004f3c   0x0000003c   Code   RO         1263    .text.rt_hw_stack_init  cpuport.o
    0x08004f78   0x08004f78   0x0000001c   Code   RO         1024    .text.rt_interrupt_enter  irq.o
    0x08004f94   0x08004f94   0x0000001c   Code   RO         1026    .text.rt_interrupt_leave  irq.o
    0x08004fb0   0x08004fb0   0x00000032   Code   RO         1071    .text.rt_kprintf    kservice.o
    0x08004fe2   0x08004fe2   0x00000002   PAD
    0x08004fe4   0x08004fe4   0x000001c4   Code   RO         1107    .text.rt_malloc     mem.o
    0x080051a8   0x080051a8   0x000000ec   Code   RO         1049    .text.rt_memmove    kservice.o
    0x08005294   0x08005294   0x000000f6   Code   RO         1045    .text.rt_memset     kservice.o
    0x0800538a   0x0800538a   0x00000002   PAD
    0x0800538c   0x0800538c   0x00000072   Code   RO         1144    .text.rt_object_allocate  object.o
    0x080053fe   0x080053fe   0x00000002   PAD
    0x08005400   0x08005400   0x0000002c   Code   RO         1146    .text.rt_object_delete  object.o
    0x0800542c   0x0800542c   0x00000024   Code   RO         1142    .text.rt_object_detach  object.o
    0x08005450   0x08005450   0x0000002a   Code   RO         1134    .text.rt_object_get_information  object.o
    0x0800547a   0x0800547a   0x00000002   PAD
    0x0800547c   0x0800547c   0x0000007e   Code   RO         1140    .text.rt_object_init  object.o
    0x080054fa   0x080054fa   0x00000002   PAD
    0x080054fc   0x080054fc   0x00000006   Code   RO         1148    .text.rt_object_is_systemobject  object.o
    0x08005502   0x08005502   0x00000002   PAD
    0x08005504   0x08005504   0x00000072   Code   RO         1167    .text.rt_schedule   scheduler.o
    0x08005576   0x08005576   0x00000002   PAD
    0x08005578   0x08005578   0x00000052   Code   RO         1169    .text.rt_schedule_insert_thread  scheduler.o
    0x080055ca   0x080055ca   0x00000002   PAD
    0x080055cc   0x080055cc   0x00000056   Code   RO         1171    .text.rt_schedule_remove_thread  scheduler.o
    0x08005622   0x08005622   0x00000002   PAD
    0x08005624   0x08005624   0x00000020   Code   RO         1000    .text.rt_sem_init   ipc.o
    0x08005644   0x08005644   0x00000052   Code   RO         1012    .text.rt_sem_release  ipc.o
    0x08005696   0x08005696   0x00000002   PAD
    0x08005698   0x08005698   0x000000fc   Code   RO         1008    .text.rt_sem_take   ipc.o
    0x08005794   0x08005794   0x000000b8   Code   RO         1069    .text.rt_show_version  kservice.o
    0x0800584c   0x0800584c   0x0000003a   Code   RO         1055    .text.rt_strlen     kservice.o
    0x08005886   0x08005886   0x00000002   PAD
    0x08005888   0x08005888   0x00000086   Code   RO         1059    .text.rt_strncpy    kservice.o
    0x0800590e   0x0800590e   0x00000002   PAD
    0x08005910   0x08005910   0x000000b4   Code   RO         1105    .text.rt_system_heap_init  mem.o
    0x080059c4   0x080059c4   0x0000012a   Code   RO         1163    .text.rt_system_scheduler_init  scheduler.o
    0x08005aee   0x08005aee   0x00000002   PAD
    0x08005af0   0x08005af0   0x00000030   Code   RO         1165    .text.rt_system_scheduler_start  scheduler.o
    0x08005b20   0x08005b20   0x00000010   Code   RO         1250    .text.rt_system_timer_init  timer.o
    0x08005b30   0x08005b30   0x00000002   Code   RO         1252    .text.rt_system_timer_thread_init  timer.o
    0x08005b32   0x08005b32   0x00000002   PAD
    0x08005b34   0x08005b34   0x000000b0   Code   RO         1202    .text.rt_thread_create  thread.o
    0x08005be4   0x08005be4   0x0000007a   Code   RO         1190    .text.rt_thread_exit  thread.o
    0x08005c5e   0x08005c5e   0x00000002   PAD
    0x08005c60   0x08005c60   0x0000003e   Code   RO          986    .text.rt_thread_idle_entry  idle.o
    0x08005c9e   0x08005c9e   0x00000002   PAD
    0x08005ca0   0x08005ca0   0x00000050   Code   RO          984    .text.rt_thread_idle_init  idle.o
    0x08005cf0   0x08005cf0   0x0000008e   Code   RO         1192    .text.rt_thread_init  thread.o
    0x08005d7e   0x08005d7e   0x00000002   PAD
    0x08005d80   0x08005d80   0x0000000e   Code   RO         1216    .text.rt_thread_mdelay  thread.o
    0x08005d8e   0x08005d8e   0x00000002   PAD
    0x08005d90   0x08005d90   0x00000046   Code   RO         1198    .text.rt_thread_resume  thread.o
    0x08005dd6   0x08005dd6   0x00000002   PAD
    0x08005dd8   0x08005dd8   0x0000000c   Code   RO         1194    .text.rt_thread_self  thread.o
    0x08005de4   0x08005de4   0x00000078   Code   RO         1208    .text.rt_thread_sleep  thread.o
    0x08005e5c   0x08005e5c   0x0000005c   Code   RO         1196    .text.rt_thread_startup  thread.o
    0x08005eb8   0x08005eb8   0x00000042   Code   RO         1210    .text.rt_thread_suspend  thread.o
    0x08005efa   0x08005efa   0x00000002   PAD
    0x08005efc   0x08005efc   0x00000028   Code   RO         1220    .text.rt_thread_timeout  thread.o
    0x08005f24   0x08005f24   0x00000064   Code   RO         1206    .text.rt_thread_yield  thread.o
    0x08005f88   0x08005f88   0x00000034   Code   RO          937    .text.rt_tick_from_millisecond  clock.o
    0x08005fbc   0x08005fbc   0x0000000c   Code   RO          931    .text.rt_tick_get   clock.o
    0x08005fc8   0x08005fc8   0x00000034   Code   RO          935    .text.rt_tick_increase  clock.o
    0x08005ffc   0x08005ffc   0x00000158   Code   RO         1246    .text.rt_timer_check  timer.o
    0x08006154   0x08006154   0x00000068   Code   RO         1244    .text.rt_timer_control  timer.o
    0x080061bc   0x080061bc   0x00000030   Code   RO         1234    .text.rt_timer_detach  timer.o
    0x080061ec   0x080061ec   0x00000032   Code   RO         1232    .text.rt_timer_init  timer.o
    0x0800621e   0x0800621e   0x00000002   PAD
    0x08006220   0x08006220   0x000000ca   Code   RO         1240    .text.rt_timer_start  timer.o
    0x080062ea   0x080062ea   0x00000002   PAD
    0x080062ec   0x080062ec   0x00000038   Code   RO         1242    .text.rt_timer_stop  timer.o
    0x08006324   0x08006324   0x00000826   Code   RO         1073    .text.rt_vsnprintf  kservice.o
    0x08006b4a   0x08006b4a   0x00000002   PAD
    0x08006b4c   0x08006b4c   0x00000004   Code   RO          952    .text.rti_board_end  components.o
    0x08006b50   0x08006b50   0x00000004   Code   RO          950    .text.rti_board_start  components.o
    0x08006b54   0x08006b54   0x00000004   Code   RO          954    .text.rti_end       components.o
    0x08006b58   0x08006b58   0x00000004   Code   RO          948    .text.rti_start     components.o
    0x08006b5c   0x08006b5c   0x00000038   Code   RO         1294    .text.uart_init     board.o
    0x08006b94   0x08006b94   0x0000000a   Code   RO         1313    .text.version       cmd.o
    0x08006b9e   0x08006b9e   0x00000002   PAD
    0x08006ba0   0x08006ba0   0x00000020   Code   RO         1650    i.__0printf         mc_w.l(printfa.o)
    0x08006bc0   0x08006bc0   0x0000000e   Code   RO         1741    i.__scatterload_copy  mc_w.l(handlers.o)
    0x08006bce   0x08006bce   0x00000002   Code   RO         1742    i.__scatterload_null  mc_w.l(handlers.o)
    0x08006bd0   0x08006bd0   0x0000000e   Code   RO         1743    i.__scatterload_zeroinit  mc_w.l(handlers.o)
    0x08006bde   0x08006bde   0x00000002   PAD
    0x08006be0   0x08006be0   0x00000184   Code   RO         1657    i._fp_digits        mc_w.l(printfa.o)
    0x08006d64   0x08006d64   0x000006dc   Code   RO         1658    i._printf_core      mc_w.l(printfa.o)
    0x08007440   0x08007440   0x00000024   Code   RO         1659    i._printf_post_padding  mc_w.l(printfa.o)
    0x08007464   0x08007464   0x0000002e   Code   RO         1660    i._printf_pre_padding  mc_w.l(printfa.o)
    0x08007492   0x08007492   0x00000002   PAD
    0x08007494   0x08007494   0x00000024   Code   RO         1403    i.puts              mc_w.l(puts.o)
    0x080074b8   0x080074b8   0x00000010   Data   RO          915    .rodata.AHBPrescTable  system_stm32f1xx.o
    0x080074c8   0x080074c8   0x00000008   Data   RO          916    .rodata.APBPrescTable  system_stm32f1xx.o
    0x080074d0   0x080074d0   0x00000002   Data   RO          227    .rodata.HAL_RCC_GetSysClockFreq.aPredivFactorTable  stm32f1xx_hal_rcc.o
    0x080074d2   0x080074d2   0x00000100   Data   RO         1096    .rodata.__lowest_bit_bitmap  kservice.o
    0x080075d2   0x080075d2   0x00000010   Data   RO          226    .rodata.cst16       stm32f1xx_hal_rcc.o
    0x080075e2   0x080075e2   0x00000002   PAD
    0x080075e4   0x080075e4   0x00000020   Data   RO          691    .rodata.cst16       stm32f1xx_hal_tim.o
    0x08007604   0x08007604   0x00000027   Data   RO         1119    .rodata.name        mem.o
    0x0800762b   0x0800762b   0x00000157   Data   RO         1323    .rodata.name        cmd.o
    0x08007782   0x08007782   0x00000076   Data   RO         1357    .rodata.name        msh.o
    0x080077f8   0x080077f8   0x0000003c   Data   RO           38    .rodata.str1.1      main.o
    0x08007834   0x08007834   0x00000005   Data   RO          972    .rodata.str1.1      components.o
    0x08007839   0x08007839   0x00000007   Data   RO         1094    .rodata.str1.1      kservice.o
    0x08007840   0x08007840   0x000001ad   Data   RO         1274    .rodata.str1.1      cpuport.o
    0x080079ed   0x080079ed   0x00000096   Data   RO         1327    .rodata.str1.1      cmd.o
    0x08007a83   0x08007a83   0x0000002e   Data   RO         1356    .rodata.str1.1      msh.o
    0x08007ab1   0x08007ab1   0x00000005   Data   RO         1390    .rodata.str1.1      shell.o
    0x08007ab6   0x08007ab6   0x00000002   PAD
    0x08007ab8   0x08007ab8   0x00000004   Data   RO          968    .rti_fn.0           components.o
    0x08007abc   0x08007abc   0x00000004   Data   RO          969    .rti_fn.0.end       components.o
    0x08007ac0   0x08007ac0   0x00000004   Data   RO         1301    .rti_fn.1           board.o
    0x08007ac4   0x08007ac4   0x00000004   Data   RO          970    .rti_fn.1.end       components.o
    0x08007ac8   0x08007ac8   0x00000004   Data   RO         1391    .rti_fn.6           shell.o
    0x08007acc   0x08007acc   0x00000004   Data   RO          971    .rti_fn.6.end       components.o
    0x08007ad0   0x08007ad0   0x0000000c   Data   RO         1120    FSymTab             mem.o
    0x08007adc   0x08007adc   0x0000000c   Data   RO         1324    FSymTab             cmd.o
    0x08007ae8   0x08007ae8   0x0000000c   Data   RO         1325    FSymTab             cmd.o
    0x08007af4   0x08007af4   0x0000000c   Data   RO         1326    FSymTab             cmd.o
    0x08007b00   0x08007b00   0x0000000c   Data   RO         1328    FSymTab             cmd.o
    0x08007b0c   0x08007b0c   0x0000000c   Data   RO         1329    FSymTab             cmd.o
    0x08007b18   0x08007b18   0x0000000c   Data   RO         1330    FSymTab             cmd.o
    0x08007b24   0x08007b24   0x0000000c   Data   RO         1331    FSymTab             cmd.o
    0x08007b30   0x08007b30   0x0000000c   Data   RO         1332    FSymTab             cmd.o
    0x08007b3c   0x08007b3c   0x0000000c   Data   RO         1333    FSymTab             cmd.o
    0x08007b48   0x08007b48   0x0000000c   Data   RO         1334    FSymTab             cmd.o
    0x08007b54   0x08007b54   0x0000000c   Data   RO         1358    FSymTab             msh.o
    0x08007b60   0x08007b60   0x0000000c   Data   RO         1359    FSymTab             msh.o
    0x08007b6c   0x08007b6c   0x0000000c   Data   RO         1360    FSymTab             msh.o
    0x08007b78   0x08007b78   0x00000020   Data   RO         1740    Region$$Table       anon$$obj.o


    Execution Region RW_IRAM1 (Exec base: 0x20000000, Load base: 0x08007b98, Size: 0x00004580, Max: 0x00005000, ABSOLUTE)

    Exec Addr    Load Addr    Size         Type   Attr      Idx    E Section Name        Object

    0x20000000   0x08007b98   0x00000004   Data   RW         1708    .data               mc_w.l(stdout.o)
    0x20000004   0x08007b9c   0x00000008   Data   RW          189    .data..L_MergedGlobals  stm32f1xx_hal.o
    0x2000000c   0x08007ba4   0x00000004   Data   RW          914    .data.SystemCoreClock  system_stm32f1xx.o
    0x20000010   0x08007ba8   0x00000030   Data   RW         1154    .data.rt_object_container  object.o
    0x20000040        -       0x00000018   Zero   RW           19    .bss..L_MergedGlobals  sr04.o
    0x20000058        -       0x00000038   Zero   RW         1121    .bss..L_MergedGlobals  mem.o
    0x20000090        -       0x00000014   Zero   RW         1180    .bss..L_MergedGlobals  scheduler.o
    0x200000a4        -       0x0000000c   Zero   RW         1254    .bss..L_MergedGlobals  timer.o
    0x200000b0        -       0x00000018   Zero   RW         1392    .bss..L_MergedGlobals  shell.o
    0x200000c8        -       0x00000048   Zero   RW         1302    .bss.UartHandle     board.o
    0x20000110        -       0x00000081   Zero   RW         1389    .bss.finsh_get_prompt.finsh_prompt  shell.o
    0x20000191   0x08007bd8   0x00000003   PAD
    0x20000194        -       0x00000048   Zero   RW           67    .bss.htim2          tim.o
    0x200001dc        -       0x00000048   Zero   RW           68    .bss.htim3          tim.o
    0x20000224        -       0x00000048   Zero   RW           85    .bss.huart1         usart.o
    0x2000026c        -       0x00000078   Zero   RW          990    .bss.idle           idle.o
    0x200002e4        -       0x00000004   Zero   RW         1273    .bss.rt_exception_hook  cpuport.o
    0x200002e8        -       0x00003c00   Zero   RW         1300    .bss.rt_heap        board.o
    0x20003ee8        -       0x00000004   Zero   RW         1275    .bss.rt_interrupt_from_thread  cpuport.o
    0x20003eec        -       0x00000001   Zero   RW         1030    .bss.rt_interrupt_nest  irq.o
    0x20003eed   0x08007bd8   0x00000003   PAD
    0x20003ef0        -       0x00000004   Zero   RW         1276    .bss.rt_interrupt_to_thread  cpuport.o
    0x20003ef4        -       0x00000080   Zero   RW         1095    .bss.rt_kprintf.rt_log_buf  kservice.o
    0x20003f74        -       0x00000100   Zero   RW         1179    .bss.rt_thread_priority_table  scheduler.o
    0x20004074        -       0x00000100   Zero   RW          991    .bss.rt_thread_stack  idle.o
    0x20004174        -       0x00000004   Zero   RW         1277    .bss.rt_thread_switch_interrupt_flag  cpuport.o
    0x20004178        -       0x00000004   Zero   RW          939    .bss.rt_tick        clock.o
    0x2000417c        -       0x00000004   Zero   RW          188    .bss.uwTick         stm32f1xx_hal.o
    0x20004180        -       0x00000400   Zero   RW            1    STACK               startup_stm32f103xb.o


==============================================================================

Image component sizes


      Code (inc. data)   RO Data    RW Data    ZI Data      Debug   Object Name

       294          0          4          0      15432       4850   board.o
       116          0          0          0          4       2738   clock.o
      2750        420        613          0          0      13387   cmd.o
       194          0         21          0          0       3688   components.o
       244         28          0          0          0        844   context_rvds.o
      1128        168        429          0         16       3623   cpuport.o
       122          0          0          0          0       1543   gpio.o
       142          8          0          0        376       3423   idle.o
       366          0          0          0          0       7079   ipc.o
        56          0          0          0          1       1213   irq.o
      4338        424        263          0        128      26885   kservice.o
       652        140         60          0          0       4838   main.o
      1066        216         51          0         56       5998   mem.o
      1600         64        200          0          0       7192   msh.o
       368          0          0         48          0       7696   object.o
       806          0          0          0        276       6165   scheduler.o
      1364        218          9          0        153       6513   shell.o
       442         68          0          0         24       5859   sr04.o
        36          8        236          0       1024        804   startup_stm32f103xb.o
       122          0          0          8          4       5770   stm32f1xx_hal.o
       194          0          0          0          0       8496   stm32f1xx_hal_cortex.o
       540         22          0          0          0       4637   stm32f1xx_hal_gpio.o
        66          0          0          0          0       1225   stm32f1xx_hal_msp.o
      1482          0         18          0          0       7679   stm32f1xx_hal_rcc.o
      3134         16         32          0          0      55163   stm32f1xx_hal_tim.o
       126          0          0          0          0      20754   stm32f1xx_hal_tim_ex.o
       836          0          0          0          0      32576   stm32f1xx_hal_uart.o
        34          0          0          0          0       4005   stm32f1xx_it.o
       114          0         24          4          0       1650   system_stm32f1xx.o
       954          0          0          0          0      10417   thread.o
       608          0          0          0        144       7445   tim.o
       822          8          0          0         12       9031   timer.o
       214          0          0          0         72       4860   usart.o

    ----------------------------------------------------------------------
     25468       1808       1996         60      17728     288046   Object Totals
         0          0         32          0          0          0   (incl. Generated)
       138          0          4          0          6          0   (incl. Padding)

    ----------------------------------------------------------------------

      Code (inc. data)   RO Data    RW Data    ZI Data      Debug   Library Member Name

         0          0          0          0          0          0   entry.o
         0          0          0          0          0          0   entry10a.o
         0          0          0          0          0          0   entry11a.o
         8          4          0          0          0          0   entry2.o
         4          0          0          0          0          0   entry5.o
         0          0          0          0          0          0   entry7b.o
         0          0          0          0          0          0   entry8b.o
         8          4          0          0          0          0   entry9a.o
        30          0          0          0          0          0   handlers.o
        36          8          0          0          0         68   init.o
         0          0          0          0          0          0   iusefp.o
        30          0          0          0          0         68   llshl.o
        36          0          0          0          0         68   llsshr.o
        32          0          0          0          0         68   llushr.o
        36          0          0          0          0        108   memseta.o
      2258         90          0          0          0        452   printfa.o
        36          6          0          0          0         80   puts.o
         0          0          0          4          0          0   stdout.o
        14          0          0          0          0         68   strlen.o
        30          0          0          0          0         80   strncmp.o
        24          0          0          0          0         76   strncpy.o
        44          0          0          0          0         80   uidiv.o
        98          0          0          0          0         92   uldiv.o
        48          0          0          0          0         68   cdrcmple.o
        56          0          0          0          0         88   d2f.o
       334          0          0          0          0        148   dadd.o
       222          0          0          0          0        100   ddiv.o
       186          0          0          0          0        176   depilogue.o
        48          0          0          0          0         68   dfixul.o
        26          0          0          0          0         76   dfltui.o
       228          0          0          0          0         96   dmul.o
        38          0          0          0          0         68   f2d.o
       110          0          0          0          0        168   fepilogue.o
        50          0          0          0          0         68   ffixi.o
       100          0          0          0          0         76   fmul.o

    ----------------------------------------------------------------------
      4176        112          0          4          0       2508   Library Totals
         6          0          0          0          0          0   (incl. Padding)

    ----------------------------------------------------------------------

      Code (inc. data)   RO Data    RW Data    ZI Data      Debug   Library Name

      2724        112          0          4          0       1308   mc_w.l
      1446          0          0          0          0       1200   mf_w.l

    ----------------------------------------------------------------------
      4176        112          0          4          0       2508   Library Totals

    ----------------------------------------------------------------------

==============================================================================


      Code (inc. data)   RO Data    RW Data    ZI Data      Debug   

     29644       1920       1996         64      17728     288754   Grand Totals
     29644       1920       1996         64      17728     288754   ELF Image Totals
     29644       1920       1996         64          0          0   ROM Totals

==============================================================================

    Total RO  Size (Code + RO Data)                31640 (  30.90kB)
    Total RW  Size (RW Data + ZI Data)             17792 (  17.38kB)
    Total ROM Size (Code + RO Data + RW Data)      31704 (  30.96kB)

==============================================================================

